Archive member included to satisfy reference by file (symbol)

/usr/local/Cellar/arm-none-eabi-gcc/10.3-2021.07/gcc/bin/../lib/gcc/arm-none-eabi/10.3.1/../../../../arm-none-eabi/lib/thumb/v7e-m+fp/hard/libc_nano.a(lib_a-ctype_.o)
                              _build/nrf52840_xxaa/nrf_log_str_formatter.c.o (_ctype_)
/usr/local/Cellar/arm-none-eabi-gcc/10.3-2021.07/gcc/bin/../lib/gcc/arm-none-eabi/10.3.1/../../../../arm-none-eabi/lib/thumb/v7e-m+fp/hard/libc_nano.a(lib_a-exit.o)
                              /usr/local/Cellar/arm-none-eabi-gcc/10.3-2021.07/gcc/bin/../lib/gcc/arm-none-eabi/10.3.1/../../../../arm-none-eabi/lib/thumb/v7e-m+fp/hard/crt0.o (exit)
/usr/local/Cellar/arm-none-eabi-gcc/10.3-2021.07/gcc/bin/../lib/gcc/arm-none-eabi/10.3.1/../../../../arm-none-eabi/lib/thumb/v7e-m+fp/hard/libc_nano.a(lib_a-impure.o)
                              /usr/local/Cellar/arm-none-eabi-gcc/10.3-2021.07/gcc/bin/../lib/gcc/arm-none-eabi/10.3.1/../../../../arm-none-eabi/lib/thumb/v7e-m+fp/hard/libc_nano.a(lib_a-exit.o) (_global_impure_ptr)
/usr/local/Cellar/arm-none-eabi-gcc/10.3-2021.07/gcc/bin/../lib/gcc/arm-none-eabi/10.3.1/../../../../arm-none-eabi/lib/thumb/v7e-m+fp/hard/libc_nano.a(lib_a-init.o)
                              /usr/local/Cellar/arm-none-eabi-gcc/10.3-2021.07/gcc/bin/../lib/gcc/arm-none-eabi/10.3.1/../../../../arm-none-eabi/lib/thumb/v7e-m+fp/hard/crt0.o (__libc_init_array)
/usr/local/Cellar/arm-none-eabi-gcc/10.3-2021.07/gcc/bin/../lib/gcc/arm-none-eabi/10.3.1/../../../../arm-none-eabi/lib/thumb/v7e-m+fp/hard/libc_nano.a(lib_a-memcmp.o)
                              _build/nrf52840_xxaa/ble_advdata.c.o (memcmp)
/usr/local/Cellar/arm-none-eabi-gcc/10.3-2021.07/gcc/bin/../lib/gcc/arm-none-eabi/10.3.1/../../../../arm-none-eabi/lib/thumb/v7e-m+fp/hard/libc_nano.a(lib_a-memcpy-stub.o)
                              _build/nrf52840_xxaa/nrf_log_frontend.c.o (memcpy)
/usr/local/Cellar/arm-none-eabi-gcc/10.3-2021.07/gcc/bin/../lib/gcc/arm-none-eabi/10.3.1/../../../../arm-none-eabi/lib/thumb/v7e-m+fp/hard/libc_nano.a(lib_a-memset.o)
                              /usr/local/Cellar/arm-none-eabi-gcc/10.3-2021.07/gcc/bin/../lib/gcc/arm-none-eabi/10.3.1/../../../../arm-none-eabi/lib/thumb/v7e-m+fp/hard/crt0.o (memset)
/usr/local/Cellar/arm-none-eabi-gcc/10.3-2021.07/gcc/bin/../lib/gcc/arm-none-eabi/10.3.1/../../../../arm-none-eabi/lib/thumb/v7e-m+fp/hard/libc_nano.a(lib_a-strcmp.o)
                              _build/nrf52840_xxaa/cli.c.o (strcmp)
/usr/local/Cellar/arm-none-eabi-gcc/10.3-2021.07/gcc/bin/../lib/gcc/arm-none-eabi/10.3.1/../../../../arm-none-eabi/lib/thumb/v7e-m+fp/hard/libc_nano.a(lib_a-strcpy.o)
                              _build/nrf52840_xxaa/SEGGER_RTT.c.o (strcpy)
/usr/local/Cellar/arm-none-eabi-gcc/10.3-2021.07/gcc/bin/../lib/gcc/arm-none-eabi/10.3.1/../../../../arm-none-eabi/lib/thumb/v7e-m+fp/hard/libc_nano.a(lib_a-strlen.o)
                              _build/nrf52840_xxaa/nrf_log_frontend.c.o (strlen)
/usr/local/Cellar/arm-none-eabi-gcc/10.3-2021.07/gcc/bin/../lib/gcc/arm-none-eabi/10.3.1/../../../../arm-none-eabi/lib/thumb/v7e-m+fp/hard/libc_nano.a(lib_a-strtol.o)
                              _build/nrf52840_xxaa/cli.c.o (strtol)
/usr/local/Cellar/arm-none-eabi-gcc/10.3-2021.07/gcc/bin/../lib/gcc/arm-none-eabi/10.3.1/../../../../arm-none-eabi/lib/thumb/v7e-m+fp/hard/libc_nano.a(lib_a-errno.o)
                              /usr/local/Cellar/arm-none-eabi-gcc/10.3-2021.07/gcc/bin/../lib/gcc/arm-none-eabi/10.3.1/../../../../arm-none-eabi/lib/thumb/v7e-m+fp/hard/libc_nano.a(lib_a-strtol.o) (__errno)
/usr/local/Cellar/arm-none-eabi-gcc/10.3-2021.07/gcc/bin/../lib/gcc/arm-none-eabi/10.3.1/../../../../arm-none-eabi/lib/thumb/v7e-m+fp/hard/libnosys.a(_exit.o)
                              /usr/local/Cellar/arm-none-eabi-gcc/10.3-2021.07/gcc/bin/../lib/gcc/arm-none-eabi/10.3.1/../../../../arm-none-eabi/lib/thumb/v7e-m+fp/hard/libc_nano.a(lib_a-exit.o) (_exit)

Discarded input sections

 .text          0x0000000000000000        0x0 /usr/local/Cellar/arm-none-eabi-gcc/10.3-2021.07/gcc/bin/../lib/gcc/arm-none-eabi/10.3.1/thumb/v7e-m+fp/hard/crti.o
 .data          0x0000000000000000        0x0 /usr/local/Cellar/arm-none-eabi-gcc/10.3-2021.07/gcc/bin/../lib/gcc/arm-none-eabi/10.3.1/thumb/v7e-m+fp/hard/crti.o
 .bss           0x0000000000000000        0x0 /usr/local/Cellar/arm-none-eabi-gcc/10.3-2021.07/gcc/bin/../lib/gcc/arm-none-eabi/10.3.1/thumb/v7e-m+fp/hard/crti.o
 .data          0x0000000000000000        0x4 /usr/local/Cellar/arm-none-eabi-gcc/10.3-2021.07/gcc/bin/../lib/gcc/arm-none-eabi/10.3.1/thumb/v7e-m+fp/hard/crtbegin.o
 .rodata        0x0000000000000000       0x24 /usr/local/Cellar/arm-none-eabi-gcc/10.3-2021.07/gcc/bin/../lib/gcc/arm-none-eabi/10.3.1/thumb/v7e-m+fp/hard/crtbegin.o
 .data          0x0000000000000000        0x0 /usr/local/Cellar/arm-none-eabi-gcc/10.3-2021.07/gcc/bin/../lib/gcc/arm-none-eabi/10.3.1/../../../../arm-none-eabi/lib/thumb/v7e-m+fp/hard/crt0.o
[...]
Memory Configuration

Name             Origin             Length             Attributes
FLASH            0x0000000000027000 0x00000000000d9000 xr
RAM              0x0000000020002310 0x000000000003dcf0 xrw
*default*        0x0000000000000000 0xffffffffffffffff

Linker script and memory map


.text           0x0000000000027000     0x95a4
 *(.isr_vector)
 .isr_vector    0x0000000000027000      0x200 _build/nrf52840_xxaa/gcc_startup_nrf52840.S.o
                0x0000000000027000                __isr_vector
 *(.text*)
 .text          0x0000000000027200       0x40 /usr/local/Cellar/arm-none-eabi-gcc/10.3-2021.07/gcc/bin/../lib/gcc/arm-none-eabi/10.3.1/thumb/v7e-m+fp/hard/crtbegin.o
 .text          0x0000000000027240       0x7c /usr/local/Cellar/arm-none-eabi-gcc/10.3-2021.07/gcc/bin/../lib/gcc/arm-none-eabi/10.3.1/../../../../arm-none-eabi/lib/thumb/v7e-m+fp/hard/crt0.o
                0x0000000000027240                _stack_init
                0x0000000000027248                _mainCRTStartup
                0x0000000000027248                _start
 .text          0x00000000000272bc       0x3c _build/nrf52840_xxaa/gcc_startup_nrf52840.S.o
                0x00000000000272bc                Reset_Handler
                0x00000000000272e4                NMI_Handler
                0x00000000000272e6                HardFault_Handler
                0x00000000000272e8                MemoryManagement_Handler
                0x00000000000272ea                BusFault_Handler
                0x00000000000272ec                UsageFault_Handler
                0x00000000000272ee                SVC_Handler
                0x00000000000272f0                DebugMon_Handler
                0x00000000000272f2                PendSV_Handler
                0x00000000000272f4                SysTick_Handler
                0x00000000000272f6                FPU_IRQHandler
                0x00000000000272f6                USBD_IRQHandler
                0x00000000000272f6                SPIM0_SPIS0_TWIM0_TWIS0_SPI0_TWI0_IRQHandler
                0x00000000000272f6                TIMER4_IRQHandler
                0x00000000000272f6                CRYPTOCELL_IRQHandler
                0x00000000000272f6                I2S_IRQHandler
                0x00000000000272f6                SWI4_EGU4_IRQHandler
                0x00000000000272f6                TIMER0_IRQHandler
                0x00000000000272f6                UARTE1_IRQHandler
                0x00000000000272f6                TIMER1_IRQHandler
                0x00000000000272f6                SPIM3_IRQHandler
                0x00000000000272f6                PWM2_IRQHandler
                0x00000000000272f6                ECB_IRQHandler
                0x00000000000272f6                SPIM1_SPIS1_TWIM1_TWIS1_SPI1_TWI1_IRQHandler
                0x00000000000272f6                Default_Handler
                0x00000000000272f6                SAADC_IRQHandler
                0x00000000000272f6                CCM_AAR_IRQHandler
                0x00000000000272f6                WDT_IRQHandler
                0x00000000000272f6                SWI5_EGU5_IRQHandler
                0x00000000000272f6                RNG_IRQHandler
                0x00000000000272f6                RTC2_IRQHandler
                0x00000000000272f6                PWM0_IRQHandler
                0x00000000000272f6                SWI3_EGU3_IRQHandler
                0x00000000000272f6                SWI1_EGU1_IRQHandler
                0x00000000000272f6                SPIM2_SPIS2_SPI2_IRQHandler
                0x00000000000272f6                NFCT_IRQHandler
                0x00000000000272f6                MWU_IRQHandler
                0x00000000000272f6                QSPI_IRQHandler
                0x00000000000272f6                TIMER2_IRQHandler
                0x00000000000272f6                COMP_LPCOMP_IRQHandler
                0x00000000000272f6                RTC0_IRQHandler
                0x00000000000272f6                SWI0_EGU0_IRQHandler
                0x00000000000272f6                PWM1_IRQHandler
                0x00000000000272f6                RADIO_IRQHandler
                0x00000000000272f6                PDM_IRQHandler
                0x00000000000272f6                TEMP_IRQHandler
                0x00000000000272f6                QDEC_IRQHandler
                0x00000000000272f6                TIMER3_IRQHandler
                0x00000000000272f6                PWM3_IRQHandler
 .text.nrf_log_backend_rtt_flush
                0x00000000000272f8        0x4 _build/nrf52840_xxaa/nrf_log_backend_rtt.c.o
 .text.nrf_log_backend_rtt_put
                0x00000000000272fc       0x20 _build/nrf52840_xxaa/nrf_log_backend_rtt.c.o
 .text.serial_tx
                0x000000000002731c       0x54 _build/nrf52840_xxaa/nrf_log_backend_rtt.c.o
 .text.nrf_log_backend_rtt_panic_set
                0x0000000000027370        0x4 _build/nrf52840_xxaa/nrf_log_backend_rtt.c.o
 .text.nrf_log_backend_rtt_init
                0x0000000000027374        0x4 _build/nrf52840_xxaa/nrf_log_backend_rtt.c.o
                0x0000000000027374                nrf_log_backend_rtt_init
 .text.nrf_log_backend_serial_put
                0x0000000000027378       0xd8 _build/nrf52840_xxaa/nrf_log_backend_serial.c.o
                0x0000000000027378                nrf_log_backend_serial_put
 .text.uart_evt_handler
                0x0000000000027450        0xc _build/nrf52840_xxaa/nrf_log_backend_uart.c.o
 .text.nrf_log_backend_uart_flush
                0x000000000002745c        0x4 _build/nrf52840_xxaa/nrf_log_backend_uart.c.o
 .text.nrf_log_backend_uart_put
                0x0000000000027460       0x20 _build/nrf52840_xxaa/nrf_log_backend_uart.c.o
 .text.serial_tx
                0x0000000000027480       0x50 _build/nrf52840_xxaa/nrf_log_backend_uart.c.o
 .text.nrf_log_backend_uart_panic_set
                0x00000000000274d0       0x68 _build/nrf52840_xxaa/nrf_log_backend_uart.c.o
 .text.nrf_log_backend_uart_init
                0x0000000000027538       0x50 _build/nrf52840_xxaa/nrf_log_backend_uart.c.o
                0x0000000000027538                nrf_log_backend_uart_init
 .text.nrf_log_default_backends_init
                0x0000000000027588       0x38 _build/nrf52840_xxaa/nrf_log_default_backends.c.o
                0x0000000000027588                nrf_log_default_backends_init
 .text.nrf_log_init
                0x00000000000275c0       0x28 _build/nrf52840_xxaa/nrf_log_frontend.c.o
                0x00000000000275c0                nrf_log_init
 .text.nrf_log_module_name_get
                0x00000000000275e8       0x48 _build/nrf52840_xxaa/nrf_log_frontend.c.o
                0x00000000000275e8                nrf_log_module_name_get
 .text.nrf_log_color_id_get
                0x0000000000027630       0x2c _build/nrf52840_xxaa/nrf_log_frontend.c.o
                0x0000000000027630                nrf_log_color_id_get
 .text.log_pending_hook
                0x000000000002765c        0x4 _build/nrf52840_xxaa/nrf_log_frontend.c.o
                0x000000000002765c                log_pending_hook
 .text.nrf_log_frontend_dequeue
                0x0000000000027660      0x260 _build/nrf52840_xxaa/nrf_log_frontend.c.o
                0x0000000000027660                nrf_log_frontend_dequeue
 .text.nrf_log_frontend_std_2
                0x00000000000278c0      0x1c8 _build/nrf52840_xxaa/nrf_log_frontend.c.o
                0x00000000000278c0                nrf_log_frontend_std_2
 .text.nrf_log_frontend_std_1
                0x0000000000027a88      0x1bc _build/nrf52840_xxaa/nrf_log_frontend.c.o
                0x0000000000027a88                nrf_log_frontend_std_1
 .text.nrf_log_frontend_std_0
                0x0000000000027c44      0x1ac _build/nrf52840_xxaa/nrf_log_frontend.c.o
                0x0000000000027c44                nrf_log_frontend_std_0
 .text.nrf_log_backend_add
                0x0000000000027df0       0x5c _build/nrf52840_xxaa/nrf_log_frontend.c.o
                0x0000000000027df0                nrf_log_backend_add
 .text.nrf_log_panic
                0x0000000000027e4c       0x28 _build/nrf52840_xxaa/nrf_log_frontend.c.o
                0x0000000000027e4c                nrf_log_panic
 .text.prefix_process
                0x0000000000027e74       0x84 _build/nrf52840_xxaa/nrf_log_str_formatter.c.o
 .text.nrf_log_std_entry_process
                0x0000000000027ef8       0xec _build/nrf52840_xxaa/nrf_log_str_formatter.c.o
                0x0000000000027ef8                nrf_log_std_entry_process
 .text.nrf_log_hexdump_entry_process
                0x0000000000027fe4      0x104 _build/nrf52840_xxaa/nrf_log_str_formatter.c.o
                0x0000000000027fe4                nrf_log_hexdump_entry_process
 .text.gpiote_event_handler
                0x00000000000280e8       0x74 _build/nrf52840_xxaa/app_button.c.o
 .text.detection_delay_timeout_handler
                0x000000000002815c      0x288 _build/nrf52840_xxaa/app_button.c.o
 .text.app_button_init
                0x00000000000283e4       0xb8 _build/nrf52840_xxaa/app_button.c.o
                0x00000000000283e4                app_button_init
 .text.app_button_enable
                0x000000000002849c       0x2c _build/nrf52840_xxaa/app_button.c.o
                0x000000000002849c                app_button_enable
 .text.app_button_disable
                0x00000000000284c8       0x5c _build/nrf52840_xxaa/app_button.c.o
                0x00000000000284c8                app_button_disable
 .text.app_error_handler_bare
                0x0000000000028524       0x20 _build/nrf52840_xxaa/app_error.c.o
                0x0000000000028524                app_error_handler_bare
 .text.app_error_fault_handler
                0x0000000000028544       0x6c _build/nrf52840_xxaa/app_error_weak.c.o
                0x0000000000028544                app_error_fault_handler
 .text.compare_func
                0x00000000000285b0       0x1c _build/nrf52840_xxaa/app_timer2.c.o
 .text.timer_expire.part.0
                0x00000000000285cc       0x88 _build/nrf52840_xxaa/app_timer2.c.o
 .text.rtc_irq  0x0000000000028654      0x2e8 _build/nrf52840_xxaa/app_timer2.c.o
 .text.app_timer_init
                0x000000000002893c       0x6c _build/nrf52840_xxaa/app_timer2.c.o
                0x000000000002893c                app_timer_init
 .text.app_timer_create
                0x00000000000289a8       0x30 _build/nrf52840_xxaa/app_timer2.c.o
                0x00000000000289a8                app_timer_create
 .text.app_timer_start
                0x00000000000289d8       0xb8 _build/nrf52840_xxaa/app_timer2.c.o
                0x00000000000289d8                app_timer_start
 .text.app_timer_stop
                0x0000000000028a90       0x80 _build/nrf52840_xxaa/app_timer2.c.o
                0x0000000000028a90                app_timer_stop
 .text.app_util_critical_region_enter
                0x0000000000028b10       0x4c _build/nrf52840_xxaa/app_util_platform.c.o
                0x0000000000028b10                app_util_critical_region_enter
 .text.app_util_critical_region_exit
                0x0000000000028b5c       0x30 _build/nrf52840_xxaa/app_util_platform.c.o
                0x0000000000028b5c                app_util_critical_region_exit
 .text.drv_rtc_init
                0x0000000000028b8c       0xc8 _build/nrf52840_xxaa/drv_rtc.c.o
                0x0000000000028b8c                drv_rtc_init
 .text.drv_rtc_start
                0x0000000000028c54        0x8 _build/nrf52840_xxaa/drv_rtc.c.o
                0x0000000000028c54                drv_rtc_start
 .text.drv_rtc_stop
                0x0000000000028c5c        0x8 _build/nrf52840_xxaa/drv_rtc.c.o
                0x0000000000028c5c                drv_rtc_stop
 .text.drv_rtc_compare_set
                0x0000000000028c64       0x54 _build/nrf52840_xxaa/drv_rtc.c.o
                0x0000000000028c64                drv_rtc_compare_set
 .text.drv_rtc_windowed_compare_set
                0x0000000000028cb8       0xf8 _build/nrf52840_xxaa/drv_rtc.c.o
                0x0000000000028cb8                drv_rtc_windowed_compare_set
 .text.drv_rtc_overflow_enable
                0x0000000000028db0       0x14 _build/nrf52840_xxaa/drv_rtc.c.o
                0x0000000000028db0                drv_rtc_overflow_enable
 .text.drv_rtc_overflow_pending
                0x0000000000028dc4       0x20 _build/nrf52840_xxaa/drv_rtc.c.o
                0x0000000000028dc4                drv_rtc_overflow_pending
 .text.drv_rtc_compare_disable
                0x0000000000028de4       0x18 _build/nrf52840_xxaa/drv_rtc.c.o
                0x0000000000028de4                drv_rtc_compare_disable
 .text.drv_rtc_compare_pending
                0x0000000000028dfc       0x20 _build/nrf52840_xxaa/drv_rtc.c.o
                0x0000000000028dfc                drv_rtc_compare_pending
 .text.drv_rtc_counter_get
                0x0000000000028e1c        0x8 _build/nrf52840_xxaa/drv_rtc.c.o
                0x0000000000028e1c                drv_rtc_counter_get
 .text.drv_rtc_irq_trigger
                0x0000000000028e24       0x24 _build/nrf52840_xxaa/drv_rtc.c.o
                0x0000000000028e24                drv_rtc_irq_trigger
 .text.RTC1_IRQHandler
                0x0000000000028e48       0x14 _build/nrf52840_xxaa/drv_rtc.c.o
                0x0000000000028e48                RTC1_IRQHandler
 .text.nrf_atfifo_init
                0x0000000000028e5c       0x30 _build/nrf52840_xxaa/nrf_atfifo.c.o
                0x0000000000028e5c                nrf_atfifo_init
 .text.nrf_atfifo_item_alloc
                0x0000000000028e8c       0x64 _build/nrf52840_xxaa/nrf_atfifo.c.o
                0x0000000000028e8c                nrf_atfifo_item_alloc
 .text.nrf_atfifo_item_put
                0x0000000000028ef0       0x20 _build/nrf52840_xxaa/nrf_atfifo.c.o
                0x0000000000028ef0                nrf_atfifo_item_put
 .text.nrf_atfifo_item_get
                0x0000000000028f10       0x64 _build/nrf52840_xxaa/nrf_atfifo.c.o
                0x0000000000028f10                nrf_atfifo_item_get
 .text.nrf_atfifo_item_free
                0x0000000000028f74       0x20 _build/nrf52840_xxaa/nrf_atfifo.c.o
                0x0000000000028f74                nrf_atfifo_item_free
 .text.nrf_atflags_set
                0x0000000000028f94       0x18 _build/nrf52840_xxaa/nrf_atflags.c.o
                0x0000000000028f94                nrf_atflags_set
 .text.nrf_atflags_clear
                0x0000000000028fac       0x18 _build/nrf52840_xxaa/nrf_atflags.c.o
                0x0000000000028fac                nrf_atflags_clear
 .text.nrf_atflags_get
                0x0000000000028fc4       0x14 _build/nrf52840_xxaa/nrf_atflags.c.o
                0x0000000000028fc4                nrf_atflags_get
 .text.nrf_atomic_u32_fetch_store
                0x0000000000028fd8       0x14 _build/nrf52840_xxaa/nrf_atomic.c.o
                0x0000000000028fd8                nrf_atomic_u32_fetch_store
 .text.nrf_atomic_u32_or
                0x0000000000028fec       0x18 _build/nrf52840_xxaa/nrf_atomic.c.o
                0x0000000000028fec                nrf_atomic_u32_or
 .text.nrf_atomic_u32_and
                0x0000000000029004       0x18 _build/nrf52840_xxaa/nrf_atomic.c.o
                0x0000000000029004                nrf_atomic_u32_and
 .text.nrf_atomic_u32_add
                0x000000000002901c       0x18 _build/nrf52840_xxaa/nrf_atomic.c.o
                0x000000000002901c                nrf_atomic_u32_add
 .text.nrf_atomic_u32_sub
                0x0000000000029034       0x18 _build/nrf52840_xxaa/nrf_atomic.c.o
                0x0000000000029034                nrf_atomic_u32_sub
 .text.nrf_atomic_flag_set
                0x000000000002904c       0x18 _build/nrf52840_xxaa/nrf_atomic.c.o
                0x000000000002904c                nrf_atomic_flag_set
 .text.nrf_atomic_flag_clear_fetch
                0x0000000000029064       0x18 _build/nrf52840_xxaa/nrf_atomic.c.o
                0x0000000000029064                nrf_atomic_flag_clear_fetch
 .text.nrf_balloc_init
                0x000000000002907c       0x3c _build/nrf52840_xxaa/nrf_balloc.c.o
                0x000000000002907c                nrf_balloc_init
 .text.nrf_balloc_alloc
                0x00000000000290b8       0x50 _build/nrf52840_xxaa/nrf_balloc.c.o
                0x00000000000290b8                nrf_balloc_alloc
 .text.nrf_balloc_free
                0x0000000000029108       0x38 _build/nrf52840_xxaa/nrf_balloc.c.o
                0x0000000000029108                nrf_balloc_free
 .text.nrf_fprintf_buffer_flush
                0x0000000000029140       0x18 _build/nrf52840_xxaa/nrf_fprintf.c.o
                0x0000000000029140                nrf_fprintf_buffer_flush
 .text.nrf_fprintf
                0x0000000000029158       0x20 _build/nrf52840_xxaa/nrf_fprintf.c.o
                0x0000000000029158                nrf_fprintf
 .text.unsigned_print
                0x0000000000029178      0x160 _build/nrf52840_xxaa/nrf_fprintf_format.c.o
 .text.nrf_fprintf_fmt
                0x00000000000292d8      0x584 _build/nrf52840_xxaa/nrf_fprintf_format.c.o
                0x00000000000292d8                nrf_fprintf_fmt
 .text.nrf_memobj_pool_init
                0x000000000002985c        0x4 _build/nrf52840_xxaa/nrf_memobj.c.o
                0x000000000002985c                nrf_memobj_pool_init
 .text.nrf_memobj_alloc
                0x0000000000029860       0x94 _build/nrf52840_xxaa/nrf_memobj.c.o
                0x0000000000029860                nrf_memobj_alloc
 .text.nrf_memobj_get
                0x00000000000298f4        0x8 _build/nrf52840_xxaa/nrf_memobj.c.o
                0x00000000000298f4                nrf_memobj_get
 .text.nrf_memobj_put
                0x00000000000298fc       0x58 _build/nrf52840_xxaa/nrf_memobj.c.o
                0x00000000000298fc                nrf_memobj_put
 .text.nrf_memobj_write
                0x0000000000029954       0x68 _build/nrf52840_xxaa/nrf_memobj.c.o
                0x0000000000029954                nrf_memobj_write
 .text.nrf_memobj_read
                0x00000000000299bc       0x68 _build/nrf52840_xxaa/nrf_memobj.c.o
                0x00000000000299bc                nrf_memobj_read
 .text.sd_power_system_off
                0x0000000000029a24        0x4 _build/nrf52840_xxaa/nrf_pwr_mgmt.c.o
 .text.sd_app_evt_wait
                0x0000000000029a28        0x4 _build/nrf52840_xxaa/nrf_pwr_mgmt.c.o
 .text.nrf_pwr_mgmt_init
                0x0000000000029a2c       0x2c _build/nrf52840_xxaa/nrf_pwr_mgmt.c.o
                0x0000000000029a2c                nrf_pwr_mgmt_init
 .text.nrf_pwr_mgmt_run
                0x0000000000029a58       0x54 _build/nrf52840_xxaa/nrf_pwr_mgmt.c.o
                0x0000000000029a58                nrf_pwr_mgmt_run
 .text.nrf_pwr_mgmt_shutdown
                0x0000000000029aac       0xbc _build/nrf52840_xxaa/nrf_pwr_mgmt.c.o
                0x0000000000029aac                nrf_pwr_mgmt_shutdown
 .text.nrf_ringbuf_init
                0x0000000000029b68       0x1c _build/nrf52840_xxaa/nrf_ringbuf.c.o
                0x0000000000029b68                nrf_ringbuf_init
 .text.nrf_section_iter_init
                0x0000000000029b84       0x14 _build/nrf52840_xxaa/nrf_section_iter.c.o
                0x0000000000029b84                nrf_section_iter_init
 .text.nrf_section_iter_next
                0x0000000000029b98       0x18 _build/nrf52840_xxaa/nrf_section_iter.c.o
                0x0000000000029b98                nrf_section_iter_next
 .text.nrf_sortlist_add
                0x0000000000029bb0       0x28 _build/nrf52840_xxaa/nrf_sortlist.c.o
                0x0000000000029bb0                nrf_sortlist_add
 .text.nrf_sortlist_pop
                0x0000000000029bd8        0xc _build/nrf52840_xxaa/nrf_sortlist.c.o
                0x0000000000029bd8                nrf_sortlist_pop
 .text.nrf_sortlist_peek
                0x0000000000029be4        0x8 _build/nrf52840_xxaa/nrf_sortlist.c.o
                0x0000000000029be4                nrf_sortlist_peek
 .text.nrf_sortlist_remove
                0x0000000000029bec       0x1c _build/nrf52840_xxaa/nrf_sortlist.c.o
                0x0000000000029bec                nrf_sortlist_remove
 .text.nrf_strerror_get
                0x0000000000029c08       0x4c _build/nrf52840_xxaa/nrf_strerror.c.o
                0x0000000000029c08                nrf_strerror_get
 .text.SystemInit
                0x0000000000029c54      0x25c _build/nrf52840_xxaa/system_nrf52840.c.o
                0x0000000000029c54                SystemInit
 .text.bsp_board_led_on
                0x0000000000029eb0       0x24 _build/nrf52840_xxaa/boards.c.o
                0x0000000000029eb0                bsp_board_led_on
 .text.bsp_board_led_off
                0x0000000000029ed4       0x24 _build/nrf52840_xxaa/boards.c.o
                0x0000000000029ed4                bsp_board_led_off
 .text.bsp_board_init
                0x0000000000029ef8       0x60 _build/nrf52840_xxaa/boards.c.o
                0x0000000000029ef8                bsp_board_init
 .text.clock_irq_handler
                0x0000000000029f58       0x44 _build/nrf52840_xxaa/nrf_drv_clock.c.o
 .text.soc_evt_handler
                0x0000000000029f9c       0x28 _build/nrf52840_xxaa/nrf_drv_clock.c.o
 .text.sd_state_evt_handler
                0x0000000000029fc4       0xc8 _build/nrf52840_xxaa/nrf_drv_clock.c.o
 .text.uarte_evt_handler
                0x000000000002a08c       0x34 _build/nrf52840_xxaa/nrf_drv_uart.c.o
 .text.uart_evt_handler
                0x000000000002a0c0       0x34 _build/nrf52840_xxaa/nrf_drv_uart.c.o
 .text.nrf_drv_uart_init
                0x000000000002a0f4       0x78 _build/nrf52840_xxaa/nrf_drv_uart.c.o
                0x000000000002a0f4                nrf_drv_uart_init
 .text.nrfx_clock_init
                0x000000000002a16c       0x18 _build/nrf52840_xxaa/nrfx_clock.c.o
                0x000000000002a16c                nrfx_clock_init
 .text.nrfx_clock_enable
                0x000000000002a184       0x24 _build/nrf52840_xxaa/nrfx_clock.c.o
                0x000000000002a184                nrfx_clock_enable
 .text.nrfx_clock_lfclk_stop
                0x000000000002a1a8       0x2c _build/nrf52840_xxaa/nrfx_clock.c.o
                0x000000000002a1a8                nrfx_clock_lfclk_stop
 .text.POWER_CLOCK_IRQHandler
                0x000000000002a1d4       0x70 _build/nrf52840_xxaa/nrfx_clock.c.o
                0x000000000002a1d4                POWER_CLOCK_IRQHandler
 .text.nrfx_gpiote_init
                0x000000000002a244       0xb4 _build/nrf52840_xxaa/nrfx_gpiote.c.o
                0x000000000002a244                nrfx_gpiote_init
 .text.nrfx_gpiote_is_init
                0x000000000002a2f8       0x14 _build/nrf52840_xxaa/nrfx_gpiote.c.o
                0x000000000002a2f8                nrfx_gpiote_is_init
 .text.nrfx_gpiote_in_init
                0x000000000002a30c      0x204 _build/nrf52840_xxaa/nrfx_gpiote.c.o
                0x000000000002a30c                nrfx_gpiote_in_init
 .text.nrfx_gpiote_in_event_enable
                0x000000000002a510       0xe0 _build/nrf52840_xxaa/nrfx_gpiote.c.o
                0x000000000002a510                nrfx_gpiote_in_event_enable
 .text.nrfx_gpiote_in_event_disable
                0x000000000002a5f0       0x74 _build/nrf52840_xxaa/nrfx_gpiote.c.o
                0x000000000002a5f0                nrfx_gpiote_in_event_disable
 .text.nrfx_gpiote_in_is_set
                0x000000000002a664       0x20 _build/nrf52840_xxaa/nrfx_gpiote.c.o
                0x000000000002a664                nrfx_gpiote_in_is_set
 .text.GPIOTE_IRQHandler
                0x000000000002a684      0x510 _build/nrf52840_xxaa/nrfx_gpiote.c.o
                0x000000000002a684                GPIOTE_IRQHandler
 .text.UARTE0_UART0_IRQHandler
                0x000000000002ab94        0xc _build/nrf52840_xxaa/nrfx_prs.c.o
                0x000000000002ab94                UARTE0_UART0_IRQHandler
 .text.nrfx_prs_acquire
                0x000000000002aba0       0x4c _build/nrf52840_xxaa/nrfx_prs.c.o
                0x000000000002aba0                nrfx_prs_acquire
 .text.nrfx_prs_release
                0x000000000002abec       0x18 _build/nrf52840_xxaa/nrfx_prs.c.o
                0x000000000002abec                nrfx_prs_release
 *fill*         0x000000000002ac04        0x4 
 .text.nrfx_uart_0_irq_handler
                0x000000000002ac08      0x1d0 _build/nrf52840_xxaa/nrfx_uart.c.o
                0x000000000002ac08                nrfx_uart_0_irq_handler
 .text.nrfx_uart_init
                0x000000000002add8      0x1ec _build/nrf52840_xxaa/nrfx_uart.c.o
                0x000000000002add8                nrfx_uart_init
 .text.nrfx_uart_uninit
                0x000000000002afc4      0x10c _build/nrf52840_xxaa/nrfx_uart.c.o
                0x000000000002afc4                nrfx_uart_uninit
 .text.nrfx_uart_tx
                0x000000000002b0d0       0xd8 _build/nrf52840_xxaa/nrfx_uart.c.o
                0x000000000002b0d0                nrfx_uart_tx
 .text.nrfx_uarte_0_irq_handler
                0x000000000002b1a8      0x178 _build/nrf52840_xxaa/nrfx_uarte.c.o
                0x000000000002b1a8                nrfx_uarte_0_irq_handler
 .text.nrfx_uarte_init
                0x000000000002b320      0x21c _build/nrf52840_xxaa/nrfx_uarte.c.o
                0x000000000002b320                nrfx_uarte_init
 .text.nrfx_uarte_uninit
                0x000000000002b53c      0x170 _build/nrf52840_xxaa/nrfx_uarte.c.o
                0x000000000002b53c                nrfx_uarte_uninit
 .text.nrfx_uarte_tx
                0x000000000002b6ac       0xb0 _build/nrf52840_xxaa/nrfx_uarte.c.o
                0x000000000002b6ac                nrfx_uarte_tx
 .text.sd_ble_gap_adv_set_configure
                0x000000000002b75c        0x4 _build/nrf52840_xxaa/main.c.o
 .text.sd_ble_gap_adv_start
                0x000000000002b760        0x4 _build/nrf52840_xxaa/main.c.o
 .text.sd_ble_gap_disconnect
                0x000000000002b764        0x4 _build/nrf52840_xxaa/main.c.o
 .text.sd_ble_gap_ppcp_set
                0x000000000002b768        0x4 _build/nrf52840_xxaa/main.c.o
 .text.sd_ble_gap_device_name_set
                0x000000000002b76c        0x4 _build/nrf52840_xxaa/main.c.o
 .text.sd_ble_gap_sec_params_reply
                0x000000000002b770        0x4 _build/nrf52840_xxaa/main.c.o
 .text.sd_ble_gap_phy_update
                0x000000000002b774        0x4 _build/nrf52840_xxaa/main.c.o
 .text.sd_ble_gatts_sys_attr_set
                0x000000000002b778        0x4 _build/nrf52840_xxaa/main.c.o
 .text.sd_app_evt_wait
                0x000000000002b77c        0x4 _build/nrf52840_xxaa/main.c.o
 .text.nrf_qwr_error_handler
                0x000000000002b780        0x4 _build/nrf52840_xxaa/main.c.o
 .text.disconnect
                0x000000000002b784       0x3c _build/nrf52840_xxaa/main.c.o
 .text.fds_evt_handler
                0x000000000002b7c0       0xf0 _build/nrf52840_xxaa/main.c.o
 .text.ble_dfu_evt_handler
                0x000000000002b8b0       0xc8 _build/nrf52840_xxaa/main.c.o
 .text.app_shutdown_handler
                0x000000000002b978       0x44 _build/nrf52840_xxaa/main.c.o
 .text.buttonless_dfu_sdh_state_observer
                0x000000000002b9bc       0x18 _build/nrf52840_xxaa/main.c.o
 .text.on_conn_params_evt
                0x000000000002b9d4       0x24 _build/nrf52840_xxaa/main.c.o
 .text.button_event_handler
                0x000000000002b9f8       0x60 _build/nrf52840_xxaa/main.c.o
 .text.led_write_handler
                0x000000000002ba58       0x40 _build/nrf52840_xxaa/main.c.o
 .text.conn_params_error_handler
                0x000000000002ba98        0x4 _build/nrf52840_xxaa/main.c.o
 .text.ble_evt_handler
                0x000000000002ba9c      0x13c _build/nrf52840_xxaa/main.c.o
 .text.fds_err_str
                0x000000000002bbd8       0x10 _build/nrf52840_xxaa/main.c.o
                0x000000000002bbd8                fds_err_str
 .text.delete_all_begin
                0x000000000002bbe8        0xc _build/nrf52840_xxaa/main.c.o
                0x000000000002bbe8                delete_all_begin
 .text.startup.main
                0x000000000002bbf4      0x4e8 _build/nrf52840_xxaa/main.c.o
                0x000000000002bbf4                main
 .text.SEGGER_RTT_WriteNoLock
                0x000000000002c0dc      0x1ac _build/nrf52840_xxaa/SEGGER_RTT.c.o
                0x000000000002c0dc                SEGGER_RTT_WriteNoLock
 .text.SEGGER_RTT_Init
                0x000000000002c288       0x60 _build/nrf52840_xxaa/SEGGER_RTT.c.o
                0x000000000002c288                SEGGER_RTT_Init
 .text.sd_ble_gap_addr_get
                0x000000000002c2e8        0x4 _build/nrf52840_xxaa/ble_advdata.c.o
 .text.sd_ble_gap_appearance_get
                0x000000000002c2ec        0x4 _build/nrf52840_xxaa/ble_advdata.c.o
 .text.sd_ble_gap_device_name_get
                0x000000000002c2f0        0x4 _build/nrf52840_xxaa/ble_advdata.c.o
 .text.sd_ble_uuid_encode
                0x000000000002c2f4        0x4 _build/nrf52840_xxaa/ble_advdata.c.o
 .text.uuid_list_sized_encode
                0x000000000002c2f8       0xe4 _build/nrf52840_xxaa/ble_advdata.c.o
 .text.ble_advdata_encode
                0x000000000002c3dc      0x3f0 _build/nrf52840_xxaa/ble_advdata.c.o
                0x000000000002c3dc                ble_advdata_encode
 .text.ble_advdata_parse
                0x000000000002c7cc       0x4c _build/nrf52840_xxaa/ble_advdata.c.o
                0x000000000002c7cc                ble_advdata_parse
 .text.sd_ble_gap_conn_param_update
                0x000000000002c818        0x4 _build/nrf52840_xxaa/ble_conn_params.c.o
 .text.sd_ble_gap_disconnect
                0x000000000002c81c        0x4 _build/nrf52840_xxaa/ble_conn_params.c.o
 .text.sd_ble_gap_ppcp_set
                0x000000000002c820        0x4 _build/nrf52840_xxaa/ble_conn_params.c.o
 .text.sd_ble_gap_ppcp_get
                0x000000000002c824        0x4 _build/nrf52840_xxaa/ble_conn_params.c.o
 .text.update_timeout_handler
                0x000000000002c828       0x80 _build/nrf52840_xxaa/ble_conn_params.c.o
 .text.ble_evt_handler
                0x000000000002c8a8      0x1cc _build/nrf52840_xxaa/ble_conn_params.c.o
 .text.ble_conn_params_init
                0x000000000002ca74       0x78 _build/nrf52840_xxaa/ble_conn_params.c.o
                0x000000000002ca74                ble_conn_params_init
 .text.ble_evt_handler
                0x000000000002caec      0x160 _build/nrf52840_xxaa/ble_conn_state.c.o
 .text.ble_conn_state_for_each_connected
                0x000000000002cc4c       0x44 _build/nrf52840_xxaa/ble_conn_state.c.o
                0x000000000002cc4c                ble_conn_state_for_each_connected
 .text.sd_ble_gatts_characteristic_add
                0x000000000002cc90        0x4 _build/nrf52840_xxaa/ble_srv_common.c.o
 .text.ble_srv_is_notification_enabled
                0x000000000002cc94        0x8 _build/nrf52840_xxaa/ble_srv_common.c.o
                0x000000000002cc94                ble_srv_is_notification_enabled
 .text.ble_srv_is_indication_enabled
                0x000000000002cc9c        0x8 _build/nrf52840_xxaa/ble_srv_common.c.o
                0x000000000002cc9c                ble_srv_is_indication_enabled
 .text.characteristic_add
                0x000000000002cca4      0x278 _build/nrf52840_xxaa/ble_srv_common.c.o
                0x000000000002cca4                characteristic_add
 .text.sd_ble_gap_data_length_update
                0x000000000002cf1c        0x4 _build/nrf52840_xxaa/nrf_ble_gatt.c.o
 .text.sd_ble_gattc_exchange_mtu_request
                0x000000000002cf20        0x4 _build/nrf52840_xxaa/nrf_ble_gatt.c.o
 .text.sd_ble_gatts_exchange_mtu_reply
                0x000000000002cf24        0x4 _build/nrf52840_xxaa/nrf_ble_gatt.c.o
 .text.data_length_update
                0x000000000002cf28       0x8c _build/nrf52840_xxaa/nrf_ble_gatt.c.o
 .text.nrf_ble_gatt_init
                0x000000000002cfb4       0x28 _build/nrf52840_xxaa/nrf_ble_gatt.c.o
                0x000000000002cfb4                nrf_ble_gatt_init
 .text.nrf_ble_gatt_on_ble_evt
                0x000000000002cfdc      0x1e0 _build/nrf52840_xxaa/nrf_ble_gatt.c.o
                0x000000000002cfdc                nrf_ble_gatt_on_ble_evt
 .text.sd_ble_gatts_rw_authorize_reply
                0x000000000002d1bc        0x4 _build/nrf52840_xxaa/nrf_ble_qwr.c.o
 .text.sd_ble_user_mem_reply
                0x000000000002d1c0        0x4 _build/nrf52840_xxaa/nrf_ble_qwr.c.o
 .text.nrf_ble_qwr_init
                0x000000000002d1c4       0x24 _build/nrf52840_xxaa/nrf_ble_qwr.c.o
                0x000000000002d1c4                nrf_ble_qwr_init
 .text.nrf_ble_qwr_conn_handle_assign
                0x000000000002d1e8       0x18 _build/nrf52840_xxaa/nrf_ble_qwr.c.o
                0x000000000002d1e8                nrf_ble_qwr_conn_handle_assign
 .text.nrf_ble_qwr_on_ble_evt
                0x000000000002d200       0xec _build/nrf52840_xxaa/nrf_ble_qwr.c.o
                0x000000000002d200                nrf_ble_qwr_on_ble_evt
 .text.sd_ble_gatts_service_add
                0x000000000002d2ec        0x4 _build/nrf52840_xxaa/ble_lbs.c.o
 .text.sd_ble_gatts_hvx
                0x000000000002d2f0        0x4 _build/nrf52840_xxaa/ble_lbs.c.o
 .text.sd_ble_uuid_vs_add
                0x000000000002d2f4        0x4 _build/nrf52840_xxaa/ble_lbs.c.o
 .text.ble_lbs_on_ble_evt
                0x000000000002d2f8       0x24 _build/nrf52840_xxaa/ble_lbs.c.o
                0x000000000002d2f8                ble_lbs_on_ble_evt
 .text.ble_lbs_init
                0x000000000002d31c       0xd0 _build/nrf52840_xxaa/ble_lbs.c.o
                0x000000000002d31c                ble_lbs_init
 .text.ble_lbs_on_button_change
                0x000000000002d3ec       0x40 _build/nrf52840_xxaa/ble_lbs.c.o
                0x000000000002d3ec                ble_lbs_on_button_change
 .text.sd_softdevice_enable
                0x000000000002d42c        0x4 _build/nrf52840_xxaa/nrf_sdh.c.o
 .text.nrf_sdh_enable_request
                0x000000000002d430      0x11c _build/nrf52840_xxaa/nrf_sdh.c.o
                0x000000000002d430                nrf_sdh_enable_request
 .text.nrf_sdh_is_enabled
                0x000000000002d54c        0xc _build/nrf52840_xxaa/nrf_sdh.c.o
                0x000000000002d54c                nrf_sdh_is_enabled
 .text.SWI2_EGU2_IRQHandler
                0x000000000002d558       0x2c _build/nrf52840_xxaa/nrf_sdh.c.o
                0x000000000002d558                SWI2_EGU2_IRQHandler
 .text.sd_ble_enable
                0x000000000002d584        0x4 _build/nrf52840_xxaa/nrf_sdh_ble.c.o
 .text.sd_ble_cfg_set
                0x000000000002d588        0x4 _build/nrf52840_xxaa/nrf_sdh_ble.c.o
 .text.sd_ble_evt_get
                0x000000000002d58c        0x4 _build/nrf52840_xxaa/nrf_sdh_ble.c.o
 .text.nrf_sdh_ble_evts_poll
                0x000000000002d590       0x60 _build/nrf52840_xxaa/nrf_sdh_ble.c.o
 .text.nrf_sdh_ble_default_cfg_set
                0x000000000002d5f0      0x17c _build/nrf52840_xxaa/nrf_sdh_ble.c.o
                0x000000000002d5f0                nrf_sdh_ble_default_cfg_set
 .text.nrf_sdh_ble_enable
                0x000000000002d76c       0xa0 _build/nrf52840_xxaa/nrf_sdh_ble.c.o
                0x000000000002d76c                nrf_sdh_ble_enable
 .text.sd_evt_get
                0x000000000002d80c        0x4 _build/nrf52840_xxaa/nrf_sdh_soc.c.o
 .text.nrf_sdh_soc_evts_poll
                0x000000000002d810       0x50 _build/nrf52840_xxaa/nrf_sdh_soc.c.o
 .text.sd_ble_gatts_service_add
                0x000000000002d860        0x4 _build/nrf52840_xxaa/ble_dfu.c.o
 .text.sd_ble_gatts_value_get
                0x000000000002d864        0x4 _build/nrf52840_xxaa/ble_dfu.c.o
 .text.sd_ble_gatts_hvx
                0x000000000002d868        0x4 _build/nrf52840_xxaa/ble_dfu.c.o
 .text.sd_ble_gatts_rw_authorize_reply
                0x000000000002d86c        0x4 _build/nrf52840_xxaa/ble_dfu.c.o
 .text.sd_ble_uuid_vs_add
                0x000000000002d870        0x4 _build/nrf52840_xxaa/ble_dfu.c.o
 .text.sd_power_gpregret_set
                0x000000000002d874        0x4 _build/nrf52840_xxaa/ble_dfu.c.o
 .text.sd_power_gpregret_clr
                0x000000000002d878        0x4 _build/nrf52840_xxaa/ble_dfu.c.o
 .text.dummy_evt_handler
                0x000000000002d87c        0x4 _build/nrf52840_xxaa/ble_dfu.c.o
 .text.ble_dfu_buttonless_on_ble_evt
                0x000000000002d880       0xec _build/nrf52840_xxaa/ble_dfu.c.o
                0x000000000002d880                ble_dfu_buttonless_on_ble_evt
 .text.ble_dfu_buttonless_resp_send
                0x000000000002d96c       0x60 _build/nrf52840_xxaa/ble_dfu.c.o
                0x000000000002d96c                ble_dfu_buttonless_resp_send
 .text.ble_dfu_buttonless_bootloader_start_finalize
                0x000000000002d9cc       0x38 _build/nrf52840_xxaa/ble_dfu.c.o
                0x000000000002d9cc                ble_dfu_buttonless_bootloader_start_finalize
 .text.ble_dfu_buttonless_init
                0x000000000002da04       0x80 _build/nrf52840_xxaa/ble_dfu.c.o
                0x000000000002da04                ble_dfu_buttonless_init
 .text.svci_nrf_dfu_set_adv_name_svci_async_init
                0x000000000002da84        0x8 _build/nrf52840_xxaa/ble_dfu_unbonded.c.o
 .text.ble_dfu_buttonless_on_sys_evt
                0x000000000002da8c       0x64 _build/nrf52840_xxaa/ble_dfu_unbonded.c.o
                0x000000000002da8c                ble_dfu_buttonless_on_sys_evt
 .text.ble_dfu_buttonless_backend_init
                0x000000000002daf0       0x14 _build/nrf52840_xxaa/ble_dfu_unbonded.c.o
                0x000000000002daf0                ble_dfu_buttonless_backend_init
 .text.ble_dfu_buttonless_async_svci_init
                0x000000000002db04       0x20 _build/nrf52840_xxaa/ble_dfu_unbonded.c.o
                0x000000000002db04                ble_dfu_buttonless_async_svci_init
 .text.ble_dfu_buttonless_char_add
                0x000000000002db24       0x50 _build/nrf52840_xxaa/ble_dfu_unbonded.c.o
                0x000000000002db24                ble_dfu_buttonless_char_add
 .text.ble_dfu_buttonless_on_ctrl_pt_write
                0x000000000002db74       0xe4 _build/nrf52840_xxaa/ble_dfu_unbonded.c.o
                0x000000000002db74                ble_dfu_buttonless_on_ctrl_pt_write
 .text.ble_dfu_buttonless_bootloader_start_prepare
                0x000000000002dc58       0x18 _build/nrf52840_xxaa/ble_dfu_unbonded.c.o
                0x000000000002dc58                ble_dfu_buttonless_bootloader_start_prepare
 .text.sd_softdevice_vector_table_base_set
                0x000000000002dc70        0x4 _build/nrf52840_xxaa/nrf_dfu_svci.c.o
 .text.nrf_dfu_svci_vector_table_set
                0x000000000002dc74       0x78 _build/nrf52840_xxaa/nrf_dfu_svci.c.o
                0x000000000002dc74                nrf_dfu_svci_vector_table_set
 .text.nrf_dfu_svci_vector_table_unset
                0x000000000002dcec       0x48 _build/nrf52840_xxaa/nrf_dfu_svci.c.o
                0x000000000002dcec                nrf_dfu_svci_vector_table_unset
 .text.sd_ble_gap_adv_set_configure
                0x000000000002dd34        0x4 _build/nrf52840_xxaa/ble_advertising.c.o
 .text.sd_ble_gap_adv_start
                0x000000000002dd38        0x4 _build/nrf52840_xxaa/ble_advertising.c.o
 .text.ble_advertising_start.part.0
                0x000000000002dd3c      0x2f0 _build/nrf52840_xxaa/ble_advertising.c.o
 .text.ble_advertising_on_ble_evt
                0x000000000002e02c       0x8c _build/nrf52840_xxaa/ble_advertising.c.o
                0x000000000002e02c                ble_advertising_on_ble_evt
 .text.ble_advertising_modes_config_set
                0x000000000002e0b8       0x24 _build/nrf52840_xxaa/ble_advertising.c.o
                0x000000000002e0b8                ble_advertising_modes_config_set
 .text.print_all_cmd
                0x000000000002e0dc       0xc4 _build/nrf52840_xxaa/cli.c.o
 .text.print_cfg_cmd
                0x000000000002e1a0       0xe0 _build/nrf52840_xxaa/cli.c.o
 .text.gc_cmd   0x000000000002e280       0x24 _build/nrf52840_xxaa/cli.c.o
 .text.print_cmd
                0x000000000002e2a4       0x4c _build/nrf52840_xxaa/cli.c.o
 .text.delete_cmd
                0x000000000002e2f0       0xc8 _build/nrf52840_xxaa/cli.c.o
 .text.stat_cmd
                0x000000000002e3b8       0x6c _build/nrf52840_xxaa/cli.c.o
 .text.update_cmd
                0x000000000002e424      0x138 _build/nrf52840_xxaa/cli.c.o
 .text.write_cmd
                0x000000000002e55c       0xe8 _build/nrf52840_xxaa/cli.c.o
 .text.delete_all_cmd
                0x000000000002e644       0x38 _build/nrf52840_xxaa/cli.c.o
 *fill*         0x000000000002e67c        0x4 
 .text.cli_init
                0x000000000002e680       0x50 _build/nrf52840_xxaa/cli.c.o
                0x000000000002e680                cli_init
 .text.cli_start
                0x000000000002e6d0       0x18 _build/nrf52840_xxaa/cli.c.o
                0x000000000002e6d0                cli_start
 .text.cli_process
                0x000000000002e6e8        0xc _build/nrf52840_xxaa/cli.c.o
                0x000000000002e6e8                cli_process
 .text.record_delete_next
                0x000000000002e6f4       0x30 _build/nrf52840_xxaa/cli.c.o
                0x000000000002e6f4                record_delete_next
 .text.exit     0x000000000002e724       0x28 /usr/local/Cellar/arm-none-eabi-gcc/10.3-2021.07/gcc/bin/../lib/gcc/arm-none-eabi/10.3.1/../../../../arm-none-eabi/lib/thumb/v7e-m+fp/hard/libc_nano.a(lib_a-exit.o)
                0x000000000002e724                exit
 .text.__libc_init_array
                0x000000000002e74c       0x48 /usr/local/Cellar/arm-none-eabi-gcc/10.3-2021.07/gcc/bin/../lib/gcc/arm-none-eabi/10.3.1/../../../../arm-none-eabi/lib/thumb/v7e-m+fp/hard/libc_nano.a(lib_a-init.o)
                0x000000000002e74c                __libc_init_array
 .text.memcpy   0x000000000002e794       0x1c /usr/local/Cellar/arm-none-eabi-gcc/10.3-2021.07/gcc/bin/../lib/gcc/arm-none-eabi/10.3.1/../../../../arm-none-eabi/lib/thumb/v7e-m+fp/hard/libc_nano.a(lib_a-memcpy-stub.o)
                0x000000000002e794                memcpy
 .text.memset   0x000000000002e7b0       0x10 /usr/local/Cellar/arm-none-eabi-gcc/10.3-2021.07/gcc/bin/../lib/gcc/arm-none-eabi/10.3.1/../../../../arm-none-eabi/lib/thumb/v7e-m+fp/hard/libc_nano.a(lib_a-memset.o)
                0x000000000002e7b0                memset
 .text          0x000000000002e7c0       0x14 /usr/local/Cellar/arm-none-eabi-gcc/10.3-2021.07/gcc/bin/../lib/gcc/arm-none-eabi/10.3.1/../../../../arm-none-eabi/lib/thumb/v7e-m+fp/hard/libc_nano.a(lib_a-strcmp.o)
                0x000000000002e7c0                strcmp
 .text.strcpy   0x000000000002e7d4       0x10 /usr/local/Cellar/arm-none-eabi-gcc/10.3-2021.07/gcc/bin/../lib/gcc/arm-none-eabi/10.3.1/../../../../arm-none-eabi/lib/thumb/v7e-m+fp/hard/libc_nano.a(lib_a-strcpy.o)
                0x000000000002e7d4                strcpy
 .text          0x000000000002e7e4       0x10 /usr/local/Cellar/arm-none-eabi-gcc/10.3-2021.07/gcc/bin/../lib/gcc/arm-none-eabi/10.3.1/../../../../arm-none-eabi/lib/thumb/v7e-m+fp/hard/libc_nano.a(lib_a-strlen.o)
                0x000000000002e7e4                strlen
 .text._strtol_l.constprop.0
                0x000000000002e7f4      0x104 /usr/local/Cellar/arm-none-eabi-gcc/10.3-2021.07/gcc/bin/../lib/gcc/arm-none-eabi/10.3.1/../../../../arm-none-eabi/lib/thumb/v7e-m+fp/hard/libc_nano.a(lib_a-strtol.o)
 .text.strtol   0x000000000002e8f8       0x14 /usr/local/Cellar/arm-none-eabi-gcc/10.3-2021.07/gcc/bin/../lib/gcc/arm-none-eabi/10.3.1/../../../../arm-none-eabi/lib/thumb/v7e-m+fp/hard/libc_nano.a(lib_a-strtol.o)
                0x000000000002e8f8                strtol
 .text.__errno  0x000000000002e90c        0xc /usr/local/Cellar/arm-none-eabi-gcc/10.3-2021.07/gcc/bin/../lib/gcc/arm-none-eabi/10.3.1/../../../../arm-none-eabi/lib/thumb/v7e-m+fp/hard/libc_nano.a(lib_a-errno.o)
                0x000000000002e90c                __errno
 .text._exit    0x000000000002e918        0x4 /usr/local/Cellar/arm-none-eabi-gcc/10.3-2021.07/gcc/bin/../lib/gcc/arm-none-eabi/10.3.1/../../../../arm-none-eabi/lib/thumb/v7e-m+fp/hard/libnosys.a(_exit.o)
                0x000000000002e918                _exit
 *(.init)
 .init          0x000000000002e91c        0x4 /usr/local/Cellar/arm-none-eabi-gcc/10.3-2021.07/gcc/bin/../lib/gcc/arm-none-eabi/10.3.1/thumb/v7e-m+fp/hard/crti.o
                0x000000000002e91c                _init
 .init          0x000000000002e920        0x8 /usr/local/Cellar/arm-none-eabi-gcc/10.3-2021.07/gcc/bin/../lib/gcc/arm-none-eabi/10.3.1/thumb/v7e-m+fp/hard/crtn.o
 *(.fini)
 .fini          0x000000000002e928        0x4 /usr/local/Cellar/arm-none-eabi-gcc/10.3-2021.07/gcc/bin/../lib/gcc/arm-none-eabi/10.3.1/thumb/v7e-m+fp/hard/crti.o
                0x000000000002e928                _fini
 .fini          0x000000000002e92c        0x8 /usr/local/Cellar/arm-none-eabi-gcc/10.3-2021.07/gcc/bin/../lib/gcc/arm-none-eabi/10.3.1/thumb/v7e-m+fp/hard/crtn.o
 *crtbegin.o(.ctors)
 *crtbegin?.o(.ctors)
 *(EXCLUDE_FILE(*crtend.o *crtend?.o) .ctors)
 *(SORT_BY_NAME(.ctors.*))
 *(.ctors)
 *crtbegin.o(.dtors)
 *crtbegin?.o(.dtors)
 *(EXCLUDE_FILE(*crtend.o *crtend?.o) .dtors)
 *(SORT_BY_NAME(.dtors.*))
 *(.dtors)
 *(.rodata*)
 *fill*         0x000000000002e934        0xc 
 .rodata.delay_machine_code.0
                0x000000000002e940        0x6 _build/nrf52840_xxaa/nrf_log_backend_rtt.c.o
 *fill*         0x000000000002e946        0x2 
 .rodata.nrf_log_backend_rtt_api
                0x000000000002e948        0xc _build/nrf52840_xxaa/nrf_log_backend_rtt.c.o
                0x000000000002e948                nrf_log_backend_rtt_api
 .rodata        0x000000000002e954       0x20 _build/nrf52840_xxaa/nrf_log_backend_uart.c.o
 .rodata.nrf_log_backend_uart_api
                0x000000000002e974        0xc _build/nrf52840_xxaa/nrf_log_backend_uart.c.o
                0x000000000002e974                nrf_log_backend_uart_api
 .rodata.str1.4
                0x000000000002e980       0x24 _build/nrf52840_xxaa/nrf_log_default_backends.c.o
 .rodata.nrf_log_frontend_dequeue.str1.4
                0x000000000002e9a4       0x11 _build/nrf52840_xxaa/nrf_log_frontend.c.o
 *fill*         0x000000000002e9b5        0x3 
 .rodata.str1.4
                0x000000000002e9b8        0x4 _build/nrf52840_xxaa/nrf_log_frontend.c.o
 .rodata.m_log_push_ringbuf
                0x000000000002e9bc        0xc _build/nrf52840_xxaa/nrf_log_frontend.c.o
 .rodata.prefix_process.str1.4
                0x000000000002e9c8       0x36 _build/nrf52840_xxaa/nrf_log_str_formatter.c.o
 *fill*         0x000000000002e9fe        0x2 
 .rodata.nrf_log_std_entry_process.str1.4
                0x000000000002ea00        0x3 _build/nrf52840_xxaa/nrf_log_str_formatter.c.o
 *fill*         0x000000000002ea03        0x1 
 .rodata.nrf_log_hexdump_entry_process.str1.4
                0x000000000002ea04       0x13 _build/nrf52840_xxaa/nrf_log_str_formatter.c.o
                                         0x16 (size before relaxing)
 *fill*         0x000000000002ea17        0x1 
 .rodata.str1.4
                0x000000000002ea18       0x56 _build/nrf52840_xxaa/nrf_log_str_formatter.c.o
 *fill*         0x000000000002ea6e        0x2 
 .rodata.m_colors
                0x000000000002ea70       0x24 _build/nrf52840_xxaa/nrf_log_str_formatter.c.o
 .rodata.severity_names
                0x000000000002ea94       0x14 _build/nrf52840_xxaa/nrf_log_str_formatter.c.o
 .rodata.str1.4
                0x000000000002eaa8        0xb _build/nrf52840_xxaa/app_button.c.o
 *fill*         0x000000000002eab3        0x1 
 .rodata.m_detection_delay_timer_id
                0x000000000002eab4        0x4 _build/nrf52840_xxaa/app_button.c.o
 .rodata.app_error_fault_handler.str1.4
                0x000000000002eab8       0x19 _build/nrf52840_xxaa/app_error_weak.c.o
 *fill*         0x000000000002ead1        0x3 
 .rodata.str1.4
                0x000000000002ead4        0xa _build/nrf52840_xxaa/app_timer2.c.o
 *fill*         0x000000000002eade        0x2 
 .rodata        0x000000000002eae0        0x4 _build/nrf52840_xxaa/app_timer2.c.o
 .rodata.m_app_timer_sortlist
                0x000000000002eae4        0xc _build/nrf52840_xxaa/app_timer2.c.o
 .rodata.drv_rtc_init.str1.4
                0x000000000002eaf0       0x36 _build/nrf52840_xxaa/drv_rtc.c.o
 *fill*         0x000000000002eb26        0xa 
 .rodata.delay_machine_code.0
                0x000000000002eb30        0x6 _build/nrf52840_xxaa/drv_rtc.c.o
 *fill*         0x000000000002eb36        0x2 
 .rodata._aV2C.0
                0x000000000002eb38       0x10 _build/nrf52840_xxaa/nrf_fprintf_format.c.o
 .rodata.str1.4
                0x000000000002eb48        0x9 _build/nrf52840_xxaa/nrf_pwr_mgmt.c.o
 *fill*         0x000000000002eb51        0x3 
 .rodata.pwr_mgmt_data
                0x000000000002eb54        0xc _build/nrf52840_xxaa/nrf_pwr_mgmt.c.o
 .rodata.str1.4
                0x000000000002eb60        0x9 _build/nrf52840_xxaa/nrf_sortlist.c.o
 *fill*         0x000000000002eb69        0x3 
 .rodata.str1.4
                0x000000000002eb6c      0x3e9 _build/nrf52840_xxaa/nrf_strerror.c.o
 *fill*         0x000000000002ef55        0x3 
 .rodata.m_unknown_str
                0x000000000002ef58       0x13 _build/nrf52840_xxaa/nrf_strerror.c.o
 *fill*         0x000000000002ef6b        0x1 
 .rodata.nrf_strerror_array
                0x000000000002ef6c      0x128 _build/nrf52840_xxaa/nrf_strerror.c.o
 .rodata.CSWTCH.15
                0x000000000002f094        0x6 _build/nrf52840_xxaa/system_nrf52840.c.o
 *fill*         0x000000000002f09a        0x2 
 .rodata.CSWTCH.6
                0x000000000002f09c        0x6 _build/nrf52840_xxaa/system_nrf52840.c.o
 *fill*         0x000000000002f0a2        0x2 
 .rodata.m_board_led_list
                0x000000000002f0a4        0x4 _build/nrf52840_xxaa/boards.c.o
 .rodata.str1.4
                0x000000000002f0a8        0x6 _build/nrf52840_xxaa/nrf_drv_clock.c.o
 *fill*         0x000000000002f0ae        0x2 
 .rodata.str1.4
                0x000000000002f0b0        0x6 _build/nrf52840_xxaa/nrfx_clock.c.o
 *fill*         0x000000000002f0b6        0x2 
 .rodata.str1.4
                0x000000000002f0b8        0x7 _build/nrf52840_xxaa/nrfx_gpiote.c.o
 *fill*         0x000000000002f0bf        0x1 
 .rodata.str1.4
                0x000000000002f0c0        0x4 _build/nrf52840_xxaa/nrfx_prs.c.o
 .rodata.str1.4
                0x000000000002f0c4        0x5 _build/nrf52840_xxaa/nrfx_uart.c.o
 *fill*         0x000000000002f0c9        0x3 
 .rodata.str1.4
                0x000000000002f0cc        0x6 _build/nrf52840_xxaa/nrfx_uarte.c.o
 *fill*         0x000000000002f0d2        0x2 
 .rodata.disconnect.str1.4
                0x000000000002f0d4       0x41 _build/nrf52840_xxaa/main.c.o
 *fill*         0x000000000002f115        0x3 
 .rodata.fds_evt_handler.str1.4
                0x000000000002f118       0x7f _build/nrf52840_xxaa/main.c.o
 *fill*         0x000000000002f197        0x1 
 .rodata.ble_dfu_evt_handler.str1.4
                0x000000000002f198       0xff _build/nrf52840_xxaa/main.c.o
 *fill*         0x000000000002f297        0x1 
 .rodata.app_shutdown_handler.str1.4
                0x000000000002f298       0x5f _build/nrf52840_xxaa/main.c.o
 *fill*         0x000000000002f2f7        0x1 
 .rodata.button_event_handler.str1.4
                0x000000000002f2f8       0x1a _build/nrf52840_xxaa/main.c.o
 *fill*         0x000000000002f312        0x2 
 .rodata.led_write_handler.str1.4
                0x000000000002f314       0x26 _build/nrf52840_xxaa/main.c.o
 *fill*         0x000000000002f33a        0x2 
 .rodata.ble_evt_handler.str1.4
                0x000000000002f33c       0x19 _build/nrf52840_xxaa/main.c.o
 *fill*         0x000000000002f355        0x3 
 .rodata.delete_all_process.str1.4
                0x000000000002f358       0x3a _build/nrf52840_xxaa/main.c.o
 *fill*         0x000000000002f392        0x2 
 .rodata.main.str1.4
                0x000000000002f394      0x25c _build/nrf52840_xxaa/main.c.o
 .rodata.str1.4
                0x000000000002f5f0      0x1c7 _build/nrf52840_xxaa/main.c.o
 *fill*         0x000000000002f7b7        0x1 
 .rodata.err_str.1
                0x000000000002f7b8       0x3c _build/nrf52840_xxaa/main.c.o
 .rodata.fds_evt_str
                0x000000000002f7f4       0x18 _build/nrf52840_xxaa/main.c.o
 .rodata.m_dummy_record
                0x000000000002f80c        0xc _build/nrf52840_xxaa/main.c.o
 .rodata.SEGGER_RTT_ReadNoLock.str1.4
                0x000000000002f818       0x17 _build/nrf52840_xxaa/SEGGER_RTT.c.o
 *fill*         0x000000000002f82f        0x1 
 .rodata.data_length_update.str1.4
                0x000000000002f830       0xe2 _build/nrf52840_xxaa/nrf_ble_gatt.c.o
 *fill*         0x000000000002f912        0x2 
 .rodata.nrf_ble_gatt_on_ble_evt.str1.4
                0x000000000002f914       0x63 _build/nrf52840_xxaa/nrf_ble_gatt.c.o
 *fill*         0x000000000002f977        0x1 
 .rodata.str1.4
                0x000000000002f978        0xd _build/nrf52840_xxaa/nrf_ble_gatt.c.o
 *fill*         0x000000000002f985        0x3 
 .rodata        0x000000000002f988       0x10 _build/nrf52840_xxaa/ble_lbs.c.o
 .rodata.str1.4
                0x000000000002f998        0x8 _build/nrf52840_xxaa/nrf_sdh.c.o
 .rodata        0x000000000002f9a0        0x4 _build/nrf52840_xxaa/nrf_sdh.c.o
 .rodata.sdh_req_observers
                0x000000000002f9a4        0xc _build/nrf52840_xxaa/nrf_sdh.c.o
 .rodata.sdh_stack_observers
                0x000000000002f9b0        0xc _build/nrf52840_xxaa/nrf_sdh.c.o
 .rodata.sdh_state_observers
                0x000000000002f9bc        0xc _build/nrf52840_xxaa/nrf_sdh.c.o
 .rodata.nrf_sdh_ble_default_cfg_set.str1.4
                0x000000000002f9c8      0x187 _build/nrf52840_xxaa/nrf_sdh_ble.c.o
 *fill*         0x000000000002fb4f        0x1 
 .rodata.nrf_sdh_ble_enable.str1.4
                0x000000000002fb50       0xad _build/nrf52840_xxaa/nrf_sdh_ble.c.o
 *fill*         0x000000000002fbfd        0x3 
 .rodata.str1.4
                0x000000000002fc00        0xc _build/nrf52840_xxaa/nrf_sdh_ble.c.o
 .rodata.sdh_ble_observers
                0x000000000002fc0c        0xc _build/nrf52840_xxaa/nrf_sdh_ble.c.o
 .rodata.str1.4
                0x000000000002fc18        0xc _build/nrf52840_xxaa/nrf_sdh_soc.c.o
 .rodata.sdh_soc_observers
                0x000000000002fc24        0xc _build/nrf52840_xxaa/nrf_sdh_soc.c.o
 .rodata        0x000000000002fc30       0x10 _build/nrf52840_xxaa/ble_dfu.c.o
 .rodata.ble_dfu_buttonless_on_ctrl_pt_write.str1.4
                0x000000000002fc40       0xce _build/nrf52840_xxaa/ble_dfu_unbonded.c.o
 *fill*         0x000000000002fd0e        0x2 
 .rodata.nrf_dfu_svci_vector_table_set.str1.4
                0x000000000002fd10       0x78 _build/nrf52840_xxaa/nrf_dfu_svci.c.o
 .rodata.nrf_dfu_svci_vector_table_unset.str1.4
                0x000000000002fd88       0x29 _build/nrf52840_xxaa/nrf_dfu_svci.c.o
 *fill*         0x000000000002fdb1        0x3 
 .rodata.print_all_cmd.str1.4
                0x000000000002fdb4       0x9f _build/nrf52840_xxaa/cli.c.o
 *fill*         0x000000000002fe53        0x1 
 .rodata.print_cfg_cmd.str1.4
                0x000000000002fe54       0x3c _build/nrf52840_xxaa/cli.c.o
                                         0x40 (size before relaxing)
 .rodata.gc_cmd.str1.4
                0x000000000002fe90       0x27 _build/nrf52840_xxaa/cli.c.o
 *fill*         0x000000000002feb7        0x1 
 .rodata.print_cmd.str1.4
                0x000000000002feb8       0x6e _build/nrf52840_xxaa/cli.c.o
 *fill*         0x000000000002ff26        0x2 
 .rodata.delete_cmd.str1.4
                0x000000000002ff28       0x71 _build/nrf52840_xxaa/cli.c.o
 *fill*         0x000000000002ff99        0x3 
 .rodata.stat_cmd.str1.4
                0x000000000002ff9c       0x78 _build/nrf52840_xxaa/cli.c.o
 .rodata.update_cmd.str1.4
                0x0000000000030014       0x9c _build/nrf52840_xxaa/cli.c.o
 .rodata.write_cmd.str1.4
                0x00000000000300b0       0x78 _build/nrf52840_xxaa/cli.c.o
 .rodata.delete_all_cmd.str1.4
                0x0000000000030128        0xb _build/nrf52840_xxaa/cli.c.o
 *fill*         0x0000000000030133        0x1 
 .rodata.str1.4
                0x0000000000030134      0x23c _build/nrf52840_xxaa/cli.c.o
                                        0x244 (size before relaxing)
 .rodata        0x0000000000030370       0x20 _build/nrf52840_xxaa/cli.c.o
 .rodata.cli_uart
                0x0000000000030390       0x18 _build/nrf52840_xxaa/cli.c.o
 .rodata.cli_uart_rx_ringbuf
                0x00000000000303a8        0xc _build/nrf52840_xxaa/cli.c.o
 .rodata.cli_uart_timer
                0x00000000000303b4        0x4 _build/nrf52840_xxaa/cli.c.o
 .rodata.cli_uart_tx_ringbuf
                0x00000000000303b8        0xc _build/nrf52840_xxaa/cli.c.o
 .rodata.cli_uart_uart
                0x00000000000303c4       0x14 _build/nrf52840_xxaa/cli.c.o
 .rodata.m_cli_uart
                0x00000000000303d8       0x18 _build/nrf52840_xxaa/cli.c.o
 .rodata.m_print
                0x00000000000303f0        0x8 _build/nrf52840_xxaa/cli.c.o
 .rodata.m_print_raw
                0x00000000000303f8       0x30 _build/nrf52840_xxaa/cli.c.o
 .rodata.nrf_cli_delete_all_raw
                0x0000000000030428       0x10 _build/nrf52840_xxaa/cli.c.o
                0x0000000000030428                nrf_cli_delete_all_raw
 .rodata.nrf_cli_delete_raw
                0x0000000000030438       0x10 _build/nrf52840_xxaa/cli.c.o
                0x0000000000030438                nrf_cli_delete_raw
 .rodata.nrf_cli_gc_raw
                0x0000000000030448       0x10 _build/nrf52840_xxaa/cli.c.o
                0x0000000000030448                nrf_cli_gc_raw
 .rodata.nrf_cli_print_raw
                0x0000000000030458       0x10 _build/nrf52840_xxaa/cli.c.o
                0x0000000000030458                nrf_cli_print_raw
 .rodata.nrf_cli_stat_raw
                0x0000000000030468       0x10 _build/nrf52840_xxaa/cli.c.o
                0x0000000000030468                nrf_cli_stat_raw
 .rodata.nrf_cli_update_raw
                0x0000000000030478       0x10 _build/nrf52840_xxaa/cli.c.o
                0x0000000000030478                nrf_cli_update_raw
 .rodata.nrf_cli_write_raw
                0x0000000000030488       0x10 _build/nrf52840_xxaa/cli.c.o
                0x0000000000030488                nrf_cli_write_raw
 .rodata._ctype_
                0x0000000000030498      0x101 /usr/local/Cellar/arm-none-eabi-gcc/10.3-2021.07/gcc/bin/../lib/gcc/arm-none-eabi/10.3.1/../../../../arm-none-eabi/lib/thumb/v7e-m+fp/hard/libc_nano.a(lib_a-ctype_.o)
                0x0000000000030498                _ctype_
 *fill*         0x0000000000030599        0x3 
 .rodata._global_impure_ptr
                0x000000000003059c        0x4 /usr/local/Cellar/arm-none-eabi-gcc/10.3-2021.07/gcc/bin/../lib/gcc/arm-none-eabi/10.3.1/../../../../arm-none-eabi/lib/thumb/v7e-m+fp/hard/libc_nano.a(lib_a-impure.o)
                0x000000000003059c                _global_impure_ptr
 *(.eh_frame*)
 .eh_frame      0x00000000000305a0        0x0 /usr/local/Cellar/arm-none-eabi-gcc/10.3-2021.07/gcc/bin/../lib/gcc/arm-none-eabi/10.3.1/thumb/v7e-m+fp/hard/crtbegin.o
 .eh_frame      0x00000000000305a0        0x4 /usr/local/Cellar/arm-none-eabi-gcc/10.3-2021.07/gcc/bin/../lib/gcc/arm-none-eabi/10.3.1/thumb/v7e-m+fp/hard/crtend.o

.glue_7         0x00000000000305a4        0x0
 .glue_7        0x00000000000305a4        0x0 linker stubs

.glue_7t        0x00000000000305a4        0x0
 .glue_7t       0x00000000000305a4        0x0 linker stubs

.vfp11_veneer   0x00000000000305a4        0x0
 .vfp11_veneer  0x00000000000305a4        0x0 linker stubs

.v4_bx          0x00000000000305a4        0x0
 .v4_bx         0x00000000000305a4        0x0 linker stubs

.iplt           0x00000000000305a4        0x0
 .iplt          0x00000000000305a4        0x0 /usr/local/Cellar/arm-none-eabi-gcc/10.3-2021.07/gcc/bin/../lib/gcc/arm-none-eabi/10.3.1/thumb/v7e-m+fp/hard/crtbegin.o

.mem_section_dummy_rom

.sdh_soc_observers
                0x00000000000305a4       0x10
                0x00000000000305a4                PROVIDE (__start_sdh_soc_observers = .)
 *(SORT_BY_NAME(.sdh_soc_observers*))
 .sdh_soc_observers0
                0x00000000000305a4        0x8 _build/nrf52840_xxaa/nrf_drv_clock.c.o
 .sdh_soc_observers1
                0x00000000000305ac        0x8 _build/nrf52840_xxaa/ble_dfu_unbonded.c.o
                0x00000000000305b4                PROVIDE (__stop_sdh_soc_observers = .)

.pwr_mgmt_data  0x00000000000305b4        0x4
                0x00000000000305b4                PROVIDE (__start_pwr_mgmt_data = .)
 *(SORT_BY_NAME(.pwr_mgmt_data*))
 .pwr_mgmt_data0
                0x00000000000305b4        0x4 _build/nrf52840_xxaa/main.c.o
                0x00000000000305b8                PROVIDE (__stop_pwr_mgmt_data = .)

.sdh_ble_observers
                0x00000000000305b8       0x40
                0x00000000000305b8                PROVIDE (__start_sdh_ble_observers = .)
 *(SORT_BY_NAME(.sdh_ble_observers*))
 .sdh_ble_observers0
                0x00000000000305b8        0x8 _build/nrf52840_xxaa/ble_conn_state.c.o
 .sdh_ble_observers1
                0x00000000000305c0       0x10 _build/nrf52840_xxaa/main.c.o
 .sdh_ble_observers1
                0x00000000000305d0        0x8 _build/nrf52840_xxaa/ble_conn_params.c.o
 .sdh_ble_observers2
                0x00000000000305d8       0x10 _build/nrf52840_xxaa/main.c.o
 .sdh_ble_observers2
                0x00000000000305e8        0x8 _build/nrf52840_xxaa/ble_dfu.c.o
 .sdh_ble_observers3
                0x00000000000305f0        0x8 _build/nrf52840_xxaa/main.c.o
                0x00000000000305f8                PROVIDE (__stop_sdh_ble_observers = .)

.sdh_req_observers
                0x00000000000305f8        0x0
                0x00000000000305f8                PROVIDE (__start_sdh_req_observers = .)
 *(SORT_BY_NAME(.sdh_req_observers*))
                0x00000000000305f8                PROVIDE (__stop_sdh_req_observers = .)

.sdh_state_observers
                0x00000000000305f8       0x10
                0x00000000000305f8                PROVIDE (__start_sdh_state_observers = .)
 *(SORT_BY_NAME(.sdh_state_observers*))
 .sdh_state_observers0
                0x00000000000305f8        0x8 _build/nrf52840_xxaa/nrf_drv_clock.c.o
 .sdh_state_observers0
                0x0000000000030600        0x8 _build/nrf52840_xxaa/main.c.o
                0x0000000000030608                PROVIDE (__stop_sdh_state_observers = .)

.sdh_stack_observers
                0x0000000000030608       0x10
                0x0000000000030608                PROVIDE (__start_sdh_stack_observers = .)
 *(SORT_BY_NAME(.sdh_stack_observers*))
 .sdh_stack_observers0
                0x0000000000030608        0x8 _build/nrf52840_xxaa/nrf_sdh_ble.c.o
 .sdh_stack_observers0
                0x0000000000030610        0x8 _build/nrf52840_xxaa/nrf_sdh_soc.c.o
                0x0000000000030618                PROVIDE (__stop_sdh_stack_observers = .)

.nrf_queue      0x0000000000030618       0x14
                [!provide]                        PROVIDE (__start_nrf_queue = .)
 *(.nrf_queue)
 .nrf_queue     0x0000000000030618       0x14 _build/nrf52840_xxaa/cli.c.o
                0x0000000000030618                m_cli_uart_log_backend_queue
                [!provide]                        PROVIDE (__stop_nrf_queue = .)

.nrf_balloc     0x000000000003062c       0x28
                [!provide]                        PROVIDE (__start_nrf_balloc = .)
 *(.nrf_balloc)
 .nrf_balloc    0x000000000003062c       0x14 _build/nrf52840_xxaa/nrf_log_frontend.c.o
                0x000000000003062c                log_mempool
 .nrf_balloc    0x0000000000030640       0x14 _build/nrf52840_xxaa/cli.c.o
                0x0000000000030640                m_cli_uart_cmd_hist_memobj
                [!provide]                        PROVIDE (__stop_nrf_balloc = .)

.cli_command    0x0000000000030654       0x38
                [!provide]                        PROVIDE (__start_cli_command = .)
 *(.cli_command)
 .cli_command   0x0000000000030654       0x38 _build/nrf52840_xxaa/cli.c.o
                0x0000000000030654                nrf_cli_stat_const
                0x000000000003065c                nrf_cli_gc_const
                0x0000000000030664                nrf_cli_delete_all_const
                0x000000000003066c                nrf_cli_delete_const
                0x0000000000030674                nrf_cli_update_const
                0x000000000003067c                nrf_cli_write_const
                0x0000000000030684                nrf_cli_print_const
                [!provide]                        PROVIDE (__stop_cli_command = .)

.crypto_data    0x000000000003068c        0x0
                [!provide]                        PROVIDE (__start_crypto_data = .)
 *(SORT_BY_NAME(.crypto_data*))
                [!provide]                        PROVIDE (__stop_crypto_data = .)

.log_const_data
                0x000000000003068c       0x78
                0x000000000003068c                PROVIDE (__start_log_const_data = .)
 *(SORT_BY_NAME(.log_const_data*))
 .log_const_data_CLOCK
                0x000000000003068c        0x8 _build/nrf52840_xxaa/nrfx_clock.c.o
                0x000000000003068c                m_nrf_log_CLOCK_logs_data_const
 .log_const_data_GPIOTE
                0x0000000000030694        0x8 _build/nrf52840_xxaa/nrfx_gpiote.c.o
                0x0000000000030694                m_nrf_log_GPIOTE_logs_data_const
 .log_const_data_PRS
                0x000000000003069c        0x8 _build/nrf52840_xxaa/nrfx_prs.c.o
                0x000000000003069c                m_nrf_log_PRS_logs_data_const
 .log_const_data_UART
                0x00000000000306a4        0x8 _build/nrf52840_xxaa/nrfx_uart.c.o
                0x00000000000306a4                m_nrf_log_UART_logs_data_const
 .log_const_data_UARTE
                0x00000000000306ac        0x8 _build/nrf52840_xxaa/nrfx_uarte.c.o
                0x00000000000306ac                m_nrf_log_UARTE_logs_data_const
 .log_const_data_app
                0x00000000000306b4        0x8 _build/nrf52840_xxaa/nrf_log_frontend.c.o
                0x00000000000306b4                m_nrf_log_app_logs_data_const
 .log_const_data_app_button
                0x00000000000306bc        0x8 _build/nrf52840_xxaa/app_button.c.o
                0x00000000000306bc                m_nrf_log_app_button_logs_data_const
 .log_const_data_app_timer
                0x00000000000306c4        0x8 _build/nrf52840_xxaa/app_timer2.c.o
                0x00000000000306c4                m_nrf_log_app_timer_logs_data_const
 .log_const_data_clock
                0x00000000000306cc        0x8 _build/nrf52840_xxaa/nrf_drv_clock.c.o
                0x00000000000306cc                m_nrf_log_clock_logs_data_const
 .log_const_data_nrf_ble_gatt
                0x00000000000306d4        0x8 _build/nrf52840_xxaa/nrf_ble_gatt.c.o
                0x00000000000306d4                m_nrf_log_nrf_ble_gatt_logs_data_const
 .log_const_data_nrf_sdh
                0x00000000000306dc        0x8 _build/nrf52840_xxaa/nrf_sdh.c.o
                0x00000000000306dc                m_nrf_log_nrf_sdh_logs_data_const
 .log_const_data_nrf_sdh_ble
                0x00000000000306e4        0x8 _build/nrf52840_xxaa/nrf_sdh_ble.c.o
                0x00000000000306e4                m_nrf_log_nrf_sdh_ble_logs_data_const
 .log_const_data_nrf_sdh_soc
                0x00000000000306ec        0x8 _build/nrf52840_xxaa/nrf_sdh_soc.c.o
                0x00000000000306ec                m_nrf_log_nrf_sdh_soc_logs_data_const
 .log_const_data_pwr_mgmt
                0x00000000000306f4        0x8 _build/nrf52840_xxaa/nrf_pwr_mgmt.c.o
                0x00000000000306f4                m_nrf_log_pwr_mgmt_logs_data_const
 .log_const_data_sortlist
                0x00000000000306fc        0x8 _build/nrf52840_xxaa/nrf_sortlist.c.o
                0x00000000000306fc                m_nrf_log_sortlist_logs_data_const
                0x0000000000030704                PROVIDE (__stop_log_const_data = .)

.log_backends   0x0000000000030704       0x30
                [!provide]                        PROVIDE (__start_log_backends = .)
 *(SORT_BY_NAME(.log_backends*))
 .log_backends  0x0000000000030704       0x20 _build/nrf52840_xxaa/nrf_log_default_backends.c.o
 .log_backends  0x0000000000030724       0x10 _build/nrf52840_xxaa/cli.c.o
                [!provide]                        PROVIDE (__stop_log_backends = .)

.ARM.extab
 *(.ARM.extab* .gnu.linkonce.armextab.*)
                0x0000000000030734                __exidx_start = .

.ARM.exidx      0x0000000000030734        0x8
 *(.ARM.exidx* .gnu.linkonce.armexidx.*)
 .ARM.exidx     0x0000000000030734        0x8 /usr/local/Cellar/arm-none-eabi-gcc/10.3-2021.07/gcc/bin/../lib/gcc/arm-none-eabi/10.3.1/../../../../arm-none-eabi/lib/thumb/v7e-m+fp/hard/crt0.o
                                         0x10 (size before relaxing)
                0x000000000003073c                __exidx_end = .

.rel.dyn        0x000000000003073c        0x0
 .rel.iplt      0x000000000003073c        0x0 /usr/local/Cellar/arm-none-eabi-gcc/10.3-2021.07/gcc/bin/../lib/gcc/arm-none-eabi/10.3.1/thumb/v7e-m+fp/hard/crtbegin.o
                0x000000000003073c                . = ALIGN (0x4)
                0x000000000003073c                __etext = .

.data           0x0000000020002310      0x144 load address 0x000000000003073c
                0x0000000020002310                __data_start__ = .
 *(vtable)
 *(.data*)
 .data.m_uart   0x0000000020002310       0x14 _build/nrf52840_xxaa/nrf_log_backend_uart.c.o
                0x0000000020002310                m_uart
 .data.log_backend_cb_rtt_log_backend
                0x0000000020002324        0x8 _build/nrf52840_xxaa/nrf_log_default_backends.c.o
 .data.log_backend_cb_uart_log_backend
                0x000000002000232c        0x8 _build/nrf52840_xxaa/nrf_log_default_backends.c.o
 *fill*         0x0000000020002334        0x4 
 .data.m_detection_delay_timer_id_data
                0x0000000020002338       0x20 _build/nrf52840_xxaa/app_button.c.o
 .data.m_rtc_inst
                0x0000000020002358        0x8 _build/nrf52840_xxaa/app_timer2.c.o
 .data.SystemCoreClock
                0x0000000020002360        0x4 _build/nrf52840_xxaa/system_nrf52840.c.o
                0x0000000020002360                SystemCoreClock
 .data.buttons.0
                0x0000000020002364        0x8 _build/nrf52840_xxaa/main.c.o
 .data.m_adv_data
                0x000000002000236c       0x10 _build/nrf52840_xxaa/main.c.o
 .data.m_adv_handle
                0x000000002000237c        0x1 _build/nrf52840_xxaa/main.c.o
 *fill*         0x000000002000237d        0x1 
 .data.m_conn_handle
                0x000000002000237e        0x2 _build/nrf52840_xxaa/main.c.o
 .data.m_dummy_cfg
                0x0000000020002380       0x18 _build/nrf52840_xxaa/main.c.o
 .data.cli_log_backendm_cli_uart_log_backend
                0x0000000020002398        0xc _build/nrf52840_xxaa/cli.c.o
 *fill*         0x00000000200023a4        0x4 
 .data.cli_uart_timer_data
                0x00000000200023a8       0x20 _build/nrf52840_xxaa/cli.c.o
 .data.log_backend_cb_m_cli_uart_log_backend
                0x00000000200023c8        0x8 _build/nrf52840_xxaa/cli.c.o
 .data.m_cli_uart_fprintf_ctx
                0x00000000200023d0       0x18 _build/nrf52840_xxaa/cli.c.o
 .data._impure_ptr
                0x00000000200023e8        0x4 /usr/local/Cellar/arm-none-eabi-gcc/10.3-2021.07/gcc/bin/../lib/gcc/arm-none-eabi/10.3.1/../../../../arm-none-eabi/lib/thumb/v7e-m+fp/hard/libc_nano.a(lib_a-impure.o)
                0x00000000200023e8                _impure_ptr
 .data.impure_data
                0x00000000200023ec       0x60 /usr/local/Cellar/arm-none-eabi-gcc/10.3-2021.07/gcc/bin/../lib/gcc/arm-none-eabi/10.3.1/../../../../arm-none-eabi/lib/thumb/v7e-m+fp/hard/libc_nano.a(lib_a-impure.o)
                0x000000002000244c                . = ALIGN (0x4)
                0x000000002000244c                PROVIDE (__preinit_array_start = .)
 *(.preinit_array)
                0x000000002000244c                PROVIDE (__preinit_array_end = .)
                0x000000002000244c                . = ALIGN (0x4)
                0x000000002000244c                PROVIDE (__init_array_start = .)
 *(SORT_BY_NAME(.init_array.*))
 *(.init_array)
 .init_array    0x000000002000244c        0x4 /usr/local/Cellar/arm-none-eabi-gcc/10.3-2021.07/gcc/bin/../lib/gcc/arm-none-eabi/10.3.1/thumb/v7e-m+fp/hard/crtbegin.o
                0x0000000020002450                PROVIDE (__init_array_end = .)
                0x0000000020002450                . = ALIGN (0x4)
                [!provide]                        PROVIDE (__fini_array_start = .)
 *(SORT_BY_NAME(.fini_array.*))
 *(.fini_array)
 .fini_array    0x0000000020002450        0x4 /usr/local/Cellar/arm-none-eabi-gcc/10.3-2021.07/gcc/bin/../lib/gcc/arm-none-eabi/10.3.1/thumb/v7e-m+fp/hard/crtbegin.o
                [!provide]                        PROVIDE (__fini_array_end = .)
 *(.jcr*)
                0x0000000020002454                . = ALIGN (0x4)
                0x0000000020002454                __data_end__ = .
LOAD /usr/local/Cellar/arm-none-eabi-gcc/10.3-2021.07/gcc/bin/../lib/gcc/arm-none-eabi/10.3.1/thumb/v7e-m+fp/hard/crti.o
LOAD /usr/local/Cellar/arm-none-eabi-gcc/10.3-2021.07/gcc/bin/../lib/gcc/arm-none-eabi/10.3.1/thumb/v7e-m+fp/hard/crtbegin.o
LOAD /usr/local/Cellar/arm-none-eabi-gcc/10.3-2021.07/gcc/bin/../lib/gcc/arm-none-eabi/10.3.1/../../../../arm-none-eabi/lib/thumb/v7e-m+fp/hard/crt0.o
LOAD _build/nrf52840_xxaa/gcc_startup_nrf52840.S.o
LOAD _build/nrf52840_xxaa/nrf_log_backend_rtt.c.o
LOAD _build/nrf52840_xxaa/nrf_log_backend_serial.c.o
LOAD _build/nrf52840_xxaa/nrf_log_backend_uart.c.o
LOAD _build/nrf52840_xxaa/nrf_log_default_backends.c.o
LOAD _build/nrf52840_xxaa/nrf_log_frontend.c.o
LOAD _build/nrf52840_xxaa/nrf_log_str_formatter.c.o
LOAD _build/nrf52840_xxaa/app_button.c.o
LOAD _build/nrf52840_xxaa/app_error.c.o
LOAD _build/nrf52840_xxaa/app_error_handler_gcc.c.o
LOAD _build/nrf52840_xxaa/app_error_weak.c.o
LOAD _build/nrf52840_xxaa/app_scheduler.c.o
LOAD _build/nrf52840_xxaa/app_timer2.c.o
LOAD _build/nrf52840_xxaa/app_util_platform.c.o
LOAD _build/nrf52840_xxaa/drv_rtc.c.o
LOAD _build/nrf52840_xxaa/hardfault_implementation.c.o
LOAD _build/nrf52840_xxaa/nrf_assert.c.o
LOAD _build/nrf52840_xxaa/nrf_atfifo.c.o
LOAD _build/nrf52840_xxaa/nrf_atflags.c.o
LOAD _build/nrf52840_xxaa/nrf_atomic.c.o
LOAD _build/nrf52840_xxaa/nrf_balloc.c.o
LOAD _build/nrf52840_xxaa/nrf_fprintf.c.o
LOAD _build/nrf52840_xxaa/nrf_fprintf_format.c.o
LOAD _build/nrf52840_xxaa/nrf_memobj.c.o
LOAD _build/nrf52840_xxaa/nrf_pwr_mgmt.c.o
LOAD _build/nrf52840_xxaa/nrf_ringbuf.c.o
LOAD _build/nrf52840_xxaa/nrf_section_iter.c.o
LOAD _build/nrf52840_xxaa/nrf_sortlist.c.o
LOAD _build/nrf52840_xxaa/nrf_strerror.c.o
LOAD _build/nrf52840_xxaa/system_nrf52840.c.o
LOAD _build/nrf52840_xxaa/boards.c.o
LOAD _build/nrf52840_xxaa/nrf_drv_clock.c.o
LOAD _build/nrf52840_xxaa/nrf_drv_uart.c.o
LOAD _build/nrf52840_xxaa/nrfx_atomic.c.o
LOAD _build/nrf52840_xxaa/nrfx_clock.c.o
LOAD _build/nrf52840_xxaa/nrfx_gpiote.c.o
LOAD _build/nrf52840_xxaa/nrfx_prs.c.o
LOAD _build/nrf52840_xxaa/nrfx_uart.c.o
LOAD _build/nrf52840_xxaa/nrfx_uarte.c.o
LOAD _build/nrf52840_xxaa/main.c.o
LOAD _build/nrf52840_xxaa/SEGGER_RTT.c.o
LOAD _build/nrf52840_xxaa/SEGGER_RTT_Syscalls_GCC.c.o
LOAD _build/nrf52840_xxaa/SEGGER_RTT_printf.c.o
LOAD _build/nrf52840_xxaa/ble_advdata.c.o
LOAD _build/nrf52840_xxaa/ble_conn_params.c.o
LOAD _build/nrf52840_xxaa/ble_conn_state.c.o
LOAD _build/nrf52840_xxaa/ble_srv_common.c.o
LOAD _build/nrf52840_xxaa/nrf_ble_gatt.c.o
LOAD _build/nrf52840_xxaa/nrf_ble_qwr.c.o
LOAD _build/nrf52840_xxaa/utf.c.o
LOAD _build/nrf52840_xxaa/ble_lbs.c.o
LOAD _build/nrf52840_xxaa/nrf_sdh.c.o
LOAD _build/nrf52840_xxaa/nrf_sdh_ble.c.o
LOAD _build/nrf52840_xxaa/nrf_sdh_soc.c.o
LOAD _build/nrf52840_xxaa/ble_dfu.c.o
LOAD _build/nrf52840_xxaa/ble_dfu_bonded.c.o
LOAD _build/nrf52840_xxaa/ble_dfu_unbonded.c.o
LOAD _build/nrf52840_xxaa/nrf_bootloader_info.c.o
LOAD _build/nrf52840_xxaa/nrf_dfu_svci.c.o
LOAD _build/nrf52840_xxaa/ble_advertising.c.o
LOAD _build/nrf52840_xxaa/cli.c.o
LOAD _build/nrf52840_xxaa/fds.c.o
LOAD _build/nrf52840_xxaa/nrf_cli.c.o
LOAD /usr/local/Cellar/arm-none-eabi-gcc/10.3-2021.07/gcc/bin/../lib/gcc/arm-none-eabi/10.3.1/../../../../arm-none-eabi/lib/thumb/v7e-m+fp/hard/libc_nano.a
LOAD /usr/local/Cellar/arm-none-eabi-gcc/10.3-2021.07/gcc/bin/../lib/gcc/arm-none-eabi/10.3.1/../../../../arm-none-eabi/lib/thumb/v7e-m+fp/hard/libnosys.a
LOAD /usr/local/Cellar/arm-none-eabi-gcc/10.3-2021.07/gcc/bin/../lib/gcc/arm-none-eabi/10.3.1/../../../../arm-none-eabi/lib/thumb/v7e-m+fp/hard/libm.a
START GROUP
LOAD /usr/local/Cellar/arm-none-eabi-gcc/10.3-2021.07/gcc/bin/../lib/gcc/arm-none-eabi/10.3.1/thumb/v7e-m+fp/hard/libgcc.a
LOAD /usr/local/Cellar/arm-none-eabi-gcc/10.3-2021.07/gcc/bin/../lib/gcc/arm-none-eabi/10.3.1/../../../../arm-none-eabi/lib/thumb/v7e-m+fp/hard/libg_nano.a
LOAD /usr/local/Cellar/arm-none-eabi-gcc/10.3-2021.07/gcc/bin/../lib/gcc/arm-none-eabi/10.3.1/../../../../arm-none-eabi/lib/thumb/v7e-m+fp/hard/libc_nano.a
END GROUP
START GROUP
LOAD /usr/local/Cellar/arm-none-eabi-gcc/10.3-2021.07/gcc/bin/../lib/gcc/arm-none-eabi/10.3.1/thumb/v7e-m+fp/hard/libgcc.a
LOAD /usr/local/Cellar/arm-none-eabi-gcc/10.3-2021.07/gcc/bin/../lib/gcc/arm-none-eabi/10.3.1/../../../../arm-none-eabi/lib/thumb/v7e-m+fp/hard/libc_nano.a
END GROUP
LOAD /usr/local/Cellar/arm-none-eabi-gcc/10.3-2021.07/gcc/bin/../lib/gcc/arm-none-eabi/10.3.1/thumb/v7e-m+fp/hard/crtend.o
LOAD /usr/local/Cellar/arm-none-eabi-gcc/10.3-2021.07/gcc/bin/../lib/gcc/arm-none-eabi/10.3.1/thumb/v7e-m+fp/hard/crtn.o
START GROUP
LOAD /usr/local/Cellar/arm-none-eabi-gcc/10.3-2021.07/gcc/bin/../lib/gcc/arm-none-eabi/10.3.1/thumb/v7e-m+fp/hard/libgcc.a
LOAD /usr/local/Cellar/arm-none-eabi-gcc/10.3-2021.07/gcc/bin/../lib/gcc/arm-none-eabi/10.3.1/../../../../arm-none-eabi/lib/thumb/v7e-m+fp/hard/libc.a
LOAD /usr/local/Cellar/arm-none-eabi-gcc/10.3-2021.07/gcc/bin/../lib/gcc/arm-none-eabi/10.3.1/../../../../arm-none-eabi/lib/thumb/v7e-m+fp/hard/libnosys.a
END GROUP

.igot.plt       0x0000000020002454        0x0 load address 0x0000000000030880
 .igot.plt      0x0000000020002454        0x0 /usr/local/Cellar/arm-none-eabi-gcc/10.3-2021.07/gcc/bin/../lib/gcc/arm-none-eabi/10.3.1/thumb/v7e-m+fp/hard/crtbegin.o
                0x0000000020002454                . = ALIGN (0x4)

.mem_section_dummy_ram

.cli_sorted_cmd_ptrs
                0x0000000020002454       0x1c load address 0x0000000000030880
                [!provide]                        PROVIDE (__start_cli_sorted_cmd_ptrs = .)
 *(.cli_sorted_cmd_ptrs)
 .cli_sorted_cmd_ptrs
                0x0000000020002454       0x1c _build/nrf52840_xxaa/cli.c.o
                0x0000000020002454                stat_str_ptr
                0x0000000020002458                gc_str_ptr
                0x000000002000245c                delete_all_str_ptr
                0x0000000020002460                delete_str_ptr
                0x0000000020002464                update_str_ptr
                0x0000000020002468                write_str_ptr
                0x000000002000246c                print_str_ptr
                [!provide]                        PROVIDE (__stop_cli_sorted_cmd_ptrs = .)

.fs_data        0x0000000020002470        0x0
                [!provide]                        PROVIDE (__start_fs_data = .)
 *(.fs_data)
                [!provide]                        PROVIDE (__stop_fs_data = .)

.log_dynamic_data
                0x0000000020002470        0x0
                0x0000000020002470                PROVIDE (__start_log_dynamic_data = .)
 *(SORT_BY_NAME(.log_dynamic_data*))
                [!provide]                        PROVIDE (__stop_log_dynamic_data = .)

.log_filter_data
                0x0000000020002470        0x0
                [!provide]                        PROVIDE (__start_log_filter_data = .)
 *(SORT_BY_NAME(.log_filter_data*))
                [!provide]                        PROVIDE (__stop_log_filter_data = .)

.bss            0x0000000020002470     0x1530 load address 0x00000000000308a0
                0x0000000020002470                . = ALIGN (0x4)
                0x0000000020002470                __bss_start__ = .
 *(.bss*)
 .bss           0x0000000020002470       0x1c /usr/local/Cellar/arm-none-eabi-gcc/10.3-2021.07/gcc/bin/../lib/gcc/arm-none-eabi/10.3.1/thumb/v7e-m+fp/hard/crtbegin.o
 .bss.m_host_present
                0x000000002000248c        0x1 _build/nrf52840_xxaa/nrf_log_backend_rtt.c.o
 *fill*         0x000000002000248d        0x3 
 .bss.m_string_buff
                0x0000000020002490       0x40 _build/nrf52840_xxaa/nrf_log_backend_rtt.c.o
 .bss.m_async_mode
                0x00000000200024d0        0x1 _build/nrf52840_xxaa/nrf_log_backend_uart.c.o
 *fill*         0x00000000200024d1        0x3 
 .bss.m_string_buff
                0x00000000200024d4       0x40 _build/nrf52840_xxaa/nrf_log_backend_uart.c.o
 .bss.m_xfer_done
                0x0000000020002514        0x1 _build/nrf52840_xxaa/nrf_log_backend_uart.c.o
 *fill*         0x0000000020002515        0x3 
 .bss.log_mempool_nrf_balloc_cb
                0x0000000020002518        0x8 _build/nrf52840_xxaa/nrf_log_frontend.c.o
 .bss.log_mempool_nrf_balloc_pool_mem
                0x0000000020002520       0xc0 _build/nrf52840_xxaa/nrf_log_frontend.c.o
 .bss.log_mempool_nrf_balloc_pool_stack
                0x00000000200025e0        0x8 _build/nrf52840_xxaa/nrf_log_frontend.c.o
 .bss.m_log_data
                0x00000000200025e8      0x420 _build/nrf52840_xxaa/nrf_log_frontend.c.o
 .bss.m_log_push_ringbuf_buf
                0x0000000020002a08       0x80 _build/nrf52840_xxaa/nrf_log_frontend.c.o
 .bss.m_log_push_ringbuf_cb
                0x0000000020002a88       0x18 _build/nrf52840_xxaa/nrf_log_frontend.c.o
 .bss.m_button_count
                0x0000000020002aa0        0x1 _build/nrf52840_xxaa/app_button.c.o
 *fill*         0x0000000020002aa1        0x3 
 .bss.m_detection_delay
                0x0000000020002aa4        0x4 _build/nrf52840_xxaa/app_button.c.o
 .bss.m_pin_active
                0x0000000020002aa8        0x8 _build/nrf52840_xxaa/app_button.c.o
 .bss.m_pin_states
                0x0000000020002ab0       0x20 _build/nrf52840_xxaa/app_button.c.o
 .bss.mp_buttons
                0x0000000020002ad0        0x4 _build/nrf52840_xxaa/app_button.c.o
 .bss.m_app_timer_sortlist_sortlist_cb
                0x0000000020002ad4        0x4 _build/nrf52840_xxaa/app_timer2.c.o
 .bss.m_base_counter
                0x0000000020002ad8        0x8 _build/nrf52840_xxaa/app_timer2.c.o
 .bss.m_global_active
                0x0000000020002ae0        0x1 _build/nrf52840_xxaa/app_timer2.c.o
 *fill*         0x0000000020002ae1        0x3 
 .bss.m_req_fifo_data
                0x0000000020002ae4       0x58 _build/nrf52840_xxaa/app_timer2.c.o
 .bss.m_req_fifo_inst
                0x0000000020002b3c       0x10 _build/nrf52840_xxaa/app_timer2.c.o
 *fill*         0x0000000020002b4c        0x4 
 .bss.m_stamp64
                0x0000000020002b50        0x8 _build/nrf52840_xxaa/app_timer2.c.o
 .bss.mp_active_timer
                0x0000000020002b58        0x4 _build/nrf52840_xxaa/app_timer2.c.o
 .bss.nrf_nvic_state
                0x0000000020002b5c        0xc _build/nrf52840_xxaa/app_util_platform.c.o
                0x0000000020002b5c                nrf_nvic_state
 .bss.m_cb      0x0000000020002b68        0x8 _build/nrf52840_xxaa/drv_rtc.c.o
 .bss.m_handlers
                0x0000000020002b70        0x4 _build/nrf52840_xxaa/drv_rtc.c.o
 .bss.m_handlers_iter
                0x0000000020002b74        0x8 _build/nrf52840_xxaa/nrf_pwr_mgmt.c.o
 .bss.m_pwr_mgmt_evt
                0x0000000020002b7c        0x1 _build/nrf52840_xxaa/nrf_pwr_mgmt.c.o
 .bss.m_shutdown_started
                0x0000000020002b7d        0x1 _build/nrf52840_xxaa/nrf_pwr_mgmt.c.o
 *fill*         0x0000000020002b7e        0x2 
 .bss.m_sysoff_mtx
                0x0000000020002b80        0x4 _build/nrf52840_xxaa/nrf_pwr_mgmt.c.o
 .bss.m_clock_cb
                0x0000000020002b84       0x14 _build/nrf52840_xxaa/nrf_drv_clock.c.o
 .bss.m_contexts
                0x0000000020002b98        0x8 _build/nrf52840_xxaa/nrf_drv_uart.c.o
 .bss.m_handlers
                0x0000000020002ba0        0x8 _build/nrf52840_xxaa/nrf_drv_uart.c.o
 .bss.nrf_drv_uart_use_easy_dma
                0x0000000020002ba8        0x2 _build/nrf52840_xxaa/nrf_drv_uart.c.o
                0x0000000020002ba8                nrf_drv_uart_use_easy_dma
 *fill*         0x0000000020002baa        0x2 
 .bss.m_clock_cb
                0x0000000020002bac        0x8 _build/nrf52840_xxaa/nrfx_clock.c.o
 *fill*         0x0000000020002bb4        0x4 
 .bss.m_cb      0x0000000020002bb8       0x6c _build/nrf52840_xxaa/nrfx_gpiote.c.o
 .bss.m_prs_box_4
                0x0000000020002c24        0x8 _build/nrf52840_xxaa/nrfx_prs.c.o
 *fill*         0x0000000020002c2c        0x4 
 .bss.m_cb      0x0000000020002c30       0x2c _build/nrf52840_xxaa/nrfx_uart.c.o
 *fill*         0x0000000020002c5c        0x4 
 .bss.m_cb      0x0000000020002c60       0x24 _build/nrf52840_xxaa/nrfx_uarte.c.o
 .bss.m_advertising
                0x0000000020002c84      0x434 _build/nrf52840_xxaa/main.c.o
 .bss.m_delete_all
                0x00000000200030b8        0x2 _build/nrf52840_xxaa/main.c.o
 *fill*         0x00000000200030ba        0x2 
 .bss.m_enc_advdata
                0x00000000200030bc       0x1f _build/nrf52840_xxaa/main.c.o
 *fill*         0x00000000200030db        0x1 
 .bss.m_enc_scan_response_data
                0x00000000200030dc       0x1f _build/nrf52840_xxaa/main.c.o
 .bss.m_fds_initialized
                0x00000000200030fb        0x1 _build/nrf52840_xxaa/main.c.o
 .bss.m_gatt    0x00000000200030fc       0x14 _build/nrf52840_xxaa/main.c.o
 .bss.m_lbs     0x0000000020003110       0x18 _build/nrf52840_xxaa/main.c.o
 .bss.m_qwr     0x0000000020003128        0xc _build/nrf52840_xxaa/main.c.o
 .bss._SEGGER_RTT
                0x0000000020003134       0x78 _build/nrf52840_xxaa/SEGGER_RTT.c.o
                0x0000000020003134                _SEGGER_RTT
 .bss._acDownBuffer
                0x00000000200031ac       0x10 _build/nrf52840_xxaa/SEGGER_RTT.c.o
 .bss._acUpBuffer
                0x00000000200031bc      0x200 _build/nrf52840_xxaa/SEGGER_RTT.c.o
 .bss.m_conn_params_config
                0x00000000200033bc       0x1c _build/nrf52840_xxaa/ble_conn_params.c.o
 .bss.m_conn_params_instances
                0x00000000200033d8       0x14 _build/nrf52840_xxaa/ble_conn_params.c.o
 .bss.m_preferred_conn_params
                0x00000000200033ec        0x8 _build/nrf52840_xxaa/ble_conn_params.c.o
 *fill*         0x00000000200033f4        0x4 
 .bss.m_timer_data
                0x00000000200033f8       0x20 _build/nrf52840_xxaa/ble_conn_params.c.o
 .bss.m_bcs     0x0000000020003418       0x7c _build/nrf52840_xxaa/ble_conn_state.c.o
 .bss.m_nrf_sdh_continue
                0x0000000020003494        0x1 _build/nrf52840_xxaa/nrf_sdh.c.o
 .bss.m_nrf_sdh_enabled
                0x0000000020003495        0x1 _build/nrf52840_xxaa/nrf_sdh.c.o
 .bss.m_nrf_sdh_suspended
                0x0000000020003496        0x1 _build/nrf52840_xxaa/nrf_sdh.c.o
 .bss.m_stack_is_enabled
                0x0000000020003497        0x1 _build/nrf52840_xxaa/nrf_sdh_ble.c.o
 .bss.m_dfu     0x0000000020003498       0x1c _build/nrf52840_xxaa/ble_dfu.c.o
 .bss.m_adv_name
                0x00000000200034b4       0x1c _build/nrf52840_xxaa/ble_dfu_unbonded.c.o
 .bss.mp_dfu    0x00000000200034d0        0x4 _build/nrf52840_xxaa/ble_dfu_unbonded.c.o
                0x00000000200034d0                mp_dfu
 .bss.nrf_dfu_set_adv_name_svci_async_def
                0x00000000200034d4        0xc _build/nrf52840_xxaa/ble_dfu_unbonded.c.o
 .bss.cfg.0     0x00000000200034e0       0x18 _build/nrf52840_xxaa/cli.c.o
 .bss.cli_uart_cb
                0x00000000200034f8       0x2c _build/nrf52840_xxaa/cli.c.o
 .bss.cli_uart_rx_ringbuf_buf
                0x0000000020003524       0x10 _build/nrf52840_xxaa/cli.c.o
 .bss.cli_uart_rx_ringbuf_cb
                0x0000000020003534       0x18 _build/nrf52840_xxaa/cli.c.o
 .bss.cli_uart_tx_ringbuf_buf
                0x000000002000354c       0x40 _build/nrf52840_xxaa/cli.c.o
 .bss.cli_uart_tx_ringbuf_cb
                0x000000002000358c       0x18 _build/nrf52840_xxaa/cli.c.o
 .bss.m_cli_uart_cmd_hist_memobj_nrf_balloc_cb
                0x00000000200035a4        0x8 _build/nrf52840_xxaa/cli.c.o
 .bss.m_cli_uart_cmd_hist_memobj_nrf_balloc_pool_mem
                0x00000000200035ac      0x180 _build/nrf52840_xxaa/cli.c.o
 .bss.m_cli_uart_cmd_hist_memobj_nrf_balloc_pool_stack
                0x000000002000372c        0x8 _build/nrf52840_xxaa/cli.c.o
 .bss.m_cli_uart_ctx
                0x0000000020003734      0x14c _build/nrf52840_xxaa/cli.c.o
 .bss.m_cli_uart_log_backend_queue_nrf_queue_buffer
                0x0000000020003880       0x14 _build/nrf52840_xxaa/cli.c.o
 .bss.m_cli_uart_log_backend_queue_nrf_queue_cb
                0x0000000020003894        0xc _build/nrf52840_xxaa/cli.c.o
 .bss.m_data.1  0x00000000200038a0      0x100 _build/nrf52840_xxaa/cli.c.o
 *(COMMON)
                0x00000000200039a0                . = ALIGN (0x4)
                0x00000000200039a0                __bss_end__ = .

.heap           0x00000000200039a0     0x2000
                0x00000000200039a0                __HeapBase = .
                0x00000000200039a0                __end__ = .
                [!provide]                        PROVIDE (end = .)
 *(.heap*)
 .heap          0x00000000200039a0     0x2000 _build/nrf52840_xxaa/gcc_startup_nrf52840.S.o
                0x00000000200059a0                __HeapLimit = .

.stack_dummy    0x00000000200039a0     0x2000
 *(.stack*)
 .stack         0x00000000200039a0     0x2000 _build/nrf52840_xxaa/gcc_startup_nrf52840.S.o
                0x0000000020040000                __StackTop = (ORIGIN (RAM) + LENGTH (RAM))
                0x000000002003e000                __StackLimit = (__StackTop - SIZEOF (.stack_dummy))
                0x0000000020040000                PROVIDE (__stack = __StackTop)
                0x0000000000000001                ASSERT ((__StackLimit >= __HeapLimit), region RAM overflowed with stack)
                0x0000000000000160                DataInitFlashUsed = (__bss_start__ - __data_start__)
                0x000000000000973c                CodeFlashUsed = (__etext - ORIGIN (FLASH))
                0x000000000000989c                TotalFlashUsed = (CodeFlashUsed + DataInitFlashUsed)
                0x0000000000000001                ASSERT ((TotalFlashUsed <= LENGTH (FLASH)), region FLASH overflowed with .data and user data)
OUTPUT(_build/nrf52840_xxaa.out elf32-littlearm)
LOAD linker stubs

.ARM.attributes
                0x0000000000000000       0x30
 .ARM.attributes
                0x0000000000000000       0x1e /usr/local/Cellar/arm-none-eabi-gcc/10.3-2021.07/gcc/bin/../lib/gcc/arm-none-eabi/10.3.1/thumb/v7e-m+fp/hard/crti.o
 .ARM.attributes
                0x000000000000001e       0x34 /usr/local/Cellar/arm-none-eabi-gcc/10.3-2021.07/gcc/bin/../lib/gcc/arm-none-eabi/10.3.1/thumb/v7e-m+fp/hard/crtbegin.o
 .ARM.attributes
                0x0000000000000052       0x1c /usr/local/Cellar/arm-none-eabi-gcc/10.3-2021.07/gcc/bin/../lib/gcc/arm-none-eabi/10.3.1/../../../../arm-none-eabi/lib/thumb/v7e-m+fp/hard/crt0.o
 .ARM.attributes
                0x000000000000006e       0x20 _build/nrf52840_xxaa/gcc_startup_nrf52840.S.o
 .ARM.attributes
                0x000000000000008e       0x34 _build/nrf52840_xxaa/nrf_log_backend_rtt.c.o
 .ARM.attributes
                0x00000000000000c2       0x34 _build/nrf52840_xxaa/nrf_log_backend_serial.c.o
 .ARM.attributes
                0x00000000000000f6       0x34 _build/nrf52840_xxaa/nrf_log_backend_uart.c.o
 .ARM.attributes
                0x000000000000012a       0x34 _build/nrf52840_xxaa/nrf_log_default_backends.c.o
 .ARM.attributes
                0x000000000000015e       0x34 _build/nrf52840_xxaa/nrf_log_frontend.c.o
 .ARM.attributes
                0x0000000000000192       0x34 _build/nrf52840_xxaa/nrf_log_str_formatter.c.o
 .ARM.attributes
                0x00000000000001c6       0x34 _build/nrf52840_xxaa/app_button.c.o
 .ARM.attributes
                0x00000000000001fa       0x34 _build/nrf52840_xxaa/app_error.c.o
 .ARM.attributes
                0x000000000000022e       0x34 _build/nrf52840_xxaa/app_error_weak.c.o
 .ARM.attributes
                0x0000000000000262       0x34 _build/nrf52840_xxaa/app_timer2.c.o
 .ARM.attributes
                0x0000000000000296       0x34 _build/nrf52840_xxaa/app_util_platform.c.o
 .ARM.attributes
                0x00000000000002ca       0x34 _build/nrf52840_xxaa/drv_rtc.c.o
 .ARM.attributes
                0x00000000000002fe       0x34 _build/nrf52840_xxaa/nrf_atfifo.c.o
 .ARM.attributes
                0x0000000000000332       0x34 _build/nrf52840_xxaa/nrf_atflags.c.o
 .ARM.attributes
                0x0000000000000366       0x34 _build/nrf52840_xxaa/nrf_atomic.c.o
 .ARM.attributes
                0x000000000000039a       0x34 _build/nrf52840_xxaa/nrf_balloc.c.o
 .ARM.attributes
                0x00000000000003ce       0x34 _build/nrf52840_xxaa/nrf_fprintf.c.o
 .ARM.attributes
                0x0000000000000402       0x34 _build/nrf52840_xxaa/nrf_fprintf_format.c.o
 .ARM.attributes
                0x0000000000000436       0x34 _build/nrf52840_xxaa/nrf_memobj.c.o
 .ARM.attributes
                0x000000000000046a       0x34 _build/nrf52840_xxaa/nrf_pwr_mgmt.c.o
 .ARM.attributes
                0x000000000000049e       0x34 _build/nrf52840_xxaa/nrf_ringbuf.c.o
 .ARM.attributes
                0x00000000000004d2       0x34 _build/nrf52840_xxaa/nrf_section_iter.c.o
 .ARM.attributes
                0x0000000000000506       0x34 _build/nrf52840_xxaa/nrf_sortlist.c.o
 .ARM.attributes
                0x000000000000053a       0x34 _build/nrf52840_xxaa/nrf_strerror.c.o
 .ARM.attributes
                0x000000000000056e       0x34 _build/nrf52840_xxaa/system_nrf52840.c.o
 .ARM.attributes