Archive member included to satisfy reference by file (symbol)

/usr/local/Cellar/arm-none-eabi-gcc/10.3-2021.07/gcc/bin/../lib/gcc/arm-none-eabi/10.3.1/../../../../arm-none-eabi/lib/thumb/v7e-m+fp/hard/libc_nano.a(lib_a-ctype_.o)
                              _build/nrf52840_xxaa/nrf_log_str_formatter.c.o (_ctype_)
/usr/local/Cellar/arm-none-eabi-gcc/10.3-2021.07/gcc/bin/../lib/gcc/arm-none-eabi/10.3.1/../../../../arm-none-eabi/lib/thumb/v7e-m+fp/hard/libc_nano.a(lib_a-exit.o)
                              /usr/local/Cellar/arm-none-eabi-gcc/10.3-2021.07/gcc/bin/../lib/gcc/arm-none-eabi/10.3.1/../../../../arm-none-eabi/lib/thumb/v7e-m+fp/hard/crt0.o (exit)
/usr/local/Cellar/arm-none-eabi-gcc/10.3-2021.07/gcc/bin/../lib/gcc/arm-none-eabi/10.3.1/../../../../arm-none-eabi/lib/thumb/v7e-m+fp/hard/libc_nano.a(lib_a-impure.o)
                              /usr/local/Cellar/arm-none-eabi-gcc/10.3-2021.07/gcc/bin/../lib/gcc/arm-none-eabi/10.3.1/../../../../arm-none-eabi/lib/thumb/v7e-m+fp/hard/libc_nano.a(lib_a-exit.o) (_global_impure_ptr)
/usr/local/Cellar/arm-none-eabi-gcc/10.3-2021.07/gcc/bin/../lib/gcc/arm-none-eabi/10.3.1/../../../../arm-none-eabi/lib/thumb/v7e-m+fp/hard/libc_nano.a(lib_a-init.o)
                              /usr/local/Cellar/arm-none-eabi-gcc/10.3-2021.07/gcc/bin/../lib/gcc/arm-none-eabi/10.3.1/../../../../arm-none-eabi/lib/thumb/v7e-m+fp/hard/crt0.o (__libc_init_array)
/usr/local/Cellar/arm-none-eabi-gcc/10.3-2021.07/gcc/bin/../lib/gcc/arm-none-eabi/10.3.1/../../../../arm-none-eabi/lib/thumb/v7e-m+fp/hard/libc_nano.a(lib_a-memcmp.o)
                              _build/nrf52840_xxaa/ble_advdata.c.o (memcmp)
/usr/local/Cellar/arm-none-eabi-gcc/10.3-2021.07/gcc/bin/../lib/gcc/arm-none-eabi/10.3.1/../../../../arm-none-eabi/lib/thumb/v7e-m+fp/hard/libc_nano.a(lib_a-memcpy-stub.o)
                              _build/nrf52840_xxaa/nrf_log_frontend.c.o (memcpy)
/usr/local/Cellar/arm-none-eabi-gcc/10.3-2021.07/gcc/bin/../lib/gcc/arm-none-eabi/10.3.1/../../../../arm-none-eabi/lib/thumb/v7e-m+fp/hard/libc_nano.a(lib_a-memset.o)
                              /usr/local/Cellar/arm-none-eabi-gcc/10.3-2021.07/gcc/bin/../lib/gcc/arm-none-eabi/10.3.1/../../../../arm-none-eabi/lib/thumb/v7e-m+fp/hard/crt0.o (memset)
/usr/local/Cellar/arm-none-eabi-gcc/10.3-2021.07/gcc/bin/../lib/gcc/arm-none-eabi/10.3.1/../../../../arm-none-eabi/lib/thumb/v7e-m+fp/hard/libc_nano.a(lib_a-printf.o)
                              _build/nrf52840_xxaa/main.c.o (printf)
/usr/local/Cellar/arm-none-eabi-gcc/10.3-2021.07/gcc/bin/../lib/gcc/arm-none-eabi/10.3.1/../../../../arm-none-eabi/lib/thumb/v7e-m+fp/hard/libc_nano.a(lib_a-strcpy.o)
                              _build/nrf52840_xxaa/SEGGER_RTT.c.o (strcpy)
/usr/local/Cellar/arm-none-eabi-gcc/10.3-2021.07/gcc/bin/../lib/gcc/arm-none-eabi/10.3.1/../../../../arm-none-eabi/lib/thumb/v7e-m+fp/hard/libc_nano.a(lib_a-strlen.o)
                              _build/nrf52840_xxaa/nrf_log_frontend.c.o (strlen)
/usr/local/Cellar/arm-none-eabi-gcc/10.3-2021.07/gcc/bin/../lib/gcc/arm-none-eabi/10.3.1/../../../../arm-none-eabi/lib/thumb/v7e-m+fp/hard/libc_nano.a(lib_a-findfp.o)
                              /usr/local/Cellar/arm-none-eabi-gcc/10.3-2021.07/gcc/bin/../lib/gcc/arm-none-eabi/10.3.1/../../../../arm-none-eabi/lib/thumb/v7e-m+fp/hard/libc_nano.a(lib_a-printf.o) (__sinit)
/usr/local/Cellar/arm-none-eabi-gcc/10.3-2021.07/gcc/bin/../lib/gcc/arm-none-eabi/10.3.1/../../../../arm-none-eabi/lib/thumb/v7e-m+fp/hard/libc_nano.a(lib_a-fwalk.o)
                              /usr/local/Cellar/arm-none-eabi-gcc/10.3-2021.07/gcc/bin/../lib/gcc/arm-none-eabi/10.3.1/../../../../arm-none-eabi/lib/thumb/v7e-m+fp/hard/libc_nano.a(lib_a-findfp.o) (_fwalk)
/usr/local/Cellar/arm-none-eabi-gcc/10.3-2021.07/gcc/bin/../lib/gcc/arm-none-eabi/10.3.1/../../../../arm-none-eabi/lib/thumb/v7e-m+fp/hard/libc_nano.a(lib_a-lock.o)
                              /usr/local/Cellar/arm-none-eabi-gcc/10.3-2021.07/gcc/bin/../lib/gcc/arm-none-eabi/10.3.1/../../../../arm-none-eabi/lib/thumb/v7e-m+fp/hard/libc_nano.a(lib_a-findfp.o) (__retarget_lock_init_recursive)
/usr/local/Cellar/arm-none-eabi-gcc/10.3-2021.07/gcc/bin/../lib/gcc/arm-none-eabi/10.3.1/../../../../arm-none-eabi/lib/thumb/v7e-m+fp/hard/libc_nano.a(lib_a-nano-mallocr.o)
                              /usr/local/Cellar/arm-none-eabi-gcc/10.3-2021.07/gcc/bin/../lib/gcc/arm-none-eabi/10.3.1/../../../../arm-none-eabi/lib/thumb/v7e-m+fp/hard/libc_nano.a(lib_a-findfp.o) (_malloc_r)
/usr/local/Cellar/arm-none-eabi-gcc/10.3-2021.07/gcc/bin/../lib/gcc/arm-none-eabi/10.3.1/../../../../arm-none-eabi/lib/thumb/v7e-m+fp/hard/libc_nano.a(lib_a-nano-vfprintf.o)
                              /usr/local/Cellar/arm-none-eabi-gcc/10.3-2021.07/gcc/bin/../lib/gcc/arm-none-eabi/10.3.1/../../../../arm-none-eabi/lib/thumb/v7e-m+fp/hard/libc_nano.a(lib_a-printf.o) (_vfprintf_r)
[...]
Memory Configuration

Name             Origin             Length             Attributes
FLASH            0x0000000000027000 0x00000000000d9000 xr
RAM              0x0000000020002af8 0x000000000003d508 xrw
*default*        0x0000000000000000 0xffffffffffffffff

Linker script and memory map


.text           0x0000000000027000     0xa18c
 *(.isr_vector)
 .isr_vector    0x0000000000027000      0x200 _build/nrf52840_xxaa/gcc_startup_nrf52840.S.o
                0x0000000000027000                __isr_vector
 *(.text*)
 .text          0x0000000000027200       0x40 /usr/local/Cellar/arm-none-eabi-gcc/10.3-2021.07/gcc/bin/../lib/gcc/arm-none-eabi/10.3.1/thumb/v7e-m+fp/hard/crtbegin.o
 .text          0x0000000000027240       0x7c /usr/local/Cellar/arm-none-eabi-gcc/10.3-2021.07/gcc/bin/../lib/gcc/arm-none-eabi/10.3.1/../../../../arm-none-eabi/lib/thumb/v7e-m+fp/hard/crt0.o
                0x0000000000027240                _stack_init
                0x0000000000027248                _mainCRTStartup
                0x0000000000027248                _start
 .text          0x00000000000272bc       0x3c _build/nrf52840_xxaa/gcc_startup_nrf52840.S.o
                0x00000000000272bc                Reset_Handler
                0x00000000000272e4                NMI_Handler
                0x00000000000272e6                HardFault_Handler
                0x00000000000272e8                MemoryManagement_Handler
                0x00000000000272ea                BusFault_Handler
                0x00000000000272ec                UsageFault_Handler
                0x00000000000272ee                SVC_Handler
                0x00000000000272f0                DebugMon_Handler
                0x00000000000272f2                PendSV_Handler
                0x00000000000272f4                SysTick_Handler
                0x00000000000272f6                FPU_IRQHandler
                0x00000000000272f6                USBD_IRQHandler
                0x00000000000272f6                SPIM0_SPIS0_TWIM0_TWIS0_SPI0_TWI0_IRQHandler
                0x00000000000272f6                TIMER4_IRQHandler
                0x00000000000272f6                CRYPTOCELL_IRQHandler
                0x00000000000272f6                I2S_IRQHandler
                0x00000000000272f6                SWI4_EGU4_IRQHandler
                0x00000000000272f6                TIMER0_IRQHandler
                0x00000000000272f6                UARTE1_IRQHandler
                0x00000000000272f6                TIMER1_IRQHandler
                0x00000000000272f6                SPIM3_IRQHandler
                0x00000000000272f6                PWM2_IRQHandler
                0x00000000000272f6                ECB_IRQHandler
                0x00000000000272f6                SPIM1_SPIS1_TWIM1_TWIS1_SPI1_TWI1_IRQHandler
                0x00000000000272f6                Default_Handler
                0x00000000000272f6                SAADC_IRQHandler
                0x00000000000272f6                CCM_AAR_IRQHandler
                0x00000000000272f6                WDT_IRQHandler
                0x00000000000272f6                SWI5_EGU5_IRQHandler
                0x00000000000272f6                RNG_IRQHandler
                0x00000000000272f6                RTC2_IRQHandler
                0x00000000000272f6                PWM0_IRQHandler
                0x00000000000272f6                SWI3_EGU3_IRQHandler
                0x00000000000272f6                SWI1_EGU1_IRQHandler
                0x00000000000272f6                SPIM2_SPIS2_SPI2_IRQHandler
                0x00000000000272f6                NFCT_IRQHandler
                0x00000000000272f6                MWU_IRQHandler
                0x00000000000272f6                QSPI_IRQHandler
                0x00000000000272f6                TIMER2_IRQHandler
                0x00000000000272f6                COMP_LPCOMP_IRQHandler
                0x00000000000272f6                RTC0_IRQHandler
                0x00000000000272f6                SWI0_EGU0_IRQHandler
                0x00000000000272f6                PWM1_IRQHandler
                0x00000000000272f6                RADIO_IRQHandler
                0x00000000000272f6                PDM_IRQHandler
                0x00000000000272f6                TEMP_IRQHandler
                0x00000000000272f6                QDEC_IRQHandler
                0x00000000000272f6                TIMER3_IRQHandler
                0x00000000000272f6                PWM3_IRQHandler
 .text.nrf_log_backend_rtt_flush
                0x00000000000272f8        0x4 _build/nrf52840_xxaa/nrf_log_backend_rtt.c.o
 .text.nrf_log_backend_rtt_put
                0x00000000000272fc       0x20 _build/nrf52840_xxaa/nrf_log_backend_rtt.c.o
 .text.serial_tx
                0x000000000002731c       0x54 _build/nrf52840_xxaa/nrf_log_backend_rtt.c.o
 .text.nrf_log_backend_rtt_panic_set
                0x0000000000027370        0x4 _build/nrf52840_xxaa/nrf_log_backend_rtt.c.o
 .text.nrf_log_backend_rtt_init
                0x0000000000027374        0x4 _build/nrf52840_xxaa/nrf_log_backend_rtt.c.o
                0x0000000000027374                nrf_log_backend_rtt_init
 .text.nrf_log_backend_serial_put
                0x0000000000027378       0xd8 _build/nrf52840_xxaa/nrf_log_backend_serial.c.o
                0x0000000000027378                nrf_log_backend_serial_put
 .text.nrf_log_default_backends_init
                0x0000000000027450       0x20 _build/nrf52840_xxaa/nrf_log_default_backends.c.o
                0x0000000000027450                nrf_log_default_backends_init
 .text.nrf_log_init
                0x0000000000027470       0x28 _build/nrf52840_xxaa/nrf_log_frontend.c.o
                0x0000000000027470                nrf_log_init
 .text.nrf_log_module_name_get
                0x0000000000027498       0x48 _build/nrf52840_xxaa/nrf_log_frontend.c.o
                0x0000000000027498                nrf_log_module_name_get
 .text.nrf_log_color_id_get
                0x00000000000274e0       0x2c _build/nrf52840_xxaa/nrf_log_frontend.c.o
                0x00000000000274e0                nrf_log_color_id_get
 .text.log_pending_hook
                0x000000000002750c        0x4 _build/nrf52840_xxaa/nrf_log_frontend.c.o
                0x000000000002750c                log_pending_hook
 .text.nrf_log_frontend_dequeue
                0x0000000000027510      0x260 _build/nrf52840_xxaa/nrf_log_frontend.c.o
                0x0000000000027510                nrf_log_frontend_dequeue
 .text.nrf_log_frontend_std_2
                0x0000000000027770      0x1c8 _build/nrf52840_xxaa/nrf_log_frontend.c.o
                0x0000000000027770                nrf_log_frontend_std_2
 .text.nrf_log_frontend_std_1
                0x0000000000027938      0x1bc _build/nrf52840_xxaa/nrf_log_frontend.c.o
                0x0000000000027938                nrf_log_frontend_std_1
 .text.nrf_log_frontend_std_0
                0x0000000000027af4      0x1ac _build/nrf52840_xxaa/nrf_log_frontend.c.o
                0x0000000000027af4                nrf_log_frontend_std_0
 .text.nrf_log_backend_add
                0x0000000000027ca0       0x5c _build/nrf52840_xxaa/nrf_log_frontend.c.o
                0x0000000000027ca0                nrf_log_backend_add
 .text.nrf_log_panic
                0x0000000000027cfc       0x28 _build/nrf52840_xxaa/nrf_log_frontend.c.o
                0x0000000000027cfc                nrf_log_panic
 .text.prefix_process
                0x0000000000027d24       0x84 _build/nrf52840_xxaa/nrf_log_str_formatter.c.o
 .text.nrf_log_std_entry_process
                0x0000000000027da8       0xec _build/nrf52840_xxaa/nrf_log_str_formatter.c.o
                0x0000000000027da8                nrf_log_std_entry_process
 .text.nrf_log_hexdump_entry_process
                0x0000000000027e94      0x104 _build/nrf52840_xxaa/nrf_log_str_formatter.c.o
                0x0000000000027e94                nrf_log_hexdump_entry_process
 .text.gpiote_event_handler
                0x0000000000027f98       0x74 _build/nrf52840_xxaa/app_button.c.o
 .text.detection_delay_timeout_handler
                0x000000000002800c      0x288 _build/nrf52840_xxaa/app_button.c.o
 .text.app_button_init
                0x0000000000028294       0xb8 _build/nrf52840_xxaa/app_button.c.o
                0x0000000000028294                app_button_init
 .text.app_button_enable
                0x000000000002834c       0x2c _build/nrf52840_xxaa/app_button.c.o
                0x000000000002834c                app_button_enable
 .text.app_error_handler_bare
                0x0000000000028378       0x20 _build/nrf52840_xxaa/app_error.c.o
                0x0000000000028378                app_error_handler_bare
 .text.app_error_fault_handler
                0x0000000000028398       0x6c _build/nrf52840_xxaa/app_error_weak.c.o
                0x0000000000028398                app_error_fault_handler
 .text.app_fifo_init
                0x0000000000028404       0x20 _build/nrf52840_xxaa/app_fifo.c.o
                0x0000000000028404                app_fifo_init
 .text.app_fifo_put
                0x0000000000028424       0x30 _build/nrf52840_xxaa/app_fifo.c.o
                0x0000000000028424                app_fifo_put
 .text.app_fifo_get
                0x0000000000028454       0x2c _build/nrf52840_xxaa/app_fifo.c.o
                0x0000000000028454                app_fifo_get
 .text.compare_func
                0x0000000000028480       0x1c _build/nrf52840_xxaa/app_timer2.c.o
 .text.timer_expire.part.0
                0x000000000002849c       0x88 _build/nrf52840_xxaa/app_timer2.c.o
 .text.rtc_irq  0x0000000000028524      0x2e8 _build/nrf52840_xxaa/app_timer2.c.o
 .text.app_timer_init
                0x000000000002880c       0x6c _build/nrf52840_xxaa/app_timer2.c.o
                0x000000000002880c                app_timer_init
 .text.app_timer_create
                0x0000000000028878       0x30 _build/nrf52840_xxaa/app_timer2.c.o
                0x0000000000028878                app_timer_create
 .text.app_timer_start
                0x00000000000288a8       0xb8 _build/nrf52840_xxaa/app_timer2.c.o
                0x00000000000288a8                app_timer_start
 .text.app_timer_stop
                0x0000000000028960       0x80 _build/nrf52840_xxaa/app_timer2.c.o
                0x0000000000028960                app_timer_stop
 .text.uart_event_handler
                0x00000000000289e0      0x120 _build/nrf52840_xxaa/app_uart_fifo.c.o
 .text.app_uart_init
                0x0000000000028b00       0xe8 _build/nrf52840_xxaa/app_uart_fifo.c.o
                0x0000000000028b00                app_uart_init
 .text.app_uart_get
                0x0000000000028be8       0x58 _build/nrf52840_xxaa/app_uart_fifo.c.o
                0x0000000000028be8                app_uart_get
 .text.app_uart_put
                0x0000000000028c40       0x74 _build/nrf52840_xxaa/app_uart_fifo.c.o
                0x0000000000028c40                app_uart_put
 .text.app_util_critical_region_enter
                0x0000000000028cb4       0x4c _build/nrf52840_xxaa/app_util_platform.c.o
                0x0000000000028cb4                app_util_critical_region_enter
 .text.app_util_critical_region_exit
                0x0000000000028d00       0x30 _build/nrf52840_xxaa/app_util_platform.c.o
                0x0000000000028d00                app_util_critical_region_exit
 .text.drv_rtc_init
                0x0000000000028d30       0xc8 _build/nrf52840_xxaa/drv_rtc.c.o
                0x0000000000028d30                drv_rtc_init
 .text.drv_rtc_start
                0x0000000000028df8        0x8 _build/nrf52840_xxaa/drv_rtc.c.o
                0x0000000000028df8                drv_rtc_start
 .text.drv_rtc_stop
                0x0000000000028e00        0x8 _build/nrf52840_xxaa/drv_rtc.c.o
                0x0000000000028e00                drv_rtc_stop
 .text.drv_rtc_compare_set
                0x0000000000028e08       0x54 _build/nrf52840_xxaa/drv_rtc.c.o
                0x0000000000028e08                drv_rtc_compare_set
 .text.drv_rtc_windowed_compare_set
                0x0000000000028e5c       0xf8 _build/nrf52840_xxaa/drv_rtc.c.o
                0x0000000000028e5c                drv_rtc_windowed_compare_set
 .text.drv_rtc_overflow_enable
                0x0000000000028f54       0x14 _build/nrf52840_xxaa/drv_rtc.c.o
                0x0000000000028f54                drv_rtc_overflow_enable
 .text.drv_rtc_overflow_pending
                0x0000000000028f68       0x20 _build/nrf52840_xxaa/drv_rtc.c.o
                0x0000000000028f68                drv_rtc_overflow_pending
 .text.drv_rtc_compare_disable
                0x0000000000028f88       0x18 _build/nrf52840_xxaa/drv_rtc.c.o
                0x0000000000028f88                drv_rtc_compare_disable
 .text.drv_rtc_compare_pending
                0x0000000000028fa0       0x20 _build/nrf52840_xxaa/drv_rtc.c.o
                0x0000000000028fa0                drv_rtc_compare_pending
 .text.drv_rtc_counter_get
                0x0000000000028fc0        0x8 _build/nrf52840_xxaa/drv_rtc.c.o
                0x0000000000028fc0                drv_rtc_counter_get
 .text.drv_rtc_irq_trigger
                0x0000000000028fc8       0x24 _build/nrf52840_xxaa/drv_rtc.c.o
                0x0000000000028fc8                drv_rtc_irq_trigger
 .text.RTC1_IRQHandler
                0x0000000000028fec       0x14 _build/nrf52840_xxaa/drv_rtc.c.o
                0x0000000000028fec                RTC1_IRQHandler
 .text.nrf_atfifo_init
                0x0000000000029000       0x30 _build/nrf52840_xxaa/nrf_atfifo.c.o
                0x0000000000029000                nrf_atfifo_init
 .text.nrf_atfifo_item_alloc
                0x0000000000029030       0x64 _build/nrf52840_xxaa/nrf_atfifo.c.o
                0x0000000000029030                nrf_atfifo_item_alloc
 .text.nrf_atfifo_item_put
                0x0000000000029094       0x20 _build/nrf52840_xxaa/nrf_atfifo.c.o
                0x0000000000029094                nrf_atfifo_item_put
 .text.nrf_atfifo_item_get
                0x00000000000290b4       0x64 _build/nrf52840_xxaa/nrf_atfifo.c.o
                0x00000000000290b4                nrf_atfifo_item_get
 .text.nrf_atfifo_item_free
                0x0000000000029118       0x20 _build/nrf52840_xxaa/nrf_atfifo.c.o
                0x0000000000029118                nrf_atfifo_item_free
 .text.nrf_atflags_set
                0x0000000000029138       0x18 _build/nrf52840_xxaa/nrf_atflags.c.o
                0x0000000000029138                nrf_atflags_set
 .text.nrf_atflags_clear
                0x0000000000029150       0x18 _build/nrf52840_xxaa/nrf_atflags.c.o
                0x0000000000029150                nrf_atflags_clear
 .text.nrf_atflags_get
                0x0000000000029168       0x14 _build/nrf52840_xxaa/nrf_atflags.c.o
                0x0000000000029168                nrf_atflags_get
 .text.nrf_atomic_u32_fetch_store
                0x000000000002917c       0x14 _build/nrf52840_xxaa/nrf_atomic.c.o
                0x000000000002917c                nrf_atomic_u32_fetch_store
 .text.nrf_atomic_u32_or
                0x0000000000029190       0x18 _build/nrf52840_xxaa/nrf_atomic.c.o
                0x0000000000029190                nrf_atomic_u32_or
 .text.nrf_atomic_u32_and
                0x00000000000291a8       0x18 _build/nrf52840_xxaa/nrf_atomic.c.o
                0x00000000000291a8                nrf_atomic_u32_and
 .text.nrf_atomic_u32_add
                0x00000000000291c0       0x18 _build/nrf52840_xxaa/nrf_atomic.c.o
                0x00000000000291c0                nrf_atomic_u32_add
 .text.nrf_atomic_u32_sub
                0x00000000000291d8       0x18 _build/nrf52840_xxaa/nrf_atomic.c.o
                0x00000000000291d8                nrf_atomic_u32_sub
 .text.nrf_atomic_flag_set
                0x00000000000291f0       0x18 _build/nrf52840_xxaa/nrf_atomic.c.o
                0x00000000000291f0                nrf_atomic_flag_set
 .text.nrf_atomic_flag_clear_fetch
                0x0000000000029208       0x18 _build/nrf52840_xxaa/nrf_atomic.c.o
                0x0000000000029208                nrf_atomic_flag_clear_fetch
 .text.nrf_balloc_init
                0x0000000000029220       0x3c _build/nrf52840_xxaa/nrf_balloc.c.o
                0x0000000000029220                nrf_balloc_init
 .text.nrf_balloc_alloc
                0x000000000002925c       0x50 _build/nrf52840_xxaa/nrf_balloc.c.o
                0x000000000002925c                nrf_balloc_alloc
 .text.nrf_balloc_free
                0x00000000000292ac       0x38 _build/nrf52840_xxaa/nrf_balloc.c.o
                0x00000000000292ac                nrf_balloc_free
 .text.nrf_fprintf_buffer_flush
                0x00000000000292e4       0x18 _build/nrf52840_xxaa/nrf_fprintf.c.o
                0x00000000000292e4                nrf_fprintf_buffer_flush
 .text.nrf_fprintf
                0x00000000000292fc       0x20 _build/nrf52840_xxaa/nrf_fprintf.c.o
                0x00000000000292fc                nrf_fprintf
 .text.unsigned_print
                0x000000000002931c      0x160 _build/nrf52840_xxaa/nrf_fprintf_format.c.o
 .text.nrf_fprintf_fmt
                0x000000000002947c      0x584 _build/nrf52840_xxaa/nrf_fprintf_format.c.o
                0x000000000002947c                nrf_fprintf_fmt
 .text.nrf_memobj_pool_init
                0x0000000000029a00        0x4 _build/nrf52840_xxaa/nrf_memobj.c.o
                0x0000000000029a00                nrf_memobj_pool_init
 .text.nrf_memobj_alloc
                0x0000000000029a04       0x94 _build/nrf52840_xxaa/nrf_memobj.c.o
                0x0000000000029a04                nrf_memobj_alloc
 .text.nrf_memobj_get
                0x0000000000029a98        0x8 _build/nrf52840_xxaa/nrf_memobj.c.o
                0x0000000000029a98                nrf_memobj_get
 .text.nrf_memobj_put
                0x0000000000029aa0       0x58 _build/nrf52840_xxaa/nrf_memobj.c.o
                0x0000000000029aa0                nrf_memobj_put
 .text.nrf_memobj_write
                0x0000000000029af8       0x68 _build/nrf52840_xxaa/nrf_memobj.c.o
                0x0000000000029af8                nrf_memobj_write
 .text.nrf_memobj_read
                0x0000000000029b60       0x68 _build/nrf52840_xxaa/nrf_memobj.c.o
                0x0000000000029b60                nrf_memobj_read
 .text.sd_power_system_off
                0x0000000000029bc8        0x4 _build/nrf52840_xxaa/nrf_pwr_mgmt.c.o
 .text.sd_app_evt_wait
                0x0000000000029bcc        0x4 _build/nrf52840_xxaa/nrf_pwr_mgmt.c.o
 .text.nrf_pwr_mgmt_init
                0x0000000000029bd0       0x2c _build/nrf52840_xxaa/nrf_pwr_mgmt.c.o
                0x0000000000029bd0                nrf_pwr_mgmt_init
 .text.nrf_pwr_mgmt_run
                0x0000000000029bfc       0x54 _build/nrf52840_xxaa/nrf_pwr_mgmt.c.o
                0x0000000000029bfc                nrf_pwr_mgmt_run
 .text.nrf_pwr_mgmt_shutdown
                0x0000000000029c50       0xbc _build/nrf52840_xxaa/nrf_pwr_mgmt.c.o
                0x0000000000029c50                nrf_pwr_mgmt_shutdown
 .text.nrf_ringbuf_init
                0x0000000000029d0c       0x1c _build/nrf52840_xxaa/nrf_ringbuf.c.o
                0x0000000000029d0c                nrf_ringbuf_init
 .text.nrf_section_iter_init
                0x0000000000029d28       0x14 _build/nrf52840_xxaa/nrf_section_iter.c.o
                0x0000000000029d28                nrf_section_iter_init
 .text.nrf_section_iter_next
                0x0000000000029d3c       0x18 _build/nrf52840_xxaa/nrf_section_iter.c.o
                0x0000000000029d3c                nrf_section_iter_next
 .text.nrf_sortlist_add
                0x0000000000029d54       0x28 _build/nrf52840_xxaa/nrf_sortlist.c.o
                0x0000000000029d54                nrf_sortlist_add
 .text.nrf_sortlist_pop
                0x0000000000029d7c        0xc _build/nrf52840_xxaa/nrf_sortlist.c.o
                0x0000000000029d7c                nrf_sortlist_pop
 .text.nrf_sortlist_peek
                0x0000000000029d88        0x8 _build/nrf52840_xxaa/nrf_sortlist.c.o
                0x0000000000029d88                nrf_sortlist_peek
 .text.nrf_sortlist_remove
                0x0000000000029d90       0x1c _build/nrf52840_xxaa/nrf_sortlist.c.o
                0x0000000000029d90                nrf_sortlist_remove
 .text.nrf_strerror_get
                0x0000000000029dac       0x4c _build/nrf52840_xxaa/nrf_strerror.c.o
                0x0000000000029dac                nrf_strerror_get
 .text._write   0x0000000000029df8       0x1c _build/nrf52840_xxaa/retarget.c.o
                0x0000000000029df8                _write
 .text._read    0x0000000000029e14       0x14 _build/nrf52840_xxaa/retarget.c.o
                0x0000000000029e14                _read
 .text.SystemInit
                0x0000000000029e28      0x25c _build/nrf52840_xxaa/system_nrf52840.c.o
                0x0000000000029e28                SystemInit
 .text.bsp_board_led_state_get
                0x000000000002a084       0x28 _build/nrf52840_xxaa/boards.c.o
                0x000000000002a084                bsp_board_led_state_get
 .text.bsp_board_led_on
                0x000000000002a0ac       0x24 _build/nrf52840_xxaa/boards.c.o
                0x000000000002a0ac                bsp_board_led_on
 .text.bsp_board_led_off
                0x000000000002a0d0       0x24 _build/nrf52840_xxaa/boards.c.o
                0x000000000002a0d0                bsp_board_led_off
 .text.bsp_board_leds_off
                0x000000000002a0f4       0x2c _build/nrf52840_xxaa/boards.c.o
                0x000000000002a0f4                bsp_board_leds_off
 .text.bsp_board_leds_on
                0x000000000002a120       0x2c _build/nrf52840_xxaa/boards.c.o
                0x000000000002a120                bsp_board_leds_on
 .text.bsp_board_led_invert
                0x000000000002a14c       0x34 _build/nrf52840_xxaa/boards.c.o
                0x000000000002a14c                bsp_board_led_invert
 .text.bsp_board_button_state_get
                0x000000000002a180       0x28 _build/nrf52840_xxaa/boards.c.o
                0x000000000002a180                bsp_board_button_state_get
 .text.bsp_board_pin_to_button_idx
                0x000000000002a1a8       0x24 _build/nrf52840_xxaa/boards.c.o
                0x000000000002a1a8                bsp_board_pin_to_button_idx
 .text.bsp_board_button_idx_to_pin
                0x000000000002a1cc        0xc _build/nrf52840_xxaa/boards.c.o
                0x000000000002a1cc                bsp_board_button_idx_to_pin
 .text.bsp_board_init
                0x000000000002a1d8       0x60 _build/nrf52840_xxaa/boards.c.o
                0x000000000002a1d8                bsp_board_init
 .text.clock_irq_handler
                0x000000000002a238       0x44 _build/nrf52840_xxaa/nrf_drv_clock.c.o
 .text.soc_evt_handler
                0x000000000002a27c       0x28 _build/nrf52840_xxaa/nrf_drv_clock.c.o
 .text.sd_state_evt_handler
                0x000000000002a2a4       0xc8 _build/nrf52840_xxaa/nrf_drv_clock.c.o
 .text.uarte_evt_handler
                0x000000000002a36c       0x34 _build/nrf52840_xxaa/nrf_drv_uart.c.o
 .text.uart_evt_handler
                0x000000000002a3a0       0x34 _build/nrf52840_xxaa/nrf_drv_uart.c.o
 .text.nrf_drv_uart_init
                0x000000000002a3d4       0x78 _build/nrf52840_xxaa/nrf_drv_uart.c.o
                0x000000000002a3d4                nrf_drv_uart_init
 .text.nrfx_clock_init
                0x000000000002a44c       0x18 _build/nrf52840_xxaa/nrfx_clock.c.o
                0x000000000002a44c                nrfx_clock_init
 .text.nrfx_clock_enable
                0x000000000002a464       0x24 _build/nrf52840_xxaa/nrfx_clock.c.o
                0x000000000002a464                nrfx_clock_enable
 .text.nrfx_clock_lfclk_stop
                0x000000000002a488       0x2c _build/nrf52840_xxaa/nrfx_clock.c.o
                0x000000000002a488                nrfx_clock_lfclk_stop
 .text.POWER_CLOCK_IRQHandler
                0x000000000002a4b4       0x70 _build/nrf52840_xxaa/nrfx_clock.c.o
                0x000000000002a4b4                POWER_CLOCK_IRQHandler
 .text.nrfx_gpiote_init
                0x000000000002a524       0xb4 _build/nrf52840_xxaa/nrfx_gpiote.c.o
                0x000000000002a524                nrfx_gpiote_init
 .text.nrfx_gpiote_is_init
                0x000000000002a5d8       0x14 _build/nrf52840_xxaa/nrfx_gpiote.c.o
                0x000000000002a5d8                nrfx_gpiote_is_init
 .text.nrfx_gpiote_in_init
                0x000000000002a5ec      0x204 _build/nrf52840_xxaa/nrfx_gpiote.c.o
                0x000000000002a5ec                nrfx_gpiote_in_init
 .text.nrfx_gpiote_in_event_enable
                0x000000000002a7f0       0xe0 _build/nrf52840_xxaa/nrfx_gpiote.c.o
                0x000000000002a7f0                nrfx_gpiote_in_event_enable
 .text.nrfx_gpiote_in_is_set
                0x000000000002a8d0       0x20 _build/nrf52840_xxaa/nrfx_gpiote.c.o
                0x000000000002a8d0                nrfx_gpiote_in_is_set
 .text.GPIOTE_IRQHandler
                0x000000000002a8f0      0x510 _build/nrf52840_xxaa/nrfx_gpiote.c.o
                0x000000000002a8f0                GPIOTE_IRQHandler
 .text.UARTE0_UART0_IRQHandler
                0x000000000002ae00        0xc _build/nrf52840_xxaa/nrfx_prs.c.o
                0x000000000002ae00                UARTE0_UART0_IRQHandler
 .text.nrfx_prs_acquire
                0x000000000002ae0c       0x4c _build/nrf52840_xxaa/nrfx_prs.c.o
                0x000000000002ae0c                nrfx_prs_acquire
 .text.nrfx_uart_0_irq_handler
                0x000000000002ae58      0x1d0 _build/nrf52840_xxaa/nrfx_uart.c.o
                0x000000000002ae58                nrfx_uart_0_irq_handler
 .text.nrfx_uart_init
                0x000000000002b028      0x1ec _build/nrf52840_xxaa/nrfx_uart.c.o
                0x000000000002b028                nrfx_uart_init
 .text.nrfx_uart_tx
                0x000000000002b214       0xd8 _build/nrf52840_xxaa/nrfx_uart.c.o
                0x000000000002b214                nrfx_uart_tx
 .text.nrfx_uart_tx_in_progress
                0x000000000002b2ec       0x18 _build/nrf52840_xxaa/nrfx_uart.c.o
                0x000000000002b2ec                nrfx_uart_tx_in_progress
 .text.nrfx_uart_rx
                0x000000000002b304      0x15c _build/nrf52840_xxaa/nrfx_uart.c.o
                0x000000000002b304                nrfx_uart_rx
 .text.nrfx_uarte_0_irq_handler
                0x000000000002b460      0x178 _build/nrf52840_xxaa/nrfx_uarte.c.o
                0x000000000002b460                nrfx_uarte_0_irq_handler
 .text.nrfx_uarte_init
                0x000000000002b5d8      0x21c _build/nrf52840_xxaa/nrfx_uarte.c.o
                0x000000000002b5d8                nrfx_uarte_init
 .text.nrfx_uarte_tx
                0x000000000002b7f4       0xb0 _build/nrf52840_xxaa/nrfx_uarte.c.o
                0x000000000002b7f4                nrfx_uarte_tx
 .text.nrfx_uarte_tx_in_progress
                0x000000000002b8a4       0x1c _build/nrf52840_xxaa/nrfx_uarte.c.o
                0x000000000002b8a4                nrfx_uarte_tx_in_progress
 .text.nrfx_uarte_rx
                0x000000000002b8c0      0x138 _build/nrf52840_xxaa/nrfx_uarte.c.o
                0x000000000002b8c0                nrfx_uarte_rx
 .text.alert_timer_handler
                0x000000000002b9f8        0x8 _build/nrf52840_xxaa/bsp.c.o
 .text.bsp_button_event_handler
                0x000000000002ba00       0xa4 _build/nrf52840_xxaa/bsp.c.o
 .text.button_timer_handler
                0x000000000002baa4       0x30 _build/nrf52840_xxaa/bsp.c.o
 .text.bsp_led_indication
                0x000000000002bad4      0x300 _build/nrf52840_xxaa/bsp.c.o
 .text.leds_timer_handler
                0x000000000002bdd4       0x1c _build/nrf52840_xxaa/bsp.c.o
 .text.bsp_button_is_pressed
                0x000000000002bdf0        0xc _build/nrf52840_xxaa/bsp.c.o
                0x000000000002bdf0                bsp_button_is_pressed
 .text.bsp_indication_set
                0x000000000002bdfc       0x18 _build/nrf52840_xxaa/bsp.c.o
                0x000000000002bdfc                bsp_indication_set
 .text.bsp_init
                0x000000000002be14       0xbc _build/nrf52840_xxaa/bsp.c.o
                0x000000000002be14                bsp_init
 .text.bsp_event_to_button_action_assign
                0x000000000002bed0       0x54 _build/nrf52840_xxaa/bsp.c.o
                0x000000000002bed0                bsp_event_to_button_action_assign
 .text.bsp_wakeup_button_enable
                0x000000000002bf24       0x40 _build/nrf52840_xxaa/bsp.c.o
                0x000000000002bf24                bsp_wakeup_button_enable
 .text.ble_evt_handler
                0x000000000002bf64       0xac _build/nrf52840_xxaa/bsp_btn_ble.c.o
 .text.bsp_btn_ble_sleep_mode_prepare
                0x000000000002c010       0x24 _build/nrf52840_xxaa/bsp_btn_ble.c.o
                0x000000000002c010                bsp_btn_ble_sleep_mode_prepare
 .text.bsp_btn_ble_init
                0x000000000002c034       0x6c _build/nrf52840_xxaa/bsp_btn_ble.c.o
                0x000000000002c034                bsp_btn_ble_init
 .text.sd_ble_gap_disconnect
                0x000000000002c0a0        0x4 _build/nrf52840_xxaa/main.c.o
 .text.sd_ble_gap_ppcp_set
                0x000000000002c0a4        0x4 _build/nrf52840_xxaa/main.c.o
 .text.sd_ble_gap_device_name_set
                0x000000000002c0a8        0x4 _build/nrf52840_xxaa/main.c.o
 .text.sd_ble_gap_sec_params_reply
                0x000000000002c0ac        0x4 _build/nrf52840_xxaa/main.c.o
 .text.sd_ble_gap_phy_update
                0x000000000002c0b0        0x4 _build/nrf52840_xxaa/main.c.o
 .text.sd_ble_gatts_sys_attr_set
                0x000000000002c0b4        0x4 _build/nrf52840_xxaa/main.c.o
 .text.sd_power_system_off
                0x000000000002c0b8        0x4 _build/nrf52840_xxaa/main.c.o
 .text.disconnect
                0x000000000002c0bc       0x3c _build/nrf52840_xxaa/main.c.o
 .text.nrf_qwr_error_handler
                0x000000000002c0f8        0x4 _build/nrf52840_xxaa/main.c.o
 .text.ble_evt_handler
                0x000000000002c0fc      0x100 _build/nrf52840_xxaa/main.c.o
 *fill*         0x000000000002c1fc        0x4 
 .text.ble_dfu_evt_handler
                0x000000000002c200       0xc8 _build/nrf52840_xxaa/main.c.o
 .text.on_conn_params_evt
                0x000000000002c2c8       0x24 _build/nrf52840_xxaa/main.c.o
 .text.bsp_event_handler
                0x000000000002c2ec       0x70 _build/nrf52840_xxaa/main.c.o
                0x000000000002c2ec                bsp_event_handler
 .text.uart_event_handle
                0x000000000002c35c       0x98 _build/nrf52840_xxaa/main.c.o
                0x000000000002c35c                uart_event_handle
 .text.app_shutdown_handler
                0x000000000002c3f4       0x44 _build/nrf52840_xxaa/main.c.o
 .text.buttonless_dfu_sdh_state_observer
                0x000000000002c438       0x18 _build/nrf52840_xxaa/main.c.o
 .text.nus_data_handler
                0x000000000002c450       0x80 _build/nrf52840_xxaa/main.c.o
 .text.gatt_evt_handler
                0x000000000002c4d0       0x4c _build/nrf52840_xxaa/main.c.o
                0x000000000002c4d0                gatt_evt_handler
 .text.conn_params_error_handler
                0x000000000002c51c        0x4 _build/nrf52840_xxaa/main.c.o
 .text.on_adv_evt
                0x000000000002c520       0x40 _build/nrf52840_xxaa/main.c.o
 .text.gatt_init
                0x000000000002c560       0x38 _build/nrf52840_xxaa/main.c.o
                0x000000000002c560                gatt_init
 .text.startup.main
                0x000000000002c598      0x29c _build/nrf52840_xxaa/main.c.o
                0x000000000002c598                main
 .text.SEGGER_RTT_WriteNoLock
                0x000000000002c834      0x1ac _build/nrf52840_xxaa/SEGGER_RTT.c.o
                0x000000000002c834                SEGGER_RTT_WriteNoLock
 .text.SEGGER_RTT_Init
                0x000000000002c9e0       0x60 _build/nrf52840_xxaa/SEGGER_RTT.c.o
                0x000000000002c9e0                SEGGER_RTT_Init
 .text.sd_ble_gap_addr_get
                0x000000000002ca40        0x4 _build/nrf52840_xxaa/ble_advdata.c.o
 .text.sd_ble_gap_appearance_get
                0x000000000002ca44        0x4 _build/nrf52840_xxaa/ble_advdata.c.o
 .text.sd_ble_gap_device_name_get
                0x000000000002ca48        0x4 _build/nrf52840_xxaa/ble_advdata.c.o
 .text.sd_ble_uuid_encode
                0x000000000002ca4c        0x4 _build/nrf52840_xxaa/ble_advdata.c.o
 .text.uuid_list_sized_encode
                0x000000000002ca50       0xe4 _build/nrf52840_xxaa/ble_advdata.c.o
 .text.ble_advdata_encode
                0x000000000002cb34      0x3f0 _build/nrf52840_xxaa/ble_advdata.c.o
                0x000000000002cb34                ble_advdata_encode
 .text.ble_advdata_parse
                0x000000000002cf24       0x4c _build/nrf52840_xxaa/ble_advdata.c.o
                0x000000000002cf24                ble_advdata_parse
 .text.sd_ble_gap_adv_set_configure
                0x000000000002cf70        0x4 _build/nrf52840_xxaa/ble_advertising.c.o
 .text.sd_ble_gap_adv_start
                0x000000000002cf74        0x4 _build/nrf52840_xxaa/ble_advertising.c.o
 .text.sd_ble_gap_adv_stop
                0x000000000002cf78        0x4 _build/nrf52840_xxaa/ble_advertising.c.o
 .text.ble_advertising_start.part.0
                0x000000000002cf7c      0x2f0 _build/nrf52840_xxaa/ble_advertising.c.o
 .text.ble_advertising_conn_cfg_tag_set
                0x000000000002d26c        0x8 _build/nrf52840_xxaa/ble_advertising.c.o
                0x000000000002d26c                ble_advertising_conn_cfg_tag_set
 .text.ble_advertising_init
                0x000000000002d274      0x104 _build/nrf52840_xxaa/ble_advertising.c.o
                0x000000000002d274                ble_advertising_init
 .text.ble_advertising_start
                0x000000000002d378        0xc _build/nrf52840_xxaa/ble_advertising.c.o
                0x000000000002d378                ble_advertising_start
 .text.ble_advertising_on_ble_evt
                0x000000000002d384       0x8c _build/nrf52840_xxaa/ble_advertising.c.o
                0x000000000002d384                ble_advertising_on_ble_evt
 .text.ble_advertising_restart_without_whitelist
                0x000000000002d410       0x60 _build/nrf52840_xxaa/ble_advertising.c.o
                0x000000000002d410                ble_advertising_restart_without_whitelist
 .text.ble_advertising_modes_config_set
                0x000000000002d470       0x24 _build/nrf52840_xxaa/ble_advertising.c.o
                0x000000000002d470                ble_advertising_modes_config_set
 .text.sd_ble_gap_conn_param_update
                0x000000000002d494        0x4 _build/nrf52840_xxaa/ble_conn_params.c.o
 .text.sd_ble_gap_disconnect
                0x000000000002d498        0x4 _build/nrf52840_xxaa/ble_conn_params.c.o
 .text.sd_ble_gap_ppcp_set
                0x000000000002d49c        0x4 _build/nrf52840_xxaa/ble_conn_params.c.o
 .text.sd_ble_gap_ppcp_get
                0x000000000002d4a0        0x4 _build/nrf52840_xxaa/ble_conn_params.c.o
 .text.update_timeout_handler
                0x000000000002d4a4       0x80 _build/nrf52840_xxaa/ble_conn_params.c.o
 .text.ble_evt_handler
                0x000000000002d524      0x1cc _build/nrf52840_xxaa/ble_conn_params.c.o
 .text.ble_conn_params_init
                0x000000000002d6f0       0x78 _build/nrf52840_xxaa/ble_conn_params.c.o
                0x000000000002d6f0                ble_conn_params_init
 .text.ble_evt_handler
                0x000000000002d768      0x160 _build/nrf52840_xxaa/ble_conn_state.c.o
 .text.ble_conn_state_conn_idx
                0x000000000002d8c8       0x24 _build/nrf52840_xxaa/ble_conn_state.c.o
                0x000000000002d8c8                ble_conn_state_conn_idx
 .text.ble_conn_state_for_each_connected
                0x000000000002d8ec       0x44 _build/nrf52840_xxaa/ble_conn_state.c.o
                0x000000000002d8ec                ble_conn_state_for_each_connected
 .text.blcm_link_ctx_get
                0x000000000002d930       0x50 _build/nrf52840_xxaa/ble_link_ctx_manager.c.o
                0x000000000002d930                blcm_link_ctx_get
 .text.sd_ble_gatts_characteristic_add
                0x000000000002d980        0x4 _build/nrf52840_xxaa/ble_srv_common.c.o
 .text.ble_srv_is_notification_enabled
                0x000000000002d984        0x8 _build/nrf52840_xxaa/ble_srv_common.c.o
                0x000000000002d984                ble_srv_is_notification_enabled
 .text.ble_srv_is_indication_enabled
                0x000000000002d98c        0x8 _build/nrf52840_xxaa/ble_srv_common.c.o
                0x000000000002d98c                ble_srv_is_indication_enabled
 .text.characteristic_add
                0x000000000002d994      0x278 _build/nrf52840_xxaa/ble_srv_common.c.o
                0x000000000002d994                characteristic_add
 .text.sd_ble_gap_data_length_update
                0x000000000002dc0c        0x4 _build/nrf52840_xxaa/nrf_ble_gatt.c.o
 .text.sd_ble_gattc_exchange_mtu_request
                0x000000000002dc10        0x4 _build/nrf52840_xxaa/nrf_ble_gatt.c.o
 .text.sd_ble_gatts_exchange_mtu_reply
                0x000000000002dc14        0x4 _build/nrf52840_xxaa/nrf_ble_gatt.c.o
 .text.data_length_update
                0x000000000002dc18       0x8c _build/nrf52840_xxaa/nrf_ble_gatt.c.o
 .text.nrf_ble_gatt_init
                0x000000000002dca4       0x30 _build/nrf52840_xxaa/nrf_ble_gatt.c.o
                0x000000000002dca4                nrf_ble_gatt_init
 .text.nrf_ble_gatt_att_mtu_periph_set
                0x000000000002dcd4       0x18 _build/nrf52840_xxaa/nrf_ble_gatt.c.o
                0x000000000002dcd4                nrf_ble_gatt_att_mtu_periph_set
 .text.nrf_ble_gatt_on_ble_evt
                0x000000000002dcec      0x1e4 _build/nrf52840_xxaa/nrf_ble_gatt.c.o
                0x000000000002dcec                nrf_ble_gatt_on_ble_evt
 .text.sd_ble_gatts_rw_authorize_reply
                0x000000000002ded0        0x4 _build/nrf52840_xxaa/nrf_ble_qwr.c.o
 .text.sd_ble_user_mem_reply
                0x000000000002ded4        0x4 _build/nrf52840_xxaa/nrf_ble_qwr.c.o
 .text.nrf_ble_qwr_init
                0x000000000002ded8       0x24 _build/nrf52840_xxaa/nrf_ble_qwr.c.o
                0x000000000002ded8                nrf_ble_qwr_init
 .text.nrf_ble_qwr_conn_handle_assign
                0x000000000002defc       0x18 _build/nrf52840_xxaa/nrf_ble_qwr.c.o
                0x000000000002defc                nrf_ble_qwr_conn_handle_assign
 .text.nrf_ble_qwr_on_ble_evt
                0x000000000002df14       0xec _build/nrf52840_xxaa/nrf_ble_qwr.c.o
                0x000000000002df14                nrf_ble_qwr_on_ble_evt
 .text.sd_ble_gatts_service_add
                0x000000000002e000        0x4 _build/nrf52840_xxaa/ble_nus.c.o
 .text.sd_ble_gatts_value_get
                0x000000000002e004        0x4 _build/nrf52840_xxaa/ble_nus.c.o
 .text.sd_ble_gatts_hvx
                0x000000000002e008        0x4 _build/nrf52840_xxaa/ble_nus.c.o
 .text.sd_ble_uuid_vs_add
                0x000000000002e00c        0x4 _build/nrf52840_xxaa/ble_nus.c.o
 .text.ble_nus_on_ble_evt
                0x000000000002e010      0x138 _build/nrf52840_xxaa/ble_nus.c.o
                0x000000000002e010                ble_nus_on_ble_evt
 .text.ble_nus_init
                0x000000000002e148       0xe4 _build/nrf52840_xxaa/ble_nus.c.o
                0x000000000002e148                ble_nus_init
 .text.ble_nus_data_send
                0x000000000002e22c       0x6c _build/nrf52840_xxaa/ble_nus.c.o
                0x000000000002e22c                ble_nus_data_send
 .text.sd_softdevice_enable
                0x000000000002e298        0x4 _build/nrf52840_xxaa/nrf_sdh.c.o
 .text.nrf_sdh_enable_request
                0x000000000002e29c      0x11c _build/nrf52840_xxaa/nrf_sdh.c.o
                0x000000000002e29c                nrf_sdh_enable_request
 .text.nrf_sdh_is_enabled
                0x000000000002e3b8        0xc _build/nrf52840_xxaa/nrf_sdh.c.o
                0x000000000002e3b8                nrf_sdh_is_enabled
 .text.SWI2_EGU2_IRQHandler
                0x000000000002e3c4       0x2c _build/nrf52840_xxaa/nrf_sdh.c.o
                0x000000000002e3c4                SWI2_EGU2_IRQHandler
 .text.sd_ble_enable
                0x000000000002e3f0        0x4 _build/nrf52840_xxaa/nrf_sdh_ble.c.o
 .text.sd_ble_cfg_set
                0x000000000002e3f4        0x4 _build/nrf52840_xxaa/nrf_sdh_ble.c.o
 .text.sd_ble_evt_get
                0x000000000002e3f8        0x4 _build/nrf52840_xxaa/nrf_sdh_ble.c.o
 .text.nrf_sdh_ble_evts_poll.part.0
                0x000000000002e3fc       0x5c _build/nrf52840_xxaa/nrf_sdh_ble.c.o
 .text.nrf_sdh_ble_evts_poll
                0x000000000002e458       0x10 _build/nrf52840_xxaa/nrf_sdh_ble.c.o
 .text.nrf_sdh_ble_default_cfg_set
                0x000000000002e468      0x1c0 _build/nrf52840_xxaa/nrf_sdh_ble.c.o
                0x000000000002e468                nrf_sdh_ble_default_cfg_set
 .text.nrf_sdh_ble_enable
                0x000000000002e628       0xa0 _build/nrf52840_xxaa/nrf_sdh_ble.c.o
                0x000000000002e628                nrf_sdh_ble_enable
 .text.sd_evt_get
                0x000000000002e6c8        0x4 _build/nrf52840_xxaa/nrf_sdh_soc.c.o
 .text.nrf_sdh_soc_evts_poll
                0x000000000002e6cc       0x50 _build/nrf52840_xxaa/nrf_sdh_soc.c.o
 .text.sd_ble_gatts_service_add
                0x000000000002e71c        0x4 _build/nrf52840_xxaa/ble_dfu.c.o
 .text.sd_ble_gatts_value_get
                0x000000000002e720        0x4 _build/nrf52840_xxaa/ble_dfu.c.o
 .text.sd_ble_gatts_hvx
                0x000000000002e724        0x4 _build/nrf52840_xxaa/ble_dfu.c.o
 .text.sd_ble_gatts_rw_authorize_reply
                0x000000000002e728        0x4 _build/nrf52840_xxaa/ble_dfu.c.o
 .text.sd_ble_uuid_vs_add
                0x000000000002e72c        0x4 _build/nrf52840_xxaa/ble_dfu.c.o
 .text.sd_power_gpregret_set
                0x000000000002e730        0x4 _build/nrf52840_xxaa/ble_dfu.c.o
 .text.sd_power_gpregret_clr
                0x000000000002e734        0x4 _build/nrf52840_xxaa/ble_dfu.c.o
 .text.dummy_evt_handler
                0x000000000002e738        0x4 _build/nrf52840_xxaa/ble_dfu.c.o
 .text.ble_dfu_buttonless_on_ble_evt
                0x000000000002e73c       0xec _build/nrf52840_xxaa/ble_dfu.c.o
                0x000000000002e73c                ble_dfu_buttonless_on_ble_evt
 .text.ble_dfu_buttonless_resp_send
                0x000000000002e828       0x60 _build/nrf52840_xxaa/ble_dfu.c.o
                0x000000000002e828                ble_dfu_buttonless_resp_send
 .text.ble_dfu_buttonless_bootloader_start_finalize
                0x000000000002e888       0x38 _build/nrf52840_xxaa/ble_dfu.c.o
                0x000000000002e888                ble_dfu_buttonless_bootloader_start_finalize
 .text.ble_dfu_buttonless_init
                0x000000000002e8c0       0x80 _build/nrf52840_xxaa/ble_dfu.c.o
                0x000000000002e8c0                ble_dfu_buttonless_init
 .text.svci_nrf_dfu_set_adv_name_svci_async_init
                0x000000000002e940        0x8 _build/nrf52840_xxaa/ble_dfu_unbonded.c.o
 .text.ble_dfu_buttonless_on_sys_evt
                0x000000000002e948       0x64 _build/nrf52840_xxaa/ble_dfu_unbonded.c.o
                0x000000000002e948                ble_dfu_buttonless_on_sys_evt
 .text.ble_dfu_buttonless_backend_init
                0x000000000002e9ac       0x14 _build/nrf52840_xxaa/ble_dfu_unbonded.c.o
                0x000000000002e9ac                ble_dfu_buttonless_backend_init
 .text.ble_dfu_buttonless_async_svci_init
                0x000000000002e9c0       0x20 _build/nrf52840_xxaa/ble_dfu_unbonded.c.o
                0x000000000002e9c0                ble_dfu_buttonless_async_svci_init
 .text.ble_dfu_buttonless_char_add
                0x000000000002e9e0       0x50 _build/nrf52840_xxaa/ble_dfu_unbonded.c.o
                0x000000000002e9e0                ble_dfu_buttonless_char_add
 .text.ble_dfu_buttonless_on_ctrl_pt_write
                0x000000000002ea30       0xe4 _build/nrf52840_xxaa/ble_dfu_unbonded.c.o
                0x000000000002ea30                ble_dfu_buttonless_on_ctrl_pt_write
 .text.ble_dfu_buttonless_bootloader_start_prepare
                0x000000000002eb14       0x18 _build/nrf52840_xxaa/ble_dfu_unbonded.c.o
                0x000000000002eb14                ble_dfu_buttonless_bootloader_start_prepare
 .text.sd_softdevice_vector_table_base_set
                0x000000000002eb2c        0x4 _build/nrf52840_xxaa/nrf_dfu_svci.c.o
 .text.nrf_dfu_svci_vector_table_set
                0x000000000002eb30       0x78 _build/nrf52840_xxaa/nrf_dfu_svci.c.o
                0x000000000002eb30                nrf_dfu_svci_vector_table_set
 .text.nrf_dfu_svci_vector_table_unset
                0x000000000002eba8       0x48 _build/nrf52840_xxaa/nrf_dfu_svci.c.o
                0x000000000002eba8                nrf_dfu_svci_vector_table_unset
 .text.exit     0x000000000002ebf0       0x28 /usr/local/Cellar/arm-none-eabi-gcc/10.3-2021.07/gcc/bin/../lib/gcc/arm-none-eabi/10.3.1/../../../../arm-none-eabi/lib/thumb/v7e-m+fp/hard/libc_nano.a(lib_a-exit.o)
                0x000000000002ebf0                exit
 .text.__libc_init_array
                0x000000000002ec18       0x48 /usr/local/Cellar/arm-none-eabi-gcc/10.3-2021.07/gcc/bin/../lib/gcc/arm-none-eabi/10.3.1/../../../../arm-none-eabi/lib/thumb/v7e-m+fp/hard/libc_nano.a(lib_a-init.o)
                0x000000000002ec18                __libc_init_array
 .text.memcpy   0x000000000002ec60       0x1c /usr/local/Cellar/arm-none-eabi-gcc/10.3-2021.07/gcc/bin/../lib/gcc/arm-none-eabi/10.3.1/../../../../arm-none-eabi/lib/thumb/v7e-m+fp/hard/libc_nano.a(lib_a-memcpy-stub.o)
                0x000000000002ec60                memcpy
 .text.memset   0x000000000002ec7c       0x10 /usr/local/Cellar/arm-none-eabi-gcc/10.3-2021.07/gcc/bin/../lib/gcc/arm-none-eabi/10.3.1/../../../../arm-none-eabi/lib/thumb/v7e-m+fp/hard/libc_nano.a(lib_a-memset.o)
                0x000000000002ec7c                memset
 .text.printf   0x000000000002ec8c       0x30 /usr/local/Cellar/arm-none-eabi-gcc/10.3-2021.07/gcc/bin/../lib/gcc/arm-none-eabi/10.3.1/../../../../arm-none-eabi/lib/thumb/v7e-m+fp/hard/libc_nano.a(lib_a-printf.o)
                0x000000000002ec8c                printf
                0x000000000002ec8c                iprintf
 .text.strcpy   0x000000000002ecbc       0x10 /usr/local/Cellar/arm-none-eabi-gcc/10.3-2021.07/gcc/bin/../lib/gcc/arm-none-eabi/10.3.1/../../../../arm-none-eabi/lib/thumb/v7e-m+fp/hard/libc_nano.a(lib_a-strcpy.o)
                0x000000000002ecbc                strcpy
 .text          0x000000000002eccc       0x10 /usr/local/Cellar/arm-none-eabi-gcc/10.3-2021.07/gcc/bin/../lib/gcc/arm-none-eabi/10.3.1/../../../../arm-none-eabi/lib/thumb/v7e-m+fp/hard/libc_nano.a(lib_a-strlen.o)
                0x000000000002eccc                strlen
 .text.std      0x000000000002ecdc       0x48 /usr/local/Cellar/arm-none-eabi-gcc/10.3-2021.07/gcc/bin/../lib/gcc/arm-none-eabi/10.3.1/../../../../arm-none-eabi/lib/thumb/v7e-m+fp/hard/libc_nano.a(lib_a-findfp.o)
 .text._cleanup_r
                0x000000000002ed24        0xc /usr/local/Cellar/arm-none-eabi-gcc/10.3-2021.07/gcc/bin/../lib/gcc/arm-none-eabi/10.3.1/../../../../arm-none-eabi/lib/thumb/v7e-m+fp/hard/libc_nano.a(lib_a-findfp.o)
                0x000000000002ed24                _cleanup_r
 .text.__sfmoreglue
                0x000000000002ed30       0x2c /usr/local/Cellar/arm-none-eabi-gcc/10.3-2021.07/gcc/bin/../lib/gcc/arm-none-eabi/10.3.1/../../../../arm-none-eabi/lib/thumb/v7e-m+fp/hard/libc_nano.a(lib_a-findfp.o)
                0x000000000002ed30                __sfmoreglue
 .text.__sfp_lock_acquire
                0x000000000002ed5c        0xc /usr/local/Cellar/arm-none-eabi-gcc/10.3-2021.07/gcc/bin/../lib/gcc/arm-none-eabi/10.3.1/../../../../arm-none-eabi/lib/thumb/v7e-m+fp/hard/libc_nano.a(lib_a-findfp.o)
                0x000000000002ed5c                __sfp_lock_acquire
 .text.__sfp_lock_release
                0x000000000002ed68        0xc /usr/local/Cellar/arm-none-eabi-gcc/10.3-2021.07/gcc/bin/../lib/gcc/arm-none-eabi/10.3.1/../../../../arm-none-eabi/lib/thumb/v7e-m+fp/hard/libc_nano.a(lib_a-findfp.o)
                0x000000000002ed68                __sfp_lock_release
 .text.__sinit_lock_acquire
                0x000000000002ed74        0xc /usr/local/Cellar/arm-none-eabi-gcc/10.3-2021.07/gcc/bin/../lib/gcc/arm-none-eabi/10.3.1/../../../../arm-none-eabi/lib/thumb/v7e-m+fp/hard/libc_nano.a(lib_a-findfp.o)
                0x000000000002ed74                __sinit_lock_acquire
 .text.__sinit_lock_release
                0x000000000002ed80        0xc /usr/local/Cellar/arm-none-eabi-gcc/10.3-2021.07/gcc/bin/../lib/gcc/arm-none-eabi/10.3.1/../../../../arm-none-eabi/lib/thumb/v7e-m+fp/hard/libc_nano.a(lib_a-findfp.o)
                0x000000000002ed80                __sinit_lock_release
 .text.__sinit  0x000000000002ed8c       0x70 /usr/local/Cellar/arm-none-eabi-gcc/10.3-2021.07/gcc/bin/../lib/gcc/arm-none-eabi/10.3.1/../../../../arm-none-eabi/lib/thumb/v7e-m+fp/hard/libc_nano.a(lib_a-findfp.o)
                0x000000000002ed8c                __sinit
 .text.__sfp    0x000000000002edfc       0x8c /usr/local/Cellar/arm-none-eabi-gcc/10.3-2021.07/gcc/bin/../lib/gcc/arm-none-eabi/10.3.1/../../../../arm-none-eabi/lib/thumb/v7e-m+fp/hard/libc_nano.a(lib_a-findfp.o)
                0x000000000002edfc                __sfp
 .text._fwalk_reent
                0x000000000002ee88       0x3e /usr/local/Cellar/arm-none-eabi-gcc/10.3-2021.07/gcc/bin/../lib/gcc/arm-none-eabi/10.3.1/../../../../arm-none-eabi/lib/thumb/v7e-m+fp/hard/libc_nano.a(lib_a-fwalk.o)
                0x000000000002ee88                _fwalk_reent
 .text.__retarget_lock_init_recursive
                0x000000000002eec6        0x2 /usr/local/Cellar/arm-none-eabi-gcc/10.3-2021.07/gcc/bin/../lib/gcc/arm-none-eabi/10.3.1/../../../../arm-none-eabi/lib/thumb/v7e-m+fp/hard/libc_nano.a(lib_a-lock.o)
                0x000000000002eec6                __retarget_lock_init_recursive
 .text.__retarget_lock_acquire_recursive
                0x000000000002eec8        0x2 /usr/local/Cellar/arm-none-eabi-gcc/10.3-2021.07/gcc/bin/../lib/gcc/arm-none-eabi/10.3.1/../../../../arm-none-eabi/lib/thumb/v7e-m+fp/hard/libc_nano.a(lib_a-lock.o)
                0x000000000002eec8                __retarget_lock_acquire_recursive
 .text.__retarget_lock_release_recursive
                0x000000000002eeca        0x2 /usr/local/Cellar/arm-none-eabi-gcc/10.3-2021.07/gcc/bin/../lib/gcc/arm-none-eabi/10.3.1/../../../../arm-none-eabi/lib/thumb/v7e-m+fp/hard/libc_nano.a(lib_a-lock.o)
                0x000000000002eeca                __retarget_lock_release_recursive
 .text.sbrk_aligned
                0x000000000002eecc       0x40 /usr/local/Cellar/arm-none-eabi-gcc/10.3-2021.07/gcc/bin/../lib/gcc/arm-none-eabi/10.3.1/../../../../arm-none-eabi/lib/thumb/v7e-m+fp/hard/libc_nano.a(lib_a-nano-mallocr.o)
 .text._malloc_r
                0x000000000002ef0c       0xe8 /usr/local/Cellar/arm-none-eabi-gcc/10.3-2021.07/gcc/bin/../lib/gcc/arm-none-eabi/10.3.1/../../../../arm-none-eabi/lib/thumb/v7e-m+fp/hard/libc_nano.a(lib_a-nano-mallocr.o)
                0x000000000002ef0c                _malloc_r
 .text.__sfputc_r
                0x000000000002eff4       0x2e /usr/local/Cellar/arm-none-eabi-gcc/10.3-2021.07/gcc/bin/../lib/gcc/arm-none-eabi/10.3.1/../../../../arm-none-eabi/lib/thumb/v7e-m+fp/hard/libc_nano.a(lib_a-nano-vfprintf.o)
 .text.__sfputs_r
                0x000000000002f022       0x24 /usr/local/Cellar/arm-none-eabi-gcc/10.3-2021.07/gcc/bin/../lib/gcc/arm-none-eabi/10.3.1/../../../../arm-none-eabi/lib/thumb/v7e-m+fp/hard/libc_nano.a(lib_a-nano-vfprintf.o)
                0x000000000002f022                __sfputs_r
 *fill*         0x000000000002f046        0x2 
 .text._vfprintf_r
                0x000000000002f048      0x260 /usr/local/Cellar/arm-none-eabi-gcc/10.3-2021.07/gcc/bin/../lib/gcc/arm-none-eabi/10.3.1/../../../../arm-none-eabi/lib/thumb/v7e-m+fp/hard/libc_nano.a(lib_a-nano-vfprintf.o)
                0x000000000002f048                _vfiprintf_r
                0x000000000002f048                _vfprintf_r
 .text._printf_common
                0x000000000002f2a8       0xda /usr/local/Cellar/arm-none-eabi-gcc/10.3-2021.07/gcc/bin/../lib/gcc/arm-none-eabi/10.3.1/../../../../arm-none-eabi/lib/thumb/v7e-m+fp/hard/libc_nano.a(lib_a-nano-vfprintf_i.o)
                0x000000000002f2a8                _printf_common
 *fill*         0x000000000002f382        0x2 
 .text._printf_i
                0x000000000002f384      0x24c /usr/local/Cellar/arm-none-eabi-gcc/10.3-2021.07/gcc/bin/../lib/gcc/arm-none-eabi/10.3.1/../../../../arm-none-eabi/lib/thumb/v7e-m+fp/hard/libc_nano.a(lib_a-nano-vfprintf_i.o)
                0x000000000002f384                _printf_i
 .text._sbrk_r  0x000000000002f5d0       0x20 /usr/local/Cellar/arm-none-eabi-gcc/10.3-2021.07/gcc/bin/../lib/gcc/arm-none-eabi/10.3.1/../../../../arm-none-eabi/lib/thumb/v7e-m+fp/hard/libc_nano.a(lib_a-sbrkr.o)
                0x000000000002f5d0                _sbrk_r
 .text.__sread  0x000000000002f5f0       0x22 /usr/local/Cellar/arm-none-eabi-gcc/10.3-2021.07/gcc/bin/../lib/gcc/arm-none-eabi/10.3.1/../../../../arm-none-eabi/lib/thumb/v7e-m+fp/hard/libc_nano.a(lib_a-stdio.o)
                0x000000000002f5f0                __sread
 .text.__swrite
                0x000000000002f612       0x38 /usr/local/Cellar/arm-none-eabi-gcc/10.3-2021.07/gcc/bin/../lib/gcc/arm-none-eabi/10.3.1/../../../../arm-none-eabi/lib/thumb/v7e-m+fp/hard/libc_nano.a(lib_a-stdio.o)
                0x000000000002f612                __swrite
 .text.__sseek  0x000000000002f64a       0x24 /usr/local/Cellar/arm-none-eabi-gcc/10.3-2021.07/gcc/bin/../lib/gcc/arm-none-eabi/10.3.1/../../../../arm-none-eabi/lib/thumb/v7e-m+fp/hard/libc_nano.a(lib_a-stdio.o)
                0x000000000002f64a                __sseek
 .text.__sclose
                0x000000000002f66e        0x8 /usr/local/Cellar/arm-none-eabi-gcc/10.3-2021.07/gcc/bin/../lib/gcc/arm-none-eabi/10.3.1/../../../../arm-none-eabi/lib/thumb/v7e-m+fp/hard/libc_nano.a(lib_a-stdio.o)
                0x000000000002f66e                __sclose
 *fill*         0x000000000002f676        0x2 
 .text.__swbuf_r
                0x000000000002f678       0xa4 /usr/local/Cellar/arm-none-eabi-gcc/10.3-2021.07/gcc/bin/../lib/gcc/arm-none-eabi/10.3.1/../../../../arm-none-eabi/lib/thumb/v7e-m+fp/hard/libc_nano.a(lib_a-wbuf.o)
                0x000000000002f678                __swbuf_r
 .text._write_r
                0x000000000002f71c       0x24 /usr/local/Cellar/arm-none-eabi-gcc/10.3-2021.07/gcc/bin/../lib/gcc/arm-none-eabi/10.3.1/../../../../arm-none-eabi/lib/thumb/v7e-m+fp/hard/libc_nano.a(lib_a-writer.o)
                0x000000000002f71c                _write_r
 .text.__swsetup_r
                0x000000000002f740       0xdc /usr/local/Cellar/arm-none-eabi-gcc/10.3-2021.07/gcc/bin/../lib/gcc/arm-none-eabi/10.3.1/../../../../arm-none-eabi/lib/thumb/v7e-m+fp/hard/libc_nano.a(lib_a-wsetup.o)
                0x000000000002f740                __swsetup_r
 .text._close_r
                0x000000000002f81c       0x20 /usr/local/Cellar/arm-none-eabi-gcc/10.3-2021.07/gcc/bin/../lib/gcc/arm-none-eabi/10.3.1/../../../../arm-none-eabi/lib/thumb/v7e-m+fp/hard/libc_nano.a(lib_a-closer.o)
                0x000000000002f81c                _close_r
 .text.__sflush_r
                0x000000000002f83c      0x10c /usr/local/Cellar/arm-none-eabi-gcc/10.3-2021.07/gcc/bin/../lib/gcc/arm-none-eabi/10.3.1/../../../../arm-none-eabi/lib/thumb/v7e-m+fp/hard/libc_nano.a(lib_a-fflush.o)
                0x000000000002f83c                __sflush_r
 .text._fflush_r
                0x000000000002f948       0x78 /usr/local/Cellar/arm-none-eabi-gcc/10.3-2021.07/gcc/bin/../lib/gcc/arm-none-eabi/10.3.1/../../../../arm-none-eabi/lib/thumb/v7e-m+fp/hard/libc_nano.a(lib_a-fflush.o)
                0x000000000002f948                _fflush_r
 .text._lseek_r
                0x000000000002f9c0       0x24 /usr/local/Cellar/arm-none-eabi-gcc/10.3-2021.07/gcc/bin/../lib/gcc/arm-none-eabi/10.3.1/../../../../arm-none-eabi/lib/thumb/v7e-m+fp/hard/libc_nano.a(lib_a-lseekr.o)
                0x000000000002f9c0                _lseek_r
 .text.__swhatbuf_r
                0x000000000002f9e4       0x4a /usr/local/Cellar/arm-none-eabi-gcc/10.3-2021.07/gcc/bin/../lib/gcc/arm-none-eabi/10.3.1/../../../../arm-none-eabi/lib/thumb/v7e-m+fp/hard/libc_nano.a(lib_a-makebuf.o)
                0x000000000002f9e4                __swhatbuf_r
 *fill*         0x000000000002fa2e        0x2 
 .text.__smakebuf_r
                0x000000000002fa30       0x80 /usr/local/Cellar/arm-none-eabi-gcc/10.3-2021.07/gcc/bin/../lib/gcc/arm-none-eabi/10.3.1/../../../../arm-none-eabi/lib/thumb/v7e-m+fp/hard/libc_nano.a(lib_a-makebuf.o)
                0x000000000002fa30                __smakebuf_r
 .text          0x000000000002fab0       0xa0 /usr/local/Cellar/arm-none-eabi-gcc/10.3-2021.07/gcc/bin/../lib/gcc/arm-none-eabi/10.3.1/../../../../arm-none-eabi/lib/thumb/v7e-m+fp/hard/libc_nano.a(lib_a-memchr.o)
                0x000000000002fab0                memchr
 .text.__malloc_lock
                0x000000000002fb50        0xc /usr/local/Cellar/arm-none-eabi-gcc/10.3-2021.07/gcc/bin/../lib/gcc/arm-none-eabi/10.3.1/../../../../arm-none-eabi/lib/thumb/v7e-m+fp/hard/libc_nano.a(lib_a-mlock.o)
                0x000000000002fb50                __malloc_lock
 .text.__malloc_unlock
                0x000000000002fb5c        0xc /usr/local/Cellar/arm-none-eabi-gcc/10.3-2021.07/gcc/bin/../lib/gcc/arm-none-eabi/10.3.1/../../../../arm-none-eabi/lib/thumb/v7e-m+fp/hard/libc_nano.a(lib_a-mlock.o)
                0x000000000002fb5c                __malloc_unlock
 .text._free_r  0x000000000002fb68       0x98 /usr/local/Cellar/arm-none-eabi-gcc/10.3-2021.07/gcc/bin/../lib/gcc/arm-none-eabi/10.3.1/../../../../arm-none-eabi/lib/thumb/v7e-m+fp/hard/libc_nano.a(lib_a-nano-freer.o)
                0x000000000002fb68                _free_r
 .text._read_r  0x000000000002fc00       0x24 /usr/local/Cellar/arm-none-eabi-gcc/10.3-2021.07/gcc/bin/../lib/gcc/arm-none-eabi/10.3.1/../../../../arm-none-eabi/lib/thumb/v7e-m+fp/hard/libc_nano.a(lib_a-readr.o)
                0x000000000002fc00                _read_r
 .text._fstat_r
                0x000000000002fc24       0x24 /usr/local/Cellar/arm-none-eabi-gcc/10.3-2021.07/gcc/bin/../lib/gcc/arm-none-eabi/10.3.1/../../../../arm-none-eabi/lib/thumb/v7e-m+fp/hard/libc_nano.a(lib_a-fstatr.o)
                0x000000000002fc24                _fstat_r
 .text._isatty_r
                0x000000000002fc48       0x20 /usr/local/Cellar/arm-none-eabi-gcc/10.3-2021.07/gcc/bin/../lib/gcc/arm-none-eabi/10.3.1/../../../../arm-none-eabi/lib/thumb/v7e-m+fp/hard/libc_nano.a(lib_a-isattyr.o)
                0x000000000002fc48                _isatty_r
 .text._close   0x000000000002fc68       0x10 /usr/local/Cellar/arm-none-eabi-gcc/10.3-2021.07/gcc/bin/../lib/gcc/arm-none-eabi/10.3.1/../../../../arm-none-eabi/lib/thumb/v7e-m+fp/hard/libnosys.a(close.o)
                0x000000000002fc68                _close
 .text._fstat   0x000000000002fc78       0x10 /usr/local/Cellar/arm-none-eabi-gcc/10.3-2021.07/gcc/bin/../lib/gcc/arm-none-eabi/10.3.1/../../../../arm-none-eabi/lib/thumb/v7e-m+fp/hard/libnosys.a(fstat.o)
                0x000000000002fc78                _fstat
 .text._isatty  0x000000000002fc88       0x10 /usr/local/Cellar/arm-none-eabi-gcc/10.3-2021.07/gcc/bin/../lib/gcc/arm-none-eabi/10.3.1/../../../../arm-none-eabi/lib/thumb/v7e-m+fp/hard/libnosys.a(isatty.o)
                0x000000000002fc88                _isatty
 .text._lseek   0x000000000002fc98       0x10 /usr/local/Cellar/arm-none-eabi-gcc/10.3-2021.07/gcc/bin/../lib/gcc/arm-none-eabi/10.3.1/../../../../arm-none-eabi/lib/thumb/v7e-m+fp/hard/libnosys.a(lseek.o)
                0x000000000002fc98                _lseek
 .text._sbrk    0x000000000002fca8       0x1c /usr/local/Cellar/arm-none-eabi-gcc/10.3-2021.07/gcc/bin/../lib/gcc/arm-none-eabi/10.3.1/../../../../arm-none-eabi/lib/thumb/v7e-m+fp/hard/libnosys.a(sbrk.o)
                0x000000000002fca8                _sbrk
 .text._exit    0x000000000002fcc4        0x4 /usr/local/Cellar/arm-none-eabi-gcc/10.3-2021.07/gcc/bin/../lib/gcc/arm-none-eabi/10.3.1/../../../../arm-none-eabi/lib/thumb/v7e-m+fp/hard/libnosys.a(_exit.o)
                0x000000000002fcc4                _exit
 .text          0x000000000002fcc8       0x30 /usr/local/Cellar/arm-none-eabi-gcc/10.3-2021.07/gcc/bin/../lib/gcc/arm-none-eabi/10.3.1/thumb/v7e-m+fp/hard/libgcc.a(_aeabi_uldivmod.o)
                0x000000000002fcc8                __aeabi_uldivmod
 .text          0x000000000002fcf8      0x2d0 /usr/local/Cellar/arm-none-eabi-gcc/10.3-2021.07/gcc/bin/../lib/gcc/arm-none-eabi/10.3.1/thumb/v7e-m+fp/hard/libgcc.a(_udivmoddi4.o)
                0x000000000002fcf8                __udivmoddi4
 .text          0x000000000002ffc8        0x4 /usr/local/Cellar/arm-none-eabi-gcc/10.3-2021.07/gcc/bin/../lib/gcc/arm-none-eabi/10.3.1/thumb/v7e-m+fp/hard/libgcc.a(_dvmd_tls.o)
                0x000000000002ffc8                __aeabi_ldiv0
                0x000000000002ffc8                __aeabi_idiv0
 *(.init)
 .init          0x000000000002ffcc        0x4 /usr/local/Cellar/arm-none-eabi-gcc/10.3-2021.07/gcc/bin/../lib/gcc/arm-none-eabi/10.3.1/thumb/v7e-m+fp/hard/crti.o
                0x000000000002ffcc                _init
 .init          0x000000000002ffd0        0x8 /usr/local/Cellar/arm-none-eabi-gcc/10.3-2021.07/gcc/bin/../lib/gcc/arm-none-eabi/10.3.1/thumb/v7e-m+fp/hard/crtn.o
 *(.fini)
 .fini          0x000000000002ffd8        0x4 /usr/local/Cellar/arm-none-eabi-gcc/10.3-2021.07/gcc/bin/../lib/gcc/arm-none-eabi/10.3.1/thumb/v7e-m+fp/hard/crti.o
                0x000000000002ffd8                _fini
 .fini          0x000000000002ffdc        0x8 /usr/local/Cellar/arm-none-eabi-gcc/10.3-2021.07/gcc/bin/../lib/gcc/arm-none-eabi/10.3.1/thumb/v7e-m+fp/hard/crtn.o
 *crtbegin.o(.ctors)
 *crtbegin?.o(.ctors)
 *(EXCLUDE_FILE(*crtend.o *crtend?.o) .ctors)
 *(SORT_BY_NAME(.ctors.*))
 *(.ctors)
 *crtbegin.o(.dtors)
 *crtbegin?.o(.dtors)
 *(EXCLUDE_FILE(*crtend.o *crtend?.o) .dtors)
 *(SORT_BY_NAME(.dtors.*))
 *(.dtors)
 *(.rodata*)
 *fill*         0x000000000002ffe4        0xc 
 .rodata.delay_machine_code.0
                0x000000000002fff0        0x6 _build/nrf52840_xxaa/nrf_log_backend_rtt.c.o
 *fill*         0x000000000002fff6        0x2 
 .rodata.nrf_log_backend_rtt_api
                0x000000000002fff8        0xc _build/nrf52840_xxaa/nrf_log_backend_rtt.c.o
                0x000000000002fff8                nrf_log_backend_rtt_api
 .rodata.str1.4
                0x0000000000030004       0x10 _build/nrf52840_xxaa/nrf_log_default_backends.c.o
 .rodata.nrf_log_frontend_dequeue.str1.4
                0x0000000000030014       0x11 _build/nrf52840_xxaa/nrf_log_frontend.c.o
 *fill*         0x0000000000030025        0x3 
 .rodata.str1.4
                0x0000000000030028        0x4 _build/nrf52840_xxaa/nrf_log_frontend.c.o
 .rodata.m_log_push_ringbuf
                0x000000000003002c        0xc _build/nrf52840_xxaa/nrf_log_frontend.c.o
 .rodata.prefix_process.str1.4
                0x0000000000030038       0x36 _build/nrf52840_xxaa/nrf_log_str_formatter.c.o
 *fill*         0x000000000003006e        0x2 
 .rodata.nrf_log_std_entry_process.str1.4
                0x0000000000030070        0x3 _build/nrf52840_xxaa/nrf_log_str_formatter.c.o
 *fill*         0x0000000000030073        0x1 
 .rodata.nrf_log_hexdump_entry_process.str1.4
                0x0000000000030074       0x13 _build/nrf52840_xxaa/nrf_log_str_formatter.c.o
                                         0x16 (size before relaxing)
 *fill*         0x0000000000030087        0x1 
 .rodata.str1.4
                0x0000000000030088       0x56 _build/nrf52840_xxaa/nrf_log_str_formatter.c.o
 *fill*         0x00000000000300de        0x2 
 .rodata.m_colors
                0x00000000000300e0       0x24 _build/nrf52840_xxaa/nrf_log_str_formatter.c.o
 .rodata.severity_names
                0x0000000000030104       0x14 _build/nrf52840_xxaa/nrf_log_str_formatter.c.o
 .rodata.str1.4
                0x0000000000030118        0xb _build/nrf52840_xxaa/app_button.c.o
 *fill*         0x0000000000030123        0x1 
 .rodata.m_detection_delay_timer_id
                0x0000000000030124        0x4 _build/nrf52840_xxaa/app_button.c.o
 .rodata.app_error_fault_handler.str1.4
                0x0000000000030128       0x19 _build/nrf52840_xxaa/app_error_weak.c.o
 *fill*         0x0000000000030141        0x3 
 .rodata.str1.4
                0x0000000000030144        0xa _build/nrf52840_xxaa/app_timer2.c.o
 *fill*         0x000000000003014e        0x2 
 .rodata        0x0000000000030150        0x4 _build/nrf52840_xxaa/app_timer2.c.o
 .rodata.m_app_timer_sortlist
                0x0000000000030154        0xc _build/nrf52840_xxaa/app_timer2.c.o
 .rodata        0x0000000000030160       0x20 _build/nrf52840_xxaa/app_uart_fifo.c.o
 .rodata.drv_rtc_init.str1.4
                0x0000000000030180       0x36 _build/nrf52840_xxaa/drv_rtc.c.o
 *fill*         0x00000000000301b6        0xa 
 .rodata.delay_machine_code.0
                0x00000000000301c0        0x6 _build/nrf52840_xxaa/drv_rtc.c.o
 *fill*         0x00000000000301c6        0x2 
 .rodata._aV2C.0
                0x00000000000301c8       0x10 _build/nrf52840_xxaa/nrf_fprintf_format.c.o
 .rodata.str1.4
                0x00000000000301d8        0x9 _build/nrf52840_xxaa/nrf_pwr_mgmt.c.o
 *fill*         0x00000000000301e1        0x3 
 .rodata.pwr_mgmt_data
                0x00000000000301e4        0xc _build/nrf52840_xxaa/nrf_pwr_mgmt.c.o
 .rodata.str1.4
                0x00000000000301f0        0x9 _build/nrf52840_xxaa/nrf_sortlist.c.o
 *fill*         0x00000000000301f9        0x3 
 .rodata.str1.4
                0x00000000000301fc      0x3e9 _build/nrf52840_xxaa/nrf_strerror.c.o
 *fill*         0x00000000000305e5        0x3 
 .rodata.m_unknown_str
                0x00000000000305e8       0x13 _build/nrf52840_xxaa/nrf_strerror.c.o
 *fill*         0x00000000000305fb        0x1 
 .rodata.nrf_strerror_array
                0x00000000000305fc      0x128 _build/nrf52840_xxaa/nrf_strerror.c.o
 .rodata.CSWTCH.15
                0x0000000000030724        0x6 _build/nrf52840_xxaa/system_nrf52840.c.o
 *fill*         0x000000000003072a        0x2 
 .rodata.CSWTCH.6
                0x000000000003072c        0x6 _build/nrf52840_xxaa/system_nrf52840.c.o
 *fill*         0x0000000000030732        0x2 
 .rodata.m_board_btn_list
                0x0000000000030734        0x4 _build/nrf52840_xxaa/boards.c.o
 .rodata.m_board_led_list
                0x0000000000030738        0x4 _build/nrf52840_xxaa/boards.c.o
 .rodata.str1.4
                0x000000000003073c        0x6 _build/nrf52840_xxaa/nrf_drv_clock.c.o
 *fill*         0x0000000000030742        0x2 
 .rodata.str1.4
                0x0000000000030744        0x6 _build/nrf52840_xxaa/nrfx_clock.c.o
 *fill*         0x000000000003074a        0x2 
 .rodata.str1.4
                0x000000000003074c        0x7 _build/nrf52840_xxaa/nrfx_gpiote.c.o
 *fill*         0x0000000000030753        0x1 
 .rodata.str1.4
                0x0000000000030754        0x4 _build/nrf52840_xxaa/nrfx_prs.c.o
 .rodata.str1.4
                0x0000000000030758        0x5 _build/nrf52840_xxaa/nrfx_uart.c.o
 *fill*         0x000000000003075d        0x3 
 .rodata.str1.4
                0x0000000000030760        0x6 _build/nrf52840_xxaa/nrfx_uarte.c.o
 *fill*         0x0000000000030766        0x2 
 .rodata.app_buttons
                0x0000000000030768       0x20 _build/nrf52840_xxaa/bsp.c.o
 .rodata.m_bsp_alert_tmr
                0x0000000000030788        0x4 _build/nrf52840_xxaa/bsp.c.o
 .rodata.m_bsp_button_tmr
                0x000000000003078c        0x4 _build/nrf52840_xxaa/bsp.c.o
 .rodata.m_bsp_leds_tmr
                0x0000000000030790        0x4 _build/nrf52840_xxaa/bsp.c.o
 .rodata.disconnect.str1.4
                0x0000000000030794       0x41 _build/nrf52840_xxaa/main.c.o
 *fill*         0x00000000000307d5        0x3 
 .rodata.ble_evt_handler.str1.4
                0x00000000000307d8       0x19 _build/nrf52840_xxaa/main.c.o
 *fill*         0x00000000000307f1        0x3 
 .rodata.ble_dfu_evt_handler.str1.4
                0x00000000000307f4       0xff _build/nrf52840_xxaa/main.c.o
 *fill*         0x00000000000308f3        0x1 
 .rodata.app_shutdown_handler.str1.4
                0x00000000000308f4       0x5f _build/nrf52840_xxaa/main.c.o
 *fill*         0x0000000000030953        0x1 
 .rodata.nus_data_handler.str1.4
                0x0000000000030954       0x2b _build/nrf52840_xxaa/main.c.o
 *fill*         0x000000000003097f        0x1 
 .rodata.gatt_evt_handler.str1.4
                0x0000000000030980       0x1c _build/nrf52840_xxaa/main.c.o
 .rodata.main.str1.4
                0x000000000003099c       0x4d _build/nrf52840_xxaa/main.c.o
 *fill*         0x00000000000309e9        0x3 
 .rodata        0x00000000000309ec       0x18 _build/nrf52840_xxaa/main.c.o
 .rodata.SEGGER_RTT_ReadNoLock.str1.4
                0x0000000000030a04       0x17 _build/nrf52840_xxaa/SEGGER_RTT.c.o
 *fill*         0x0000000000030a1b        0x1 
 .rodata.data_length_update.str1.4
                0x0000000000030a1c       0xe2 _build/nrf52840_xxaa/nrf_ble_gatt.c.o
 *fill*         0x0000000000030afe        0x2 
 .rodata.nrf_ble_gatt_on_ble_evt.str1.4
                0x0000000000030b00       0x63 _build/nrf52840_xxaa/nrf_ble_gatt.c.o
 *fill*         0x0000000000030b63        0x1 
 .rodata.str1.4
                0x0000000000030b64        0xd _build/nrf52840_xxaa/nrf_ble_gatt.c.o
 *fill*         0x0000000000030b71        0x3 
 .rodata.str1.4
                0x0000000000030b74        0x8 _build/nrf52840_xxaa/ble_nus.c.o
 .rodata        0x0000000000030b7c       0x10 _build/nrf52840_xxaa/ble_nus.c.o
 .rodata.str1.4
                0x0000000000030b8c        0x8 _build/nrf52840_xxaa/nrf_sdh.c.o
 .rodata        0x0000000000030b94        0x4 _build/nrf52840_xxaa/nrf_sdh.c.o
 .rodata.sdh_req_observers
                0x0000000000030b98        0xc _build/nrf52840_xxaa/nrf_sdh.c.o
 .rodata.sdh_stack_observers
                0x0000000000030ba4        0xc _build/nrf52840_xxaa/nrf_sdh.c.o
 .rodata.sdh_state_observers
                0x0000000000030bb0        0xc _build/nrf52840_xxaa/nrf_sdh.c.o
 .rodata.nrf_sdh_ble_default_cfg_set.str1.4
                0x0000000000030bbc      0x1cf _build/nrf52840_xxaa/nrf_sdh_ble.c.o
 *fill*         0x0000000000030d8b        0x1 
 .rodata.nrf_sdh_ble_enable.str1.4
                0x0000000000030d8c       0xad _build/nrf52840_xxaa/nrf_sdh_ble.c.o
 *fill*         0x0000000000030e39        0x3 
 .rodata.str1.4
                0x0000000000030e3c        0xc _build/nrf52840_xxaa/nrf_sdh_ble.c.o
 .rodata.sdh_ble_observers
                0x0000000000030e48        0xc _build/nrf52840_xxaa/nrf_sdh_ble.c.o
 .rodata.str1.4
                0x0000000000030e54        0xc _build/nrf52840_xxaa/nrf_sdh_soc.c.o
 .rodata.sdh_soc_observers
                0x0000000000030e60        0xc _build/nrf52840_xxaa/nrf_sdh_soc.c.o
 .rodata        0x0000000000030e6c       0x10 _build/nrf52840_xxaa/ble_dfu.c.o
 .rodata.ble_dfu_buttonless_on_ctrl_pt_write.str1.4
                0x0000000000030e7c       0xce _build/nrf52840_xxaa/ble_dfu_unbonded.c.o
 *fill*         0x0000000000030f4a        0x2 
 .rodata.nrf_dfu_svci_vector_table_set.str1.4
                0x0000000000030f4c       0x78 _build/nrf52840_xxaa/nrf_dfu_svci.c.o
 .rodata.nrf_dfu_svci_vector_table_unset.str1.4
                0x0000000000030fc4       0x29 _build/nrf52840_xxaa/nrf_dfu_svci.c.o
 .rodata._ctype_
                0x0000000000030fed      0x101 /usr/local/Cellar/arm-none-eabi-gcc/10.3-2021.07/gcc/bin/../lib/gcc/arm-none-eabi/10.3.1/../../../../arm-none-eabi/lib/thumb/v7e-m+fp/hard/libc_nano.a(lib_a-ctype_.o)
                0x0000000000030fed                _ctype_
 *fill*         0x00000000000310ee        0x2 
 .rodata._global_impure_ptr
                0x00000000000310f0        0x4 /usr/local/Cellar/arm-none-eabi-gcc/10.3-2021.07/gcc/bin/../lib/gcc/arm-none-eabi/10.3.1/../../../../arm-none-eabi/lib/thumb/v7e-m+fp/hard/libc_nano.a(lib_a-impure.o)
                0x00000000000310f0                _global_impure_ptr
 .rodata.__sf_fake_stderr
                0x00000000000310f4       0x20 /usr/local/Cellar/arm-none-eabi-gcc/10.3-2021.07/gcc/bin/../lib/gcc/arm-none-eabi/10.3.1/../../../../arm-none-eabi/lib/thumb/v7e-m+fp/hard/libc_nano.a(lib_a-findfp.o)
                0x00000000000310f4                __sf_fake_stderr
 .rodata.__sf_fake_stdin
                0x0000000000031114       0x20 /usr/local/Cellar/arm-none-eabi-gcc/10.3-2021.07/gcc/bin/../lib/gcc/arm-none-eabi/10.3.1/../../../../arm-none-eabi/lib/thumb/v7e-m+fp/hard/libc_nano.a(lib_a-findfp.o)
                0x0000000000031114                __sf_fake_stdin
 .rodata.__sf_fake_stdout
                0x0000000000031134       0x20 /usr/local/Cellar/arm-none-eabi-gcc/10.3-2021.07/gcc/bin/../lib/gcc/arm-none-eabi/10.3.1/../../../../arm-none-eabi/lib/thumb/v7e-m+fp/hard/libc_nano.a(lib_a-findfp.o)
                0x0000000000031134                __sf_fake_stdout
 .rodata._vfprintf_r.str1.1
                0x0000000000031154       0x11 /usr/local/Cellar/arm-none-eabi-gcc/10.3-2021.07/gcc/bin/../lib/gcc/arm-none-eabi/10.3.1/../../../../arm-none-eabi/lib/thumb/v7e-m+fp/hard/libc_nano.a(lib_a-nano-vfprintf.o)
 .rodata._printf_i.str1.1
                0x0000000000031165       0x22 /usr/local/Cellar/arm-none-eabi-gcc/10.3-2021.07/gcc/bin/../lib/gcc/arm-none-eabi/10.3.1/../../../../arm-none-eabi/lib/thumb/v7e-m+fp/hard/libc_nano.a(lib_a-nano-vfprintf_i.o)
 *(.eh_frame*)
 *fill*         0x0000000000031187        0x1 
 .eh_frame      0x0000000000031188        0x0 /usr/local/Cellar/arm-none-eabi-gcc/10.3-2021.07/gcc/bin/../lib/gcc/arm-none-eabi/10.3.1/thumb/v7e-m+fp/hard/crtbegin.o
 .eh_frame      0x0000000000031188        0x4 /usr/local/Cellar/arm-none-eabi-gcc/10.3-2021.07/gcc/bin/../lib/gcc/arm-none-eabi/10.3.1/thumb/v7e-m+fp/hard/crtend.o

.glue_7         0x000000000003118c        0x0
 .glue_7        0x000000000003118c        0x0 linker stubs

.glue_7t        0x000000000003118c        0x0
 .glue_7t       0x000000000003118c        0x0 linker stubs

.vfp11_veneer   0x000000000003118c        0x0
 .vfp11_veneer  0x000000000003118c        0x0 linker stubs

.v4_bx          0x000000000003118c        0x0
 .v4_bx         0x000000000003118c        0x0 linker stubs

.iplt           0x000000000003118c        0x0
 .iplt          0x000000000003118c        0x0 /usr/local/Cellar/arm-none-eabi-gcc/10.3-2021.07/gcc/bin/../lib/gcc/arm-none-eabi/10.3.1/thumb/v7e-m+fp/hard/crtbegin.o

.mem_section_dummy_rom

.sdh_soc_observers
                0x000000000003118c       0x10
                0x000000000003118c                PROVIDE (__start_sdh_soc_observers = .)
 *(SORT_BY_NAME(.sdh_soc_observers*))
 .sdh_soc_observers0
                0x000000000003118c        0x8 _build/nrf52840_xxaa/nrf_drv_clock.c.o
 .sdh_soc_observers1
                0x0000000000031194        0x8 _build/nrf52840_xxaa/ble_dfu_unbonded.c.o
                0x000000000003119c                PROVIDE (__stop_sdh_soc_observers = .)

.sdh_ble_observers
                0x000000000003119c       0x48
                0x000000000003119c                PROVIDE (__start_sdh_ble_observers = .)
 *(SORT_BY_NAME(.sdh_ble_observers*))
 .sdh_ble_observers0
                0x000000000003119c        0x8 _build/nrf52840_xxaa/ble_conn_state.c.o
 .sdh_ble_observers1
                0x00000000000311a4        0x8 _build/nrf52840_xxaa/bsp_btn_ble.c.o
 .sdh_ble_observers1
                0x00000000000311ac       0x10 _build/nrf52840_xxaa/main.c.o
 .sdh_ble_observers1
                0x00000000000311bc        0x8 _build/nrf52840_xxaa/ble_conn_params.c.o
 .sdh_ble_observers2
                0x00000000000311c4       0x10 _build/nrf52840_xxaa/main.c.o
 .sdh_ble_observers2
                0x00000000000311d4        0x8 _build/nrf52840_xxaa/ble_dfu.c.o
 .sdh_ble_observers3
                0x00000000000311dc        0x8 _build/nrf52840_xxaa/main.c.o
                0x00000000000311e4                PROVIDE (__stop_sdh_ble_observers = .)

.pwr_mgmt_data  0x00000000000311e4        0x4
                0x00000000000311e4                PROVIDE (__start_pwr_mgmt_data = .)
 *(SORT_BY_NAME(.pwr_mgmt_data*))
 .pwr_mgmt_data0
                0x00000000000311e4        0x4 _build/nrf52840_xxaa/main.c.o
                0x00000000000311e8                PROVIDE (__stop_pwr_mgmt_data = .)

.sdh_req_observers
                0x00000000000311e8        0x0
                0x00000000000311e8                PROVIDE (__start_sdh_req_observers = .)
 *(SORT_BY_NAME(.sdh_req_observers*))
                0x00000000000311e8                PROVIDE (__stop_sdh_req_observers = .)

.sdh_state_observers
                0x00000000000311e8       0x10
                0x00000000000311e8                PROVIDE (__start_sdh_state_observers = .)
 *(SORT_BY_NAME(.sdh_state_observers*))
 .sdh_state_observers0
                0x00000000000311e8        0x8 _build/nrf52840_xxaa/nrf_drv_clock.c.o
 .sdh_state_observers0
                0x00000000000311f0        0x8 _build/nrf52840_xxaa/main.c.o
                0x00000000000311f8                PROVIDE (__stop_sdh_state_observers = .)

.sdh_stack_observers
                0x00000000000311f8       0x10
                0x00000000000311f8                PROVIDE (__start_sdh_stack_observers = .)
 *(SORT_BY_NAME(.sdh_stack_observers*))
 .sdh_stack_observers0
                0x00000000000311f8        0x8 _build/nrf52840_xxaa/nrf_sdh_ble.c.o
 .sdh_stack_observers0
                0x0000000000031200        0x8 _build/nrf52840_xxaa/nrf_sdh_soc.c.o
                0x0000000000031208                PROVIDE (__stop_sdh_stack_observers = .)

.nrf_queue      0x0000000000031208        0x0
                [!provide]                        PROVIDE (__start_nrf_queue = .)
 *(.nrf_queue)
                [!provide]                        PROVIDE (__stop_nrf_queue = .)

.nrf_balloc     0x0000000000031208       0x14
                [!provide]                        PROVIDE (__start_nrf_balloc = .)
 *(.nrf_balloc)
 .nrf_balloc    0x0000000000031208       0x14 _build/nrf52840_xxaa/nrf_log_frontend.c.o
                0x0000000000031208                log_mempool
                [!provide]                        PROVIDE (__stop_nrf_balloc = .)

.cli_command    0x000000000003121c        0x0
                [!provide]                        PROVIDE (__start_cli_command = .)
 *(.cli_command)
                [!provide]                        PROVIDE (__stop_cli_command = .)

.crypto_data    0x000000000003121c        0x0
                [!provide]                        PROVIDE (__start_crypto_data = .)
 *(SORT_BY_NAME(.crypto_data*))
                [!provide]                        PROVIDE (__stop_crypto_data = .)

.log_const_data
                0x000000000003121c       0x80
                0x000000000003121c                PROVIDE (__start_log_const_data = .)
 *(SORT_BY_NAME(.log_const_data*))
 .log_const_data_CLOCK
                0x000000000003121c        0x8 _build/nrf52840_xxaa/nrfx_clock.c.o
                0x000000000003121c                m_nrf_log_CLOCK_logs_data_const
 .log_const_data_GPIOTE
                0x0000000000031224        0x8 _build/nrf52840_xxaa/nrfx_gpiote.c.o
                0x0000000000031224                m_nrf_log_GPIOTE_logs_data_const
 .log_const_data_PRS
                0x000000000003122c        0x8 _build/nrf52840_xxaa/nrfx_prs.c.o
                0x000000000003122c                m_nrf_log_PRS_logs_data_const
 .log_const_data_UART
                0x0000000000031234        0x8 _build/nrf52840_xxaa/nrfx_uart.c.o
                0x0000000000031234                m_nrf_log_UART_logs_data_const
 .log_const_data_UARTE
                0x000000000003123c        0x8 _build/nrf52840_xxaa/nrfx_uarte.c.o
                0x000000000003123c                m_nrf_log_UARTE_logs_data_const
 .log_const_data_app
                0x0000000000031244        0x8 _build/nrf52840_xxaa/nrf_log_frontend.c.o
                0x0000000000031244                m_nrf_log_app_logs_data_const
 .log_const_data_app_button
                0x000000000003124c        0x8 _build/nrf52840_xxaa/app_button.c.o
                0x000000000003124c                m_nrf_log_app_button_logs_data_const
 .log_const_data_app_timer
                0x0000000000031254        0x8 _build/nrf52840_xxaa/app_timer2.c.o
                0x0000000000031254                m_nrf_log_app_timer_logs_data_const
 .log_const_data_ble_nus
                0x000000000003125c        0x8 _build/nrf52840_xxaa/ble_nus.c.o
                0x000000000003125c                m_nrf_log_ble_nus_logs_data_const
 .log_const_data_clock
                0x0000000000031264        0x8 _build/nrf52840_xxaa/nrf_drv_clock.c.o
                0x0000000000031264                m_nrf_log_clock_logs_data_const
 .log_const_data_nrf_ble_gatt
                0x000000000003126c        0x8 _build/nrf52840_xxaa/nrf_ble_gatt.c.o
                0x000000000003126c                m_nrf_log_nrf_ble_gatt_logs_data_const
 .log_const_data_nrf_sdh
                0x0000000000031274        0x8 _build/nrf52840_xxaa/nrf_sdh.c.o
                0x0000000000031274                m_nrf_log_nrf_sdh_logs_data_const
 .log_const_data_nrf_sdh_ble
                0x000000000003127c        0x8 _build/nrf52840_xxaa/nrf_sdh_ble.c.o
                0x000000000003127c                m_nrf_log_nrf_sdh_ble_logs_data_const
 .log_const_data_nrf_sdh_soc
                0x0000000000031284        0x8 _build/nrf52840_xxaa/nrf_sdh_soc.c.o
                0x0000000000031284                m_nrf_log_nrf_sdh_soc_logs_data_const
 .log_const_data_pwr_mgmt
                0x000000000003128c        0x8 _build/nrf52840_xxaa/nrf_pwr_mgmt.c.o
                0x000000000003128c                m_nrf_log_pwr_mgmt_logs_data_const
 .log_const_data_sortlist
                0x0000000000031294        0x8 _build/nrf52840_xxaa/nrf_sortlist.c.o
                0x0000000000031294                m_nrf_log_sortlist_logs_data_const
                0x000000000003129c                PROVIDE (__stop_log_const_data = .)

.log_backends   0x000000000003129c       0x10
                [!provide]                        PROVIDE (__start_log_backends = .)
 *(SORT_BY_NAME(.log_backends*))
 .log_backends  0x000000000003129c       0x10 _build/nrf52840_xxaa/nrf_log_default_backends.c.o
                [!provide]                        PROVIDE (__stop_log_backends = .)

.ARM.extab
 *(.ARM.extab* .gnu.linkonce.armextab.*)
                0x00000000000312ac                __exidx_start = .

.ARM.exidx      0x00000000000312ac        0x8
 *(.ARM.exidx* .gnu.linkonce.armexidx.*)
 .ARM.exidx     0x00000000000312ac        0x8 /usr/local/Cellar/arm-none-eabi-gcc/10.3-2021.07/gcc/bin/../lib/gcc/arm-none-eabi/10.3.1/../../../../arm-none-eabi/lib/thumb/v7e-m+fp/hard/crt0.o
                                         0x10 (size before relaxing)
 .ARM.exidx     0x00000000000312b4        0x0 /usr/local/Cellar/arm-none-eabi-gcc/10.3-2021.07/gcc/bin/../lib/gcc/arm-none-eabi/10.3.1/thumb/v7e-m+fp/hard/libgcc.a(_udivmoddi4.o)
                                          0x8 (size before relaxing)
                0x00000000000312b4                __exidx_end = .

.rel.dyn        0x00000000000312b4        0x0
 .rel.iplt      0x00000000000312b4        0x0 /usr/local/Cellar/arm-none-eabi-gcc/10.3-2021.07/gcc/bin/../lib/gcc/arm-none-eabi/10.3.1/thumb/v7e-m+fp/hard/crtbegin.o
                0x00000000000312b4                . = ALIGN (0x4)
                0x00000000000312b4                __etext = .

.data           0x0000000020002af8      0x140 load address 0x00000000000312b4
                0x0000000020002af8                __data_start__ = .
 *(vtable)
 *(.data*)
 .data.log_backend_cb_rtt_log_backend
                0x0000000020002af8        0x8 _build/nrf52840_xxaa/nrf_log_default_backends.c.o
 .data.m_detection_delay_timer_id_data
                0x0000000020002b00       0x20 _build/nrf52840_xxaa/app_button.c.o
 .data.m_rtc_inst
                0x0000000020002b20        0x8 _build/nrf52840_xxaa/app_timer2.c.o
 .data.app_uart_inst
                0x0000000020002b28       0x14 _build/nrf52840_xxaa/app_uart_fifo.c.o
 .data.SystemCoreClock
                0x0000000020002b3c        0x4 _build/nrf52840_xxaa/system_nrf52840.c.o
                0x0000000020002b3c                SystemCoreClock
 .data.m_bsp_alert_tmr_data
                0x0000000020002b40       0x20 _build/nrf52840_xxaa/bsp.c.o
 .data.m_bsp_button_tmr_data
                0x0000000020002b60       0x20 _build/nrf52840_xxaa/bsp.c.o
 .data.m_bsp_leds_tmr_data
                0x0000000020002b80       0x20 _build/nrf52840_xxaa/bsp.c.o
 .data.m_adv_uuids
                0x0000000020002ba0        0x4 _build/nrf52840_xxaa/main.c.o
 .data.m_ble_nus_max_data_len
                0x0000000020002ba4        0x2 _build/nrf52840_xxaa/main.c.o
 .data.m_conn_handle
                0x0000000020002ba6        0x2 _build/nrf52840_xxaa/main.c.o
 .data.m_nus    0x0000000020002ba8       0x1c _build/nrf52840_xxaa/main.c.o
 .data.m_nus_link_ctx_storage
                0x0000000020002bc4        0x8 _build/nrf52840_xxaa/main.c.o
 .data._impure_ptr
                0x0000000020002bcc        0x4 /usr/local/Cellar/arm-none-eabi-gcc/10.3-2021.07/gcc/bin/../lib/gcc/arm-none-eabi/10.3.1/../../../../arm-none-eabi/lib/thumb/v7e-m+fp/hard/libc_nano.a(lib_a-impure.o)
                0x0000000020002bcc                _impure_ptr
 .data.impure_data
                0x0000000020002bd0       0x60 /usr/local/Cellar/arm-none-eabi-gcc/10.3-2021.07/gcc/bin/../lib/gcc/arm-none-eabi/10.3.1/../../../../arm-none-eabi/lib/thumb/v7e-m+fp/hard/libc_nano.a(lib_a-impure.o)
                0x0000000020002c30                . = ALIGN (0x4)
                0x0000000020002c30                PROVIDE (__preinit_array_start = .)
 *(.preinit_array)
                0x0000000020002c30                PROVIDE (__preinit_array_end = .)
                0x0000000020002c30                . = ALIGN (0x4)
                0x0000000020002c30                PROVIDE (__init_array_start = .)
 *(SORT_BY_NAME(.init_array.*))
 *(.init_array)
 .init_array    0x0000000020002c30        0x4 /usr/local/Cellar/arm-none-eabi-gcc/10.3-2021.07/gcc/bin/../lib/gcc/arm-none-eabi/10.3.1/thumb/v7e-m+fp/hard/crtbegin.o
                0x0000000020002c34                PROVIDE (__init_array_end = .)
                0x0000000020002c34                . = ALIGN (0x4)
                [!provide]                        PROVIDE (__fini_array_start = .)
 *(SORT_BY_NAME(.fini_array.*))
 *(.fini_array)
 .fini_array    0x0000000020002c34        0x4 /usr/local/Cellar/arm-none-eabi-gcc/10.3-2021.07/gcc/bin/../lib/gcc/arm-none-eabi/10.3.1/thumb/v7e-m+fp/hard/crtbegin.o
                [!provide]                        PROVIDE (__fini_array_end = .)
 *(.jcr*)
                0x0000000020002c38                . = ALIGN (0x4)
                0x0000000020002c38                __data_end__ = .
LOAD /usr/local/Cellar/arm-none-eabi-gcc/10.3-2021.07/gcc/bin/../lib/gcc/arm-none-eabi/10.3.1/thumb/v7e-m+fp/hard/crti.o
LOAD /usr/local/Cellar/arm-none-eabi-gcc/10.3-2021.07/gcc/bin/../lib/gcc/arm-none-eabi/10.3.1/thumb/v7e-m+fp/hard/crtbegin.o
LOAD /usr/local/Cellar/arm-none-eabi-gcc/10.3-2021.07/gcc/bin/../lib/gcc/arm-none-eabi/10.3.1/../../../../arm-none-eabi/lib/thumb/v7e-m+fp/hard/crt0.o
LOAD _build/nrf52840_xxaa/gcc_startup_nrf52840.S.o
LOAD _build/nrf52840_xxaa/nrf_log_backend_rtt.c.o
LOAD _build/nrf52840_xxaa/nrf_log_backend_serial.c.o
LOAD _build/nrf52840_xxaa/nrf_log_default_backends.c.o
LOAD _build/nrf52840_xxaa/nrf_log_frontend.c.o
LOAD _build/nrf52840_xxaa/nrf_log_str_formatter.c.o
LOAD _build/nrf52840_xxaa/app_button.c.o
LOAD _build/nrf52840_xxaa/app_error.c.o
LOAD _build/nrf52840_xxaa/app_error_handler_gcc.c.o
LOAD _build/nrf52840_xxaa/app_error_weak.c.o
LOAD _build/nrf52840_xxaa/app_fifo.c.o
LOAD _build/nrf52840_xxaa/app_scheduler.c.o
LOAD _build/nrf52840_xxaa/app_timer2.c.o
LOAD _build/nrf52840_xxaa/app_uart_fifo.c.o
LOAD _build/nrf52840_xxaa/app_util_platform.c.o
LOAD _build/nrf52840_xxaa/drv_rtc.c.o
LOAD _build/nrf52840_xxaa/hardfault_implementation.c.o
LOAD _build/nrf52840_xxaa/nrf_assert.c.o
LOAD _build/nrf52840_xxaa/nrf_atfifo.c.o
LOAD _build/nrf52840_xxaa/nrf_atflags.c.o
LOAD _build/nrf52840_xxaa/nrf_atomic.c.o
LOAD _build/nrf52840_xxaa/nrf_balloc.c.o
LOAD _build/nrf52840_xxaa/nrf_fprintf.c.o
LOAD _build/nrf52840_xxaa/nrf_fprintf_format.c.o
LOAD _build/nrf52840_xxaa/nrf_memobj.c.o
LOAD _build/nrf52840_xxaa/nrf_pwr_mgmt.c.o
LOAD _build/nrf52840_xxaa/nrf_ringbuf.c.o
LOAD _build/nrf52840_xxaa/nrf_section_iter.c.o
LOAD _build/nrf52840_xxaa/nrf_sortlist.c.o
LOAD _build/nrf52840_xxaa/nrf_strerror.c.o
LOAD _build/nrf52840_xxaa/retarget.c.o
LOAD _build/nrf52840_xxaa/system_nrf52840.c.o
LOAD _build/nrf52840_xxaa/boards.c.o
LOAD _build/nrf52840_xxaa/nrf_drv_clock.c.o
LOAD _build/nrf52840_xxaa/nrf_drv_uart.c.o
LOAD _build/nrf52840_xxaa/nrfx_atomic.c.o
LOAD _build/nrf52840_xxaa/nrfx_clock.c.o
LOAD _build/nrf52840_xxaa/nrfx_gpiote.c.o
LOAD _build/nrf52840_xxaa/nrfx_prs.c.o
LOAD _build/nrf52840_xxaa/nrfx_uart.c.o
LOAD _build/nrf52840_xxaa/nrfx_uarte.c.o
LOAD _build/nrf52840_xxaa/bsp.c.o
LOAD _build/nrf52840_xxaa/bsp_btn_ble.c.o
LOAD _build/nrf52840_xxaa/main.c.o
LOAD _build/nrf52840_xxaa/SEGGER_RTT.c.o
LOAD _build/nrf52840_xxaa/SEGGER_RTT_Syscalls_GCC.c.o
LOAD _build/nrf52840_xxaa/SEGGER_RTT_printf.c.o
LOAD _build/nrf52840_xxaa/ble_advdata.c.o
LOAD _build/nrf52840_xxaa/ble_advertising.c.o
LOAD _build/nrf52840_xxaa/ble_conn_params.c.o
LOAD _build/nrf52840_xxaa/ble_conn_state.c.o
LOAD _build/nrf52840_xxaa/ble_link_ctx_manager.c.o
LOAD _build/nrf52840_xxaa/ble_srv_common.c.o
LOAD _build/nrf52840_xxaa/nrf_ble_gatt.c.o
LOAD _build/nrf52840_xxaa/nrf_ble_qwr.c.o
LOAD _build/nrf52840_xxaa/utf.c.o
LOAD _build/nrf52840_xxaa/ble_nus.c.o
LOAD _build/nrf52840_xxaa/nrf_sdh.c.o
LOAD _build/nrf52840_xxaa/nrf_sdh_ble.c.o
LOAD _build/nrf52840_xxaa/nrf_sdh_soc.c.o
LOAD _build/nrf52840_xxaa/ble_dfu.c.o
LOAD _build/nrf52840_xxaa/ble_dfu_bonded.c.o
LOAD _build/nrf52840_xxaa/ble_dfu_unbonded.c.o
LOAD _build/nrf52840_xxaa/nrf_dfu_svci.c.o
LOAD /usr/local/Cellar/arm-none-eabi-gcc/10.3-2021.07/gcc/bin/../lib/gcc/arm-none-eabi/10.3.1/../../../../arm-none-eabi/lib/thumb/v7e-m+fp/hard/libc_nano.a
LOAD /usr/local/Cellar/arm-none-eabi-gcc/10.3-2021.07/gcc/bin/../lib/gcc/arm-none-eabi/10.3.1/../../../../arm-none-eabi/lib/thumb/v7e-m+fp/hard/libnosys.a
LOAD /usr/local/Cellar/arm-none-eabi-gcc/10.3-2021.07/gcc/bin/../lib/gcc/arm-none-eabi/10.3.1/../../../../arm-none-eabi/lib/thumb/v7e-m+fp/hard/libm.a
START GROUP
LOAD /usr/local/Cellar/arm-none-eabi-gcc/10.3-2021.07/gcc/bin/../lib/gcc/arm-none-eabi/10.3.1/thumb/v7e-m+fp/hard/libgcc.a
LOAD /usr/local/Cellar/arm-none-eabi-gcc/10.3-2021.07/gcc/bin/../lib/gcc/arm-none-eabi/10.3.1/../../../../arm-none-eabi/lib/thumb/v7e-m+fp/hard/libg_nano.a
LOAD /usr/local/Cellar/arm-none-eabi-gcc/10.3-2021.07/gcc/bin/../lib/gcc/arm-none-eabi/10.3.1/../../../../arm-none-eabi/lib/thumb/v7e-m+fp/hard/libc_nano.a
END GROUP
START GROUP
LOAD /usr/local/Cellar/arm-none-eabi-gcc/10.3-2021.07/gcc/bin/../lib/gcc/arm-none-eabi/10.3.1/thumb/v7e-m+fp/hard/libgcc.a
LOAD /usr/local/Cellar/arm-none-eabi-gcc/10.3-2021.07/gcc/bin/../lib/gcc/arm-none-eabi/10.3.1/../../../../arm-none-eabi/lib/thumb/v7e-m+fp/hard/libc_nano.a
END GROUP
LOAD /usr/local/Cellar/arm-none-eabi-gcc/10.3-2021.07/gcc/bin/../lib/gcc/arm-none-eabi/10.3.1/thumb/v7e-m+fp/hard/crtend.o
LOAD /usr/local/Cellar/arm-none-eabi-gcc/10.3-2021.07/gcc/bin/../lib/gcc/arm-none-eabi/10.3.1/thumb/v7e-m+fp/hard/crtn.o
START GROUP
LOAD /usr/local/Cellar/arm-none-eabi-gcc/10.3-2021.07/gcc/bin/../lib/gcc/arm-none-eabi/10.3.1/thumb/v7e-m+fp/hard/libgcc.a
LOAD /usr/local/Cellar/arm-none-eabi-gcc/10.3-2021.07/gcc/bin/../lib/gcc/arm-none-eabi/10.3.1/../../../../arm-none-eabi/lib/thumb/v7e-m+fp/hard/libc.a
LOAD /usr/local/Cellar/arm-none-eabi-gcc/10.3-2021.07/gcc/bin/../lib/gcc/arm-none-eabi/10.3.1/../../../../arm-none-eabi/lib/thumb/v7e-m+fp/hard/libnosys.a
END GROUP

.igot.plt       0x0000000020002c38        0x0 load address 0x00000000000313f4
 .igot.plt      0x0000000020002c38        0x0 /usr/local/Cellar/arm-none-eabi-gcc/10.3-2021.07/gcc/bin/../lib/gcc/arm-none-eabi/10.3.1/thumb/v7e-m+fp/hard/crtbegin.o
                0x0000000020002c38                . = ALIGN (0x4)

.mem_section_dummy_ram

.cli_sorted_cmd_ptrs
                0x0000000020002c38        0x0
                [!provide]                        PROVIDE (__start_cli_sorted_cmd_ptrs = .)
 *(.cli_sorted_cmd_ptrs)
                [!provide]                        PROVIDE (__stop_cli_sorted_cmd_ptrs = .)

.fs_data        0x0000000020002c38        0x0
                [!provide]                        PROVIDE (__start_fs_data = .)
 *(.fs_data)
                [!provide]                        PROVIDE (__stop_fs_data = .)

.log_dynamic_data
                0x0000000020002c38        0x0
                0x0000000020002c38                PROVIDE (__start_log_dynamic_data = .)
 *(SORT_BY_NAME(.log_dynamic_data*))
                [!provide]                        PROVIDE (__stop_log_dynamic_data = .)

.log_filter_data
                0x0000000020002c38        0x0
                [!provide]                        PROVIDE (__start_log_filter_data = .)
 *(SORT_BY_NAME(.log_filter_data*))
                [!provide]                        PROVIDE (__stop_log_filter_data = .)

.bss            0x0000000020002c38     0x1334 load address 0x00000000000313f8
                0x0000000020002c38                . = ALIGN (0x4)
                0x0000000020002c38                __bss_start__ = .
 *(.bss*)
 .bss           0x0000000020002c38       0x1c /usr/local/Cellar/arm-none-eabi-gcc/10.3-2021.07/gcc/bin/../lib/gcc/arm-none-eabi/10.3.1/thumb/v7e-m+fp/hard/crtbegin.o
 .bss.m_host_present
                0x0000000020002c54        0x1 _build/nrf52840_xxaa/nrf_log_backend_rtt.c.o
 *fill*         0x0000000020002c55        0x3 
 .bss.m_string_buff